Mar 31 00:00:00 fedora kernel: Booting Linux on physical CPU 0x0000000000 [0x611f0221]
Mar 31 00:00:00 fedora kernel: Linux version 6.2.14-450.asahi.fc37.aarch64 (mockbuild@e0ea64cef8e744108f17355bfca22492) (gcc (GCC) 12.2.1 20221121 (Red Hat 12.2.1-4), GNU ld version 2.38-26.fc37) #1 SMP PREEMPT_DYNAMIC Mon May  8 00:22:40 UTC 2023
Mar 31 00:00:00 fedora kernel: random: crng init done
Mar 31 00:00:00 fedora kernel: Machine model: Apple Mac mini (M1, 2020)
Mar 31 00:00:00 fedora kernel: efi: EFI v2.100 by Das U-Boot
Mar 31 00:00:00 fedora kernel: efi: RTPROP=0x9db8e1040 MOKvar=0x9db7ad000 MEMRESERVE=0x9db788040 
Mar 31 00:00:00 fedora kernel: NUMA: No NUMA configuration found
Mar 31 00:00:00 fedora kernel: NUMA: Faking a node at [mem 0x00000008010fc000-0x00000009fffbbfff]
Mar 31 00:00:00 fedora kernel: NUMA: NODE_DATA [mem 0x9e0565000-0x9e057bfff]
Mar 31 00:00:00 fedora kernel: Zone ranges:
Mar 31 00:00:00 fedora kernel:   DMA      [mem 0x00000008010fc000-0x00000009fffbbfff]
Mar 31 00:00:00 fedora kernel:   DMA32    empty
Mar 31 00:00:00 fedora kernel:   Normal   empty
Mar 31 00:00:00 fedora kernel:   Device   empty
Mar 31 00:00:00 fedora kernel: Movable zone start for each node
Mar 31 00:00:00 fedora kernel: Early memory node ranges
Mar 31 00:00:00 fedora kernel:   node   0: [mem 0x00000008010fc000-0x00000008037c3fff]
Mar 31 00:00:00 fedora kernel:   node   0: [mem 0x00000008037c4000-0x0000000803897fff]
Mar 31 00:00:00 fedora kernel:   node   0: [mem 0x0000000803898000-0x0000000804f93fff]
Mar 31 00:00:00 fedora kernel:   node   0: [mem 0x0000000804f94000-0x0000000804fb3fff]
Mar 31 00:00:00 fedora kernel:   node   0: [mem 0x0000000804fb4000-0x00000009db7abfff]
Mar 31 00:00:00 fedora kernel:   node   0: [mem 0x00000009db7ac000-0x00000009db7affff]
Mar 31 00:00:00 fedora kernel:   node   0: [mem 0x00000009db7b0000-0x00000009db7f3fff]
Mar 31 00:00:00 fedora kernel:   node   0: [mem 0x00000009db7f4000-0x00000009db7f7fff]
Mar 31 00:00:00 fedora kernel:   node   0: [mem 0x00000009db7f8000-0x00000009db8dffff]
Mar 31 00:00:00 fedora kernel:   node   0: [mem 0x00000009db8e0000-0x00000009db8ebfff]
Mar 31 00:00:00 fedora kernel:   node   0: [mem 0x00000009db8ec000-0x00000009e092ffff]
Mar 31 00:00:00 fedora kernel:   node   0: [mem 0x00000009e0930000-0x00000009e093ffff]
Mar 31 00:00:00 fedora kernel:   node   0: [mem 0x00000009e0940000-0x00000009e0a03fff]
Mar 31 00:00:00 fedora kernel:   node   0: [mem 0x00000009e3a14000-0x00000009e62d7fff]
Mar 31 00:00:00 fedora kernel:   node   0: [mem 0x00000009fff74000-0x00000009fffbbfff]
Mar 31 00:00:00 fedora kernel: Initmem setup node 0 [mem 0x00000008010fc000-0x00000009fffbbfff]
Mar 31 00:00:00 fedora kernel: On node 0, zone DMA: 1087 pages in unavailable ranges
Mar 31 00:00:00 fedora kernel: On node 0, zone DMA: 3076 pages in unavailable ranges
Mar 31 00:00:00 fedora kernel: On node 0, zone DMA: 10023 pages in unavailable ranges
Mar 31 00:00:00 fedora kernel: On node 0, zone DMA: 17 pages in unavailable ranges
Mar 31 00:00:00 fedora kernel: cma: Reserved 64 MiB at 0x000000080a000000
Mar 31 00:00:00 fedora kernel: percpu: Embedded 14 pages/cpu s188712 r8192 d32472 u229376
Mar 31 00:00:00 fedora kernel: pcpu-alloc: s188712 r8192 d32472 u229376 alloc=14*16384
Mar 31 00:00:00 fedora kernel: pcpu-alloc: [0] 0 [0] 1 [0] 2 [0] 3 [0] 4 [0] 5 [0] 6 [0] 7 
Mar 31 00:00:00 fedora kernel: Detected VIPT I-cache on CPU0
Mar 31 00:00:00 fedora kernel: CPU features: detected: Address authentication (IMP DEF algorithm)
Mar 31 00:00:00 fedora kernel: CPU features: detected: Virtualization Host Extensions
Mar 31 00:00:00 fedora kernel: CPU features: detected: Spectre-v4
Mar 31 00:00:00 fedora kernel: alternatives: applying boot alternatives
Mar 31 00:00:00 fedora kernel: Fallback order for Node 0: 0 
Mar 31 00:00:00 fedora kernel: Built 1 zonelists, mobility grouping on.  Total pages: 491657
Mar 31 00:00:00 fedora kernel: Policy zone: DMA
Mar 31 00:00:00 fedora kernel: Kernel command line: BOOT_IMAGE=(hd0,gpt5)/vmlinuz-6.2.14-450.asahi.fc37.aarch64 root=UUID=43d8945d-57c3-402d-a616-5ae99dc9b30a ro rootflags=subvol=@ scsi_mod.use_blk_mq=1 multipath=off rhgb quiet
Mar 31 00:00:00 fedora kernel: Unknown kernel command line parameters "rhgb BOOT_IMAGE=(hd0,gpt5)/vmlinuz-6.2.14-450.asahi.fc37.aarch64 multipath=off", will be passed to user space.
Mar 31 00:00:00 fedora kernel: Dentry cache hash table entries: 1048576 (order: 9, 8388608 bytes, linear)
Mar 31 00:00:00 fedora kernel: Inode-cache hash table entries: 524288 (order: 8, 4194304 bytes, linear)
Mar 31 00:00:00 fedora kernel: mem auto-init: stack:all(zero), heap alloc:off, heap free:off
Mar 31 00:00:00 fedora kernel: Memory: 7578352K/7899216K available (17600K kernel code, 4280K rwdata, 15568K rodata, 9792K init, 10832K bss, 255328K reserved, 65536K cma-reserved)
Mar 31 00:00:00 fedora kernel: SLUB: HWalign=64, Order=0-3, MinObjects=0, CPUs=8, Nodes=1
Mar 31 00:00:00 fedora kernel: ftrace: allocating 58428 entries in 58 pages
Mar 31 00:00:00 fedora kernel: ftrace: allocated 58 pages with 4 groups
Mar 31 00:00:00 fedora kernel: trace event string verifier disabled
Mar 31 00:00:00 fedora kernel: Dynamic Preempt: voluntary
Mar 31 00:00:00 fedora kernel: rcu: Preemptible hierarchical RCU implementation.
Mar 31 00:00:00 fedora kernel: rcu:         RCU restricting CPUs from NR_CPUS=4096 to nr_cpu_ids=8.
Mar 31 00:00:00 fedora kernel:         Trampoline variant of Tasks RCU enabled.
Mar 31 00:00:00 fedora kernel:         Rude variant of Tasks RCU enabled.
Mar 31 00:00:00 fedora kernel:         Tracing variant of Tasks RCU enabled.
Mar 31 00:00:00 fedora kernel: rcu: RCU calculated value of scheduler-enlistment delay is 10 jiffies.
Mar 31 00:00:00 fedora kernel: rcu: Adjusting geometry for rcu_fanout_leaf=16, nr_cpu_ids=8
Mar 31 00:00:00 fedora kernel: NR_IRQS: 64, nr_irqs: 64, preallocated irqs: 0
Mar 31 00:00:00 fedora kernel: Root IRQ handler: aic_handle_irq
Mar 31 00:00:00 fedora kernel: Root FIQ handler: aic_handle_fiq
Mar 31 00:00:00 fedora kernel: irq_apple_aic: Using Fast IPIs
Mar 31 00:00:00 fedora kernel: irq_apple_aic: Initialized with 896/1024 IRQs * 1/1 die(s), 6 FIQs, 32 vIPIs
Mar 31 00:00:00 fedora kernel: rcu: srcu_init: Setting srcu_struct sizes based on contention.
Mar 31 00:00:00 fedora kernel: arch_timer: cp15 timer(s) running at 24.00MHz (phys).
Mar 31 00:00:00 fedora kernel: clocksource: arch_sys_counter: mask: 0xffffffffffffff max_cycles: 0x588fe9dc0, max_idle_ns: 440795202592 ns
Mar 31 00:00:00 fedora kernel: sched_clock: 56 bits at 24MHz, resolution 41ns, wraps every 4398046511097ns
Mar 31 00:00:00 fedora kernel: kfence: initialized - using 8388608 bytes for 255 objects at 0x(____ptrval____)-0x(____ptrval____)
Mar 31 00:00:00 fedora kernel: Console: colour dummy device 80x25
Mar 31 00:00:00 fedora kernel: printk: console [tty0] enabled
Mar 31 00:00:00 fedora kernel: Calibrating delay loop (skipped), value calculated using timer frequency.. 48.00 BogoMIPS (lpj=240000)
Mar 31 00:00:00 fedora kernel: pid_max: default: 32768 minimum: 301
Mar 31 00:00:00 fedora kernel: LSM: initializing lsm=lockdown,capability,yama,integrity,selinux,bpf,landlock
Mar 31 00:00:00 fedora kernel: Yama: becoming mindful.
Mar 31 00:00:00 fedora kernel: SELinux:  Initializing.
Mar 31 00:00:00 fedora kernel: LSM support for eBPF active
Mar 31 00:00:00 fedora kernel: landlock: Up and running.
Mar 31 00:00:00 fedora kernel: Mount-cache hash table entries: 16384 (order: 3, 131072 bytes, linear)
Mar 31 00:00:00 fedora kernel: Mountpoint-cache hash table entries: 16384 (order: 3, 131072 bytes, linear)
Mar 31 00:00:00 fedora kernel: cblist_init_generic: Setting adjustable number of callback queues.
Mar 31 00:00:00 fedora kernel: cblist_init_generic: Setting shift to 3 and lim to 1.
Mar 31 00:00:00 fedora kernel: cblist_init_generic: Setting shift to 3 and lim to 1.
Mar 31 00:00:00 fedora kernel: cblist_init_generic: Setting shift to 3 and lim to 1.
Mar 31 00:00:00 fedora kernel: rcu: Hierarchical SRCU implementation.
Mar 31 00:00:00 fedora kernel: rcu:         Max phase no-delay instances is 1000.
Mar 31 00:00:00 fedora kernel: Remapping and enabling EFI services.
Mar 31 00:00:00 fedora kernel: smp: Bringing up secondary CPUs ...
Mar 31 00:00:00 fedora kernel: Detected VIPT I-cache on CPU1
Mar 31 00:00:00 fedora kernel: CPU1: Booted secondary processor 0x0000000001 [0x611f0221]
Mar 31 00:00:00 fedora kernel: Detected VIPT I-cache on CPU2
Mar 31 00:00:00 fedora kernel: CPU2: Booted secondary processor 0x0000000002 [0x611f0221]
Mar 31 00:00:00 fedora kernel: Detected VIPT I-cache on CPU3
Mar 31 00:00:00 fedora kernel: CPU3: Booted secondary processor 0x0000000003 [0x611f0221]
Mar 31 00:00:00 fedora kernel: Detected VIPT I-cache on CPU4
Mar 31 00:00:00 fedora kernel: CPU4: Booted secondary processor 0x0000010100 [0x611f0231]
Mar 31 00:00:00 fedora kernel: Detected VIPT I-cache on CPU5
Mar 31 00:00:00 fedora kernel: CPU5: Booted secondary processor 0x0000010101 [0x611f0231]
Mar 31 00:00:00 fedora kernel: Detected VIPT I-cache on CPU6
Mar 31 00:00:00 fedora kernel: CPU6: Booted secondary processor 0x0000010102 [0x611f0231]
Mar 31 00:00:00 fedora kernel: Detected VIPT I-cache on CPU7
Mar 31 00:00:00 fedora kernel: CPU7: Booted secondary processor 0x0000010103 [0x611f0231]
Mar 31 00:00:00 fedora kernel: smp: Brought up 1 node, 8 CPUs
Mar 31 00:00:00 fedora kernel: SMP: Total of 8 processors activated.
Mar 31 00:00:00 fedora kernel: CPU features: detected: ARMv8.4 Translation Table Level
Mar 31 00:00:00 fedora kernel: CPU features: detected: Data cache clean to the PoU not required for I/D coherence
Mar 31 00:00:00 fedora kernel: CPU features: detected: Common not Private translations
Mar 31 00:00:00 fedora kernel: CPU features: detected: CRC32 instructions
Mar 31 00:00:00 fedora kernel: CPU features: detected: Data cache clean to Point of Deep Persistence
Mar 31 00:00:00 fedora kernel: CPU features: detected: Data cache clean to Point of Persistence
Mar 31 00:00:00 fedora kernel: CPU features: detected: Data independent timing control (DIT)
Mar 31 00:00:00 fedora kernel: CPU features: detected: E0PD
Mar 31 00:00:00 fedora kernel: CPU features: detected: Generic authentication (IMP DEF algorithm)
Mar 31 00:00:00 fedora kernel: CPU features: detected: RCpc load-acquire (LDAPR)
Mar 31 00:00:00 fedora kernel: CPU features: detected: LSE atomic instructions
Mar 31 00:00:00 fedora kernel: CPU features: detected: Privileged Access Never
Mar 31 00:00:00 fedora kernel: CPU features: detected: RAS Extension Support
Mar 31 00:00:00 fedora kernel: CPU features: detected: Speculation barrier (SB)
Mar 31 00:00:00 fedora kernel: CPU features: detected: Stage-2 Force Write-Back
Mar 31 00:00:00 fedora kernel: CPU features: detected: TLB range maintenance instructions
Mar 31 00:00:00 fedora kernel: CPU features: detected: Speculative Store Bypassing Safe (SSBS)
Mar 31 00:00:00 fedora kernel: CPU: All CPU(s) started at EL2
Mar 31 00:00:00 fedora kernel: alternatives: applying system-wide alternatives
Mar 31 00:00:00 fedora kernel: devtmpfs: initialized
Mar 31 00:00:00 fedora kernel: clocksource: jiffies: mask: 0xffffffff max_cycles: 0xffffffff, max_idle_ns: 19112604462750000 ns
Mar 31 00:00:00 fedora kernel: futex hash table entries: 2048 (order: 3, 131072 bytes, linear)
Mar 31 00:00:00 fedora kernel: pinctrl core: initialized pinctrl subsystem
Mar 31 00:00:00 fedora kernel: DMI not present or invalid.
Mar 31 00:00:00 fedora kernel: NET: Registered PF_NETLINK/PF_ROUTE protocol family
Mar 31 00:00:00 fedora kernel: DMA: preallocated 1024 KiB GFP_KERNEL pool for atomic allocations
Mar 31 00:00:00 fedora kernel: DMA: preallocated 1024 KiB GFP_KERNEL|GFP_DMA pool for atomic allocations
Mar 31 00:00:00 fedora kernel: DMA: preallocated 1024 KiB GFP_KERNEL|GFP_DMA32 pool for atomic allocations
Mar 31 00:00:00 fedora kernel: audit: initializing netlink subsys (disabled)
Mar 31 00:00:00 fedora kernel: audit: type=2000 audit(0.000:1): state=initialized audit_enabled=0 res=1
Mar 31 00:00:00 fedora kernel: thermal_sys: Registered thermal governor 'fair_share'
Mar 31 00:00:00 fedora kernel: thermal_sys: Registered thermal governor 'step_wise'
Mar 31 00:00:00 fedora kernel: thermal_sys: Registered thermal governor 'user_space'
Mar 31 00:00:00 fedora kernel: cpuidle: using governor menu
Mar 31 00:00:00 fedora kernel: hw-breakpoint: found 6 breakpoint and 4 watchpoint registers.
Mar 31 00:00:00 fedora kernel: ASID allocator initialised with 256 entries
Mar 31 00:00:00 fedora kernel: Serial: AMBA PL011 UART driver
Mar 31 00:00:00 fedora kernel: platform 382280000.usb: Fixed dependency cycle(s) with /soc/i2c@235010000/usb-pd@38/connector
Mar 31 00:00:00 fedora kernel: platform 382280000.usb: Fixed dependency cycle(s) with /soc/phy@383000000
Mar 31 00:00:00 fedora kernel: platform 502280000.usb: Fixed dependency cycle(s) with /soc/i2c@235010000/usb-pd@3f/connector
Mar 31 00:00:00 fedora kernel: platform 502280000.usb: Fixed dependency cycle(s) with /soc/phy@503000000
Mar 31 00:00:00 fedora kernel: KASLR enabled
Mar 31 00:00:00 fedora kernel: HugeTLB: registered 1.00 GiB page size, pre-allocated 0 pages
Mar 31 00:00:00 fedora kernel: HugeTLB: 0 KiB vmemmap can be freed for a 1.00 GiB page
Mar 31 00:00:00 fedora kernel: HugeTLB: registered 32.0 MiB page size, pre-allocated 0 pages
Mar 31 00:00:00 fedora kernel: HugeTLB: 0 KiB vmemmap can be freed for a 32.0 MiB page
Mar 31 00:00:00 fedora kernel: HugeTLB: registered 2.00 MiB page size, pre-allocated 0 pages
Mar 31 00:00:00 fedora kernel: HugeTLB: 0 KiB vmemmap can be freed for a 2.00 MiB page
Mar 31 00:00:00 fedora kernel: cryptd: max_cpu_qlen set to 1000
Mar 31 00:00:00 fedora kernel: raid6: skipped pq benchmark and selected neonx8
Mar 31 00:00:00 fedora kernel: raid6: using neon recovery algorithm
Mar 31 00:00:00 fedora kernel: ACPI: Interpreter disabled.
Mar 31 00:00:00 fedora kernel: iommu: Default domain type: Translated 
Mar 31 00:00:00 fedora kernel: iommu: DMA domain TLB invalidation policy: lazy mode 
Mar 31 00:00:00 fedora kernel: SCSI subsystem initialized
Mar 31 00:00:00 fedora kernel: libata version 3.00 loaded.
Mar 31 00:00:00 fedora kernel: usbcore: registered new interface driver usbfs
Mar 31 00:00:00 fedora kernel: usbcore: registered new interface driver hub
Mar 31 00:00:00 fedora kernel: usbcore: registered new device driver usb
Mar 31 00:00:00 fedora kernel: pps_core: LinuxPPS API ver. 1 registered
Mar 31 00:00:00 fedora kernel: pps_core: Software ver. 5.3.6 - Copyright 2005-2007 Rodolfo Giometti <giometti@linux.it>
Mar 31 00:00:00 fedora kernel: PTP clock support registered
Mar 31 00:00:00 fedora kernel: EDAC MC: Ver: 3.0.0
Mar 31 00:00:00 fedora kernel: Registered efivars operations
Mar 31 00:00:00 fedora kernel: NetLabel: Initializing
Mar 31 00:00:00 fedora kernel: NetLabel:  domain hash size = 128
Mar 31 00:00:00 fedora kernel: NetLabel:  protocols = UNLABELED CIPSOv4 CALIPSO
Mar 31 00:00:00 fedora kernel: NetLabel:  unlabeled traffic allowed by default
Mar 31 00:00:00 fedora kernel: mctp: management component transport protocol core
Mar 31 00:00:00 fedora kernel: NET: Registered PF_MCTP protocol family
Mar 31 00:00:00 fedora kernel: vgaarb: loaded
Mar 31 00:00:00 fedora kernel: clocksource: Switched to clocksource arch_sys_counter
Mar 31 00:00:00 fedora kernel: VFS: Disk quotas dquot_6.6.0
Mar 31 00:00:00 fedora kernel: VFS: Dquot-cache hash table entries: 2048 (order 0, 16384 bytes)
Mar 31 00:00:00 fedora kernel: pnp: PnP ACPI: disabled
Mar 31 00:00:00 fedora kernel: NET: Registered PF_INET protocol family
Mar 31 00:00:00 fedora kernel: IP idents hash table entries: 131072 (order: 6, 1048576 bytes, linear)
Mar 31 00:00:00 fedora kernel: tcp_listen_portaddr_hash hash table entries: 4096 (order: 2, 65536 bytes, linear)
Mar 31 00:00:00 fedora kernel: Table-perturb hash table entries: 65536 (order: 4, 262144 bytes, linear)
Mar 31 00:00:00 fedora kernel: TCP established hash table entries: 65536 (order: 5, 524288 bytes, linear)
Mar 31 00:00:00 fedora kernel: TCP bind hash table entries: 65536 (order: 7, 2097152 bytes, linear)
Mar 31 00:00:00 fedora kernel: TCP: Hash tables configured (established 65536 bind 65536)
Mar 31 00:00:00 fedora kernel: MPTCP token hash table entries: 8192 (order: 3, 196608 bytes, linear)
Mar 31 00:00:00 fedora kernel: UDP hash table entries: 4096 (order: 3, 131072 bytes, linear)
Mar 31 00:00:00 fedora kernel: UDP-Lite hash table entries: 4096 (order: 3, 131072 bytes, linear)
Mar 31 00:00:00 fedora kernel: NET: Registered PF_UNIX/PF_LOCAL protocol family
Mar 31 00:00:00 fedora kernel: NET: Registered PF_XDP protocol family
Mar 31 00:00:00 fedora kernel: PCI: CLS 0 bytes, default 64
Mar 31 00:00:00 fedora kernel: Trying to unpack rootfs image as initramfs...
Mar 31 00:00:00 fedora kernel: kvm [1]: IPA Size Limit: 36 bits (Reduced IPA size, limited VM/VMM compatibility)
Mar 31 00:00:00 fedora kernel: kvm [1]: Non-architectural vgic, tainting kernel
Mar 31 00:00:00 fedora kernel: kvm [1]: GICv3: no GICV resource entry
Mar 31 00:00:00 fedora kernel: kvm [1]: disabling GICv2 emulation
Mar 31 00:00:00 fedora kernel: kvm [1]: GICv3 with broken locally generated SEI
Mar 31 00:00:00 fedora kernel: kvm [1]: GICv3 sysreg trapping enabled ([G0G1D], reduced performance)
Mar 31 00:00:00 fedora kernel: kvm [1]: GIC system register CPU interface enabled
Mar 31 00:00:00 fedora kernel: kvm [1]: VHE mode initialized successfully
Mar 31 00:00:00 fedora kernel: Initialise system trusted keyrings
Mar 31 00:00:00 fedora kernel: Key type blacklist registered
Mar 31 00:00:00 fedora kernel: workingset: timestamp_bits=37 max_order=19 bucket_order=0
Mar 31 00:00:00 fedora kernel: zbud: loaded
Mar 31 00:00:00 fedora kernel: integrity: Platform Keyring initialized
Mar 31 00:00:00 fedora kernel: integrity: Machine keyring initialized
Mar 31 00:00:00 fedora kernel: NET: Registered PF_ALG protocol family
Mar 31 00:00:00 fedora kernel: xor: measuring software checksum speed
Mar 31 00:00:00 fedora kernel:    8regs           : 13166 MB/sec
Mar 31 00:00:00 fedora kernel:    32regs          : 26514 MB/sec
Mar 31 00:00:00 fedora kernel:    arm64_neon      : 27623 MB/sec
Mar 31 00:00:00 fedora kernel: xor: using function: arm64_neon (27623 MB/sec)
Mar 31 00:00:00 fedora kernel: Key type asymmetric registered
Mar 31 00:00:00 fedora kernel: Asymmetric key parser 'x509' registered
Mar 31 00:00:00 fedora kernel: Freeing initrd memory: 94752K
Mar 31 00:00:00 fedora kernel: Block layer SCSI generic (bsg) driver version 0.4 loaded (major 244)
Mar 31 00:00:00 fedora kernel: io scheduler mq-deadline registered
Mar 31 00:00:00 fedora kernel: io scheduler kyber registered
Mar 31 00:00:00 fedora kernel: io scheduler bfq registered
Mar 31 00:00:00 fedora kernel: atomic64_test: passed
Mar 31 00:00:00 fedora kernel: apple-pmgr-pwrstate 23d280000.power-management:power-controller@78: always-on domain msg is not on at boot
Mar 31 00:00:00 fedora kernel: Serial: 8250/16550 driver, 32 ports, IRQ sharing enabled
Mar 31 00:00:00 fedora kernel: 235200000.serial: ttySAC0 at MMIO 0x235200000 (irq = 43, base_baud = 0) is a APPLE S5L
Mar 31 00:00:00 fedora kernel: 235208000.serial: ttySAC2 at MMIO 0x235208000 (irq = 44, base_baud = 0) is a APPLE S5L
Mar 31 00:00:00 fedora kernel: msm_serial: driver initialized
Mar 31 00:00:00 fedora kernel: usbcore: registered new interface driver usbserial_generic
Mar 31 00:00:00 fedora kernel: usbserial: USB Serial support registered for generic
Mar 31 00:00:00 fedora kernel: mousedev: PS/2 mouse device common for all mice
Mar 31 00:00:00 fedora kernel: device-mapper: core: CONFIG_IMA_DISABLE_HTABLE is disabled. Duplicate IMA measurements will not be recorded in the IMA log.
Mar 31 00:00:00 fedora kernel: device-mapper: uevent: version 1.0.3
Mar 31 00:00:00 fedora kernel: device-mapper: ioctl: 4.47.0-ioctl (2022-07-28) initialised: dm-devel@redhat.com
Mar 31 00:00:00 fedora kernel: ghes_edac: GHES probing device list is empty
Mar 31 00:00:00 fedora kernel: ledtrig-cpu: registered to indicate activity on CPUs
Mar 31 00:00:00 fedora kernel: [drm] Initialized simpledrm 1.0.0 20200625 for simple-framebuffer.0 on minor 0
Mar 31 00:00:00 fedora kernel: fbcon: Deferring console take-over
Mar 31 00:00:00 fedora kernel: simple-framebuffer simple-framebuffer.0: [drm] fb0: simpledrmdrmfb frame buffer device
Mar 31 00:00:00 fedora kernel: hid: raw HID events driver (C) Jiri Kosina
Mar 31 00:00:00 fedora kernel: usbcore: registered new interface driver usbhid
Mar 31 00:00:00 fedora kernel: usbhid: USB HID core driver
Mar 31 00:00:00 fedora kernel: hw perfevents: enabled with apple_icestorm_pmu PMU driver, 10 counters available
Mar 31 00:00:00 fedora kernel: hw perfevents: enabled with apple_firestorm_pmu PMU driver, 10 counters available
Mar 31 00:00:00 fedora kernel: drop_monitor: Initializing network drop monitor service
Mar 31 00:00:00 fedora kernel: Initializing XFRM netlink socket
Mar 31 00:00:00 fedora kernel: NET: Registered PF_INET6 protocol family
Mar 31 00:00:00 fedora kernel: Segment Routing with IPv6
Mar 31 00:00:00 fedora kernel: RPL Segment Routing with IPv6
Mar 31 00:00:00 fedora kernel: In-situ OAM (IOAM) with IPv6
Mar 31 00:00:00 fedora kernel: mip6: Mobile IPv6
Mar 31 00:00:00 fedora kernel: NET: Registered PF_PACKET protocol family
Mar 31 00:00:00 fedora kernel: registered taskstats version 1
Mar 31 00:00:00 fedora kernel: Loading compiled-in X.509 certificates
Mar 31 00:00:00 fedora kernel: Loaded X.509 cert 'Fedora kernel signing key: 53a1d910ab6e8c2a0b8f613cdf573f8830fa01e9'
Mar 31 00:00:00 fedora kernel: zswap: loaded using pool lzo/zbud
Mar 31 00:00:00 fedora kernel: page_owner is disabled
Mar 31 00:00:00 fedora kernel: Key type .fscrypt registered
Mar 31 00:00:00 fedora kernel: Key type fscrypt-provisioning registered
Mar 31 00:00:00 fedora kernel: Btrfs loaded, crc32c=crc32c-generic, zoned=yes, fsverity=yes
Mar 31 00:00:00 fedora kernel: Key type big_key registered
Mar 31 00:00:00 fedora kernel: Key type encrypted registered
Mar 31 00:00:00 fedora kernel: ima: secureboot mode disabled
Mar 31 00:00:00 fedora kernel: ima: No TPM chip found, activating TPM-bypass!
Mar 31 00:00:00 fedora kernel: Loading compiled-in module X.509 certificates
Mar 31 00:00:00 fedora kernel: Loaded X.509 cert 'Fedora kernel signing key: 53a1d910ab6e8c2a0b8f613cdf573f8830fa01e9'
Mar 31 00:00:00 fedora kernel: ima: Allocated hash algorithm: sha256
Mar 31 00:00:00 fedora kernel: ima: No architecture policies found
Mar 31 00:00:00 fedora kernel: evm: Initialising EVM extended attributes:
Mar 31 00:00:00 fedora kernel: evm: security.selinux
Mar 31 00:00:00 fedora kernel: evm: security.SMACK64 (disabled)
Mar 31 00:00:00 fedora kernel: evm: security.SMACK64EXEC (disabled)
Mar 31 00:00:00 fedora kernel: evm: security.SMACK64TRANSMUTE (disabled)
Mar 31 00:00:00 fedora kernel: evm: security.SMACK64MMAP (disabled)
Mar 31 00:00:00 fedora kernel: evm: security.apparmor (disabled)
Mar 31 00:00:00 fedora kernel: evm: security.ima
Mar 31 00:00:00 fedora kernel: evm: security.capability
Mar 31 00:00:00 fedora kernel: evm: HMAC attrs: 0x1
Mar 31 00:00:00 fedora kernel: alg: No test for 842 (842-scomp)
Mar 31 00:00:00 fedora kernel: alg: No test for 842 (842-generic)
Mar 31 00:00:00 fedora kernel: simple-framebuffer 9e3a14000.framebuffer: [drm] *ERROR* could not acquire memory range [mem 0x9e3a14000-0x9e41fcfff flags 0x200]: error -16
Mar 31 00:00:00 fedora kernel: simple-framebuffer: probe of 9e3a14000.framebuffer failed with error -16
Mar 31 00:00:00 fedora kernel: Freeing unused kernel memory: 9792K
Mar 31 00:00:00 fedora kernel: Checked W+X mappings: passed, no W+X pages found
Mar 31 00:00:00 fedora kernel: rodata_test: all tests were successful
Mar 31 00:00:00 fedora kernel: Run /init as init process
Mar 31 00:00:00 fedora kernel:   with arguments:
Mar 31 00:00:00 fedora kernel:     /init
Mar 31 00:00:00 fedora kernel:     rhgb
Mar 31 00:00:00 fedora kernel:   with environment:
Mar 31 00:00:00 fedora kernel:     HOME=/
Mar 31 00:00:00 fedora kernel:     TERM=linux
Mar 31 00:00:00 fedora kernel:     BOOT_IMAGE=(hd0,gpt5)/vmlinuz-6.2.14-450.asahi.fc37.aarch64
Mar 31 00:00:00 fedora kernel:     multipath=off
Mar 31 00:00:00 fedora systemd[1]: System time before build time, advancing clock.
Mar 31 00:00:00 fedora systemd[1]: systemd 251.14-2.fc37 running in system mode (+PAM +AUDIT +SELINUX -APPARMOR +IMA +SMACK +SECCOMP -GCRYPT +GNUTLS +OPENSSL +ACL +BLKID +CURL +ELFUTILS +FIDO2 +IDN2 -IDN -IPTC +KMOD +LIBCRYPTSETUP +LIBFDISK +PCRE2 +PWQUALITY +P11KIT +QRENCODE +TPM2 +BZIP2 +LZ4 +XZ +ZLIB +ZSTD +BPF_FRAMEWORK +XKBCOMMON +UTMP +SYSVINIT default-hierarchy=unified)
Mar 31 00:00:00 fedora systemd[1]: Detected architecture arm64.
Mar 31 00:00:00 fedora systemd[1]: Running in initial RAM disk.
Mar 31 00:00:00 fedora systemd[1]: No hostname configured, using default hostname.
Mar 31 00:00:00 fedora systemd[1]: Hostname set to <fedora>.
Mar 31 00:00:00 fedora systemd[1]: Initializing machine ID from random generator.
Mar 31 00:00:00 fedora systemd[1]: bpf-lsm: Failed to load BPF object: No such process
Mar 31 00:00:00 fedora systemd[1]: Queued start job for default target initrd.target.
Mar 31 00:00:00 fedora systemd[1]: Reached target initrd-usr-fs.target - Initrd /usr File System.
Mar 31 00:00:00 fedora systemd[1]: Reached target slices.target - Slice Units.
Mar 31 00:00:00 fedora systemd[1]: Reached target swap.target - Swaps.
Mar 31 00:00:00 fedora systemd[1]: Reached target timers.target - Timer Units.
Mar 31 00:00:00 fedora systemd[1]: Listening on dbus.socket - D-Bus System Message Bus Socket.
Mar 31 00:00:00 fedora systemd[1]: Listening on iscsid.socket - Open-iSCSI iscsid Socket.
Mar 31 00:00:00 fedora systemd[1]: Listening on iscsiuio.socket - Open-iSCSI iscsiuio Socket.
Mar 31 00:00:00 fedora systemd[1]: multipathd.socket - multipathd control socket was skipped because of a failed condition check (ConditionKernelCommandLine=!multipath=off).
Mar 31 00:00:00 fedora systemd[1]: Listening on systemd-journald-audit.socket - Journal Audit Socket.
Mar 31 00:00:00 fedora systemd[1]: Listening on systemd-journald-dev-log.socket - Journal Socket (/dev/log).
Mar 31 00:00:00 fedora systemd[1]: Listening on systemd-journald.socket - Journal Socket.
Mar 31 00:00:00 fedora systemd[1]: Listening on systemd-udevd-control.socket - udev Control Socket.
Mar 31 00:00:00 fedora systemd[1]: Listening on systemd-udevd-kernel.socket - udev Kernel Socket.
Mar 31 00:00:00 fedora systemd[1]: Reached target sockets.target - Socket Units.
Mar 31 00:00:00 fedora systemd[1]: Starting kmod-static-nodes.service - Create List of Static Device Nodes...
Mar 31 00:00:00 fedora systemd[1]: memstrack.service - Memstrack Anylazing Service was skipped because all trigger condition checks failed.
Mar 31 00:00:00 fedora systemd[1]: Starting systemd-journald.service - Journal Service...
Mar 31 00:00:00 fedora systemd[1]: Starting systemd-modules-load.service - Load Kernel Modules...
Mar 31 00:00:00 fedora systemd[1]: Starting systemd-sysusers.service - Create System Users...
Mar 31 00:00:00 fedora systemd[1]: Starting systemd-vconsole-setup.service - Setup Virtual Console...
Mar 31 00:00:00 fedora systemd[1]: Finished kmod-static-nodes.service - Create List of Static Device Nodes.
Mar 31 00:00:00 fedora systemd[1]: Finished systemd-sysusers.service - Create System Users.
Mar 31 00:00:00 fedora kernel: audit: type=1130 audit(1680220800.120:2): pid=1 uid=0 auid=4294967295 ses=4294967295 subj=kernel msg='unit=systemd-sysusers comm="systemd" exe="/usr/lib/systemd/systemd" hostname=? addr=? terminal=? res=success'
Mar 31 00:00:00 fedora systemd[1]: Starting systemd-tmpfiles-setup-dev.service - Create Static Device Nodes in /dev...
Mar 31 00:00:00 fedora systemd-journald[243]: Journal started
Mar 31 00:00:00 fedora systemd-journald[243]: Runtime Journal (/run/log/journal/42f88c949e4a47aeb05c2b59550bdc09) is 8.0M, max 151.3M, 143.3M free.
Mar 31 00:00:00 fedora audit[1]: SERVICE_START pid=1 uid=0 auid=4294967295 ses=4294967295 subj=kernel msg='unit=systemd-sysusers comm="systemd" exe="/usr/lib/systemd/systemd" hostname=? addr=? terminal=? res=success'
Mar 31 00:00:00 fedora systemd-sysusers[246]: Creating group 'users' with GID 100.
Mar 31 00:00:00 fedora audit[1]: SERVICE_START pid=1 uid=0 auid=4294967295 ses=4294967295 subj=kernel msg='unit=systemd-journald comm="systemd" exe="/usr/lib/systemd/systemd" hostname=? addr=? terminal=? res=success'
Mar 31 00:00:00 fedora systemd-sysusers[246]: Creating group 'dbus' with GID 81.
Mar 31 00:00:00 fedora systemd-sysusers[246]: Creating user 'dbus' (System Message Bus) with UID 81 and GID 81.
Mar 31 00:00:00 fedora systemd[1]: Starting systemd-tmpfiles-setup.service - Create Volatile Files and Directories...
Mar 31 00:00:00 fedora systemd[1]: Finished systemd-tmpfiles-setup-dev.service - Create Static Device Nodes in /dev.
Mar 31 00:00:00 fedora audit[1]: SERVICE_START pid=1 uid=0 auid=4294967295 ses=4294967295 subj=kernel msg='unit=systemd-tmpfiles-setup-dev comm="systemd" exe="/usr/lib/systemd/systemd" hostname=? addr=? terminal=? res=success'
Mar 31 00:00:00 fedora systemd[1]: Finished systemd-tmpfiles-setup.service - Create Volatile Files and Directories.
Mar 31 00:00:00 fedora audit[1]: SERVICE_START pid=1 uid=0 auid=4294967295 ses=4294967295 subj=kernel msg='unit=systemd-tmpfiles-setup comm="systemd" exe="/usr/lib/systemd/systemd" hostname=? addr=? terminal=? res=success'
Mar 31 00:00:00 fedora systemd[1]: Started systemd-journald.service - Journal Service.
Mar 31 00:00:00 fedora kernel: audit: type=1130 audit(1680220800.130:3): pid=1 uid=0 auid=4294967295 ses=4294967295 subj=kernel msg='unit=systemd-journald comm="systemd" exe="/usr/lib/systemd/systemd" hostname=? addr=? terminal=? res=success'
Mar 31 00:00:00 fedora kernel: audit: type=1130 audit(1680220800.130:4): pid=1 uid=0 auid=4294967295 ses=4294967295 subj=kernel msg='unit=systemd-tmpfiles-setup-dev comm="systemd" exe="/usr/lib/systemd/systemd" hostname=? addr=? terminal=? res=success'
Mar 31 00:00:00 fedora kernel: audit: type=1130 audit(1680220800.130:5): pid=1 uid=0 auid=4294967295 ses=4294967295 subj=kernel msg='unit=systemd-tmpfiles-setup comm="systemd" exe="/usr/lib/systemd/systemd" hostname=? addr=? terminal=? res=success'
Mar 31 00:00:00 fedora systemd-modules-load[244]: Inserted module 'fuse'
Mar 31 00:00:00 fedora systemd-modules-load[244]: Inserted module 'dm_multipath'
Mar 31 00:00:00 fedora systemd-modules-load[244]: Inserted module 'ip_tables'
Mar 31 00:00:00 fedora systemd-modules-load[244]: Inserted module 'ip6_tables'
Mar 31 00:00:00 fedora kernel: fuse: init (API version 7.38)
Mar 31 00:00:00 fedora systemd-modules-load[244]: Inserted module 'scsi_dh_alua'
Mar 31 00:00:00 fedora systemd-modules-load[244]: Inserted module 'scsi_dh_emc'
Mar 31 00:00:00 fedora systemd-modules-load[244]: Inserted module 'scsi_dh_rdac'
Mar 31 00:00:00 fedora systemd[1]: Finished systemd-modules-load.service - Load Kernel Modules.
Mar 31 00:00:00 fedora audit[1]: SERVICE_START pid=1 uid=0 auid=4294967295 ses=4294967295 subj=kernel msg='unit=systemd-modules-load comm="systemd" exe="/usr/lib/systemd/systemd" hostname=? addr=? terminal=? res=success'
Mar 31 00:00:00 fedora systemd[1]: Starting systemd-sysctl.service - Apply Kernel Variables...
Mar 31 00:00:00 fedora systemd[1]: Finished systemd-vconsole-setup.service - Setup Virtual Console.
Mar 31 00:00:00 fedora audit[1]: SERVICE_START pid=1 uid=0 auid=4294967295 ses=4294967295 subj=kernel msg='unit=systemd-vconsole-setup comm="systemd" exe="/usr/lib/systemd/systemd" hostname=? addr=? terminal=? res=success'
Mar 31 00:00:00 fedora systemd[1]: Starting dracut-cmdline-ask.service - dracut ask for additional cmdline parameters...
Mar 31 00:00:00 fedora systemd[1]: Finished systemd-sysctl.service - Apply Kernel Variables.
Mar 31 00:00:00 fedora audit[1]: SERVICE_START pid=1 uid=0 auid=4294967295 ses=4294967295 subj=kernel msg='unit=systemd-sysctl comm="systemd" exe="/usr/lib/systemd/systemd" hostname=? addr=? terminal=? res=success'
Mar 31 00:00:00 fedora kernel: alua: device handler registered
Mar 31 00:00:00 fedora kernel: emc: device handler registered
Mar 31 00:00:00 fedora kernel: rdac: device handler registered
Mar 31 00:00:00 fedora kernel: audit: type=1130 audit(1680220800.150:6): pid=1 uid=0 auid=4294967295 ses=4294967295 subj=kernel msg='unit=systemd-modules-load comm="systemd" exe="/usr/lib/systemd/systemd" hostname=? addr=? terminal=? res=success'
Mar 31 00:00:00 fedora kernel: audit: type=1130 audit(1680220800.150:7): pid=1 uid=0 auid=4294967295 ses=4294967295 subj=kernel msg='unit=systemd-vconsole-setup comm="systemd" exe="/usr/lib/systemd/systemd" hostname=? addr=? terminal=? res=success'
Mar 31 00:00:00 fedora kernel: audit: type=1130 audit(1680220800.150:8): pid=1 uid=0 auid=4294967295 ses=4294967295 subj=kernel msg='unit=systemd-sysctl comm="systemd" exe="/usr/lib/systemd/systemd" hostname=? addr=? terminal=? res=success'
Mar 31 00:00:00 fedora systemd[1]: Finished dracut-cmdline-ask.service - dracut ask for additional cmdline parameters.
Mar 31 00:00:00 fedora audit[1]: SERVICE_START pid=1 uid=0 auid=4294967295 ses=4294967295 subj=kernel msg='unit=dracut-cmdline-ask comm="systemd" exe="/usr/lib/systemd/systemd" hostname=? addr=? terminal=? res=success'
Mar 31 00:00:00 fedora systemd[1]: Starting dracut-cmdline.service - dracut cmdline hook...
Mar 31 00:00:00 fedora kernel: audit: type=1130 audit(1680220800.210:9): pid=1 uid=0 auid=4294967295 ses=4294967295 subj=kernel msg='unit=dracut-cmdline-ask comm="systemd" exe="/usr/lib/systemd/systemd" hostname=? addr=? terminal=? res=success'
Mar 31 00:00:00 fedora dracut-cmdline[276]: dracut-37 (Thirty Seven Prerelease) dracut-059-1.fc37
Mar 31 00:00:00 fedora dracut-cmdline[276]: Using kernel command line parameters:  rd.driver.pre=btrfs rd.driver.pre=scsi_dh_alua rd.driver.pre=scsi_dh_emc rd.driver.pre=scsi_dh_rdac rd.driver.pre=dm_multipath   BOOT_IMAGE=(hd0,gpt5)/vmlinuz-6.2.14-450.asahi.fc37.aarch64 root=UUID=43d8945d-57c3-402d-a616-5ae99dc9b30a ro rootflags=subvol=@ scsi_mod.use_blk_mq=1 multipath=off rhgb quiet
Mar 31 00:00:00 fedora kernel: Loading iSCSI transport class v2.0-870.
Mar 31 00:00:00 fedora kernel: iscsi: registered transport (tcp)
Mar 31 00:00:00 fedora kernel: iscsi: registered transport (qla4xxx)
Mar 31 00:00:00 fedora kernel: QLogic iSCSI HBA Driver
Mar 31 00:00:00 fedora kernel: libcxgbi:libcxgbi_init_module: Chelsio iSCSI driver library libcxgbi v0.9.1-ko (Apr. 2015)
Mar 31 00:00:00 fedora kernel: Chelsio T3 iSCSI Driver cxgb3i v2.0.1-ko (Apr. 2015)
Mar 31 00:00:00 fedora kernel: iscsi: registered transport (cxgb3i)
Mar 31 00:00:00 fedora kernel: Chelsio T4-T6 iSCSI Driver cxgb4i v0.9.5-ko (Apr. 2015)
Mar 31 00:00:00 fedora kernel: iscsi: registered transport (cxgb4i)
Mar 31 00:00:00 fedora kernel: cxgb4i:cxgb4i_init_module: cxgb4i dcb enabled.
Mar 31 00:00:00 fedora kernel: cnic: QLogic cnicDriver v2.5.22 (July 20, 2015)
Mar 31 00:00:00 fedora kernel: QLogic NetXtreme II iSCSI Driver bnx2i v2.7.10.1 (Jul 16, 2014)
Mar 31 00:00:00 fedora kernel: iscsi: registered transport (bnx2i)
Mar 31 00:00:00 fedora kernel: iscsi: registered transport (be2iscsi)
Mar 31 00:00:00 fedora kernel: In beiscsi_module_init, tt=00000000bc1feb80
Mar 31 00:00:00 fedora systemd[1]: Finished dracut-cmdline.service - dracut cmdline hook.
Mar 31 00:00:00 fedora audit[1]: SERVICE_START pid=1 uid=0 auid=4294967295 ses=4294967295 subj=kernel msg='unit=dracut-cmdline comm="systemd" exe="/usr/lib/systemd/systemd" hostname=? addr=? terminal=? res=success'
Mar 31 00:00:00 fedora kernel: audit: type=1130 audit(1680220800.400:10): pid=1 uid=0 auid=4294967295 ses=4294967295 subj=kernel msg='unit=dracut-cmdline comm="systemd" exe="/usr/lib/systemd/systemd" hostname=? addr=? terminal=? res=success'
Mar 31 00:00:00 fedora systemd[1]: Starting dracut-pre-udev.service - dracut pre-udev hook...
Mar 31 00:00:00 fedora dracut-pre-udev[412]: :: Asahi: Triggering early load of NVMe modules...
Mar 31 00:00:00 fedora kernel: nvme-apple 27bcc0000.nvme: RTKit: Initializing (protocol version 12)
Mar 31 00:00:00 fedora kernel: nvme-apple 27bcc0000.nvme: RTKit: Unknown system endpoint: 0x0a
Mar 31 00:00:00 fedora kernel: nvme-apple 27bcc0000.nvme: RTKit: syslog message: cmd.c:6230:  boot mode normal
Mar 31 00:00:00 fedora kernel: hwmon hwmon0: temp1_input not attached to any thermal zone
Mar 31 00:00:00 fedora kernel:  nvme0n1: p1 p2 p3 p4 p5 p6 p7
Mar 31 00:00:00 fedora dracut-pre-udev[412]: :: Asahi: Unpacking vendor firmware into initramfs...
Mar 31 00:00:00 fedora kernel: FAT-fs (nvme0n1p4): Volume was not properly unmounted. Some data may be corrupt. Please run fsck.
Mar 31 00:00:00 fedora dracut-pre-udev[412]: :: Asahi firmware unpacked successfully
Mar 31 00:00:00 fedora kernel: RPC: Registered named UNIX socket transport module.
Mar 31 00:00:00 fedora kernel: RPC: Registered udp transport module.
Mar 31 00:00:00 fedora kernel: RPC: Registered tcp transport module.
Mar 31 00:00:00 fedora kernel: RPC: Registered tcp NFSv4.1 backchannel transport module.
Mar 31 00:00:00 fedora rpc.statd[460]: Version 2.6.3 starting
Mar 31 00:00:00 fedora rpc.statd[460]: Initializing NSM state
Mar 31 00:00:00 fedora rpc.statd[460]: Running as root.  chown /var/lib/nfs/statd to choose different user
Mar 31 00:00:00 fedora rpc.idmapd[465]: Setting log level to 0
Mar 31 00:00:00 fedora systemd[1]: Finished dracut-pre-udev.service - dracut pre-udev hook.
Mar 31 00:00:00 fedora audit[1]: SERVICE_START pid=1 uid=0 auid=4294967295 ses=4294967295 subj=kernel msg='unit=dracut-pre-udev comm="systemd" exe="/usr/lib/systemd/systemd" hostname=? addr=? terminal=? res=success'
Mar 31 00:00:00 fedora audit: BPF prog-id=19 op=LOAD
Mar 31 00:00:00 fedora audit: BPF prog-id=20 op=LOAD
Mar 31 00:00:00 fedora systemd[1]: Starting systemd-udevd.service - Rule-based Manager for Device Events and Files...
Mar 31 00:00:00 fedora systemd-udevd[493]: Using default interface naming scheme 'v251'.
Mar 31 00:00:00 fedora systemd[1]: Started systemd-udevd.service - Rule-based Manager for Device Events and Files.
Mar 31 00:00:00 fedora audit[1]: SERVICE_START pid=1 uid=0 auid=4294967295 ses=4294967295 subj=kernel msg='unit=systemd-udevd comm="systemd" exe="/usr/lib/systemd/systemd" hostname=? addr=? terminal=? res=success'
Mar 31 00:00:00 fedora systemd[1]: Starting dracut-pre-trigger.service - dracut pre-trigger hook...
Mar 31 00:00:01 fedora dracut-pre-trigger[494]: rd.md=0: removing MD RAID activation
Mar 31 00:00:01 fedora systemd[1]: Finished dracut-pre-trigger.service - dracut pre-trigger hook.
Mar 31 00:00:01 fedora audit[1]: SERVICE_START pid=1 uid=0 auid=4294967295 ses=4294967295 subj=kernel msg='unit=dracut-pre-trigger comm="systemd" exe="/usr/lib/systemd/systemd" hostname=? addr=? terminal=? res=success'
Mar 31 00:00:01 fedora systemd[1]: Starting systemd-udev-trigger.service - Coldplug All udev Devices...
Mar 31 00:00:01 fedora kernel: BTRFS: device label ROOT devid 1 transid 13031 /dev/nvme0n1p6 scanned by (udev-worker) (575)
Mar 31 00:00:01 fedora systemd[1]: Found device dev-disk-by\x2duuid-43d8945d\x2d57c3\x2d402d\x2da616\x2d5ae99dc9b30a.device - APPLE SSD AP0256Q ROOT.
Mar 31 00:00:01 fedora systemd[1]: Reached target initrd-root-device.target - Initrd Root Device.
Mar 31 00:00:01 fedora systemd[1]: Created slice system-modprobe.slice - Slice /system/modprobe.
Mar 31 00:00:01 fedora kernel: apple-dart 231304000.iommu: DART [pagesize 4000, 16 streams, bypass support: 1, bypass forced: 0, locked: 1] initialized
Mar 31 00:00:01 fedora kernel: apple-dart 23130c000.iommu: DART [pagesize 4000, 16 streams, bypass support: 1, bypass forced: 0, locked: 1] initialized
Mar 31 00:00:01 fedora kernel: apple-dart 235004000.iommu: DART [pagesize 4000, 16 streams, bypass support: 1, bypass forced: 0, locked: 0] initialized
Mar 31 00:00:01 fedora kernel: apple-dcp 231c00000.dcp: Adding to iommu group 0
Mar 31 00:00:01 fedora kernel: apple-dart 382f00000.iommu: DART [pagesize 4000, 16 streams, bypass support: 1, bypass forced: 0, locked: 0] initialized
Mar 31 00:00:01 fedora kernel: apple-dart 382f80000.iommu: DART [pagesize 4000, 16 streams, bypass support: 1, bypass forced: 0, locked: 0] initialized
Mar 31 00:00:01 fedora kernel: apple-dart 502f00000.iommu: DART [pagesize 4000, 16 streams, bypass support: 1, bypass forced: 0, locked: 0] initialized
Mar 31 00:00:01 fedora kernel: apple-dart 502f80000.iommu: DART [pagesize 4000, 16 streams, bypass support: 1, bypass forced: 0, locked: 0] initialized
Mar 31 00:00:01 fedora kernel: apple-dart 681008000.iommu: DART [pagesize 4000, 16 streams, bypass support: 0, bypass forced: 0, locked: 0] initialized
Mar 31 00:00:01 fedora kernel: apple-dart 682008000.iommu: DART [pagesize 4000, 16 streams, bypass support: 0, bypass forced: 0, locked: 0] initialized
Mar 31 00:00:01 fedora kernel: apple-dart 683008000.iommu: DART [pagesize 4000, 16 streams, bypass support: 0, bypass forced: 0, locked: 0] initialized
Mar 31 00:00:01 fedora kernel: asahi 206400000.gpu: Probing...
Mar 31 00:00:01 fedora kernel: asahi 206400000.gpu: MMU: Initializing...
Mar 31 00:00:01 fedora kernel: asahi 206400000.gpu: MMU: Initializing kernel page table
Mar 31 00:00:01 fedora kernel: asahi 206400000.gpu: MMU: Creating kernel page tables
Mar 31 00:00:01 fedora kernel: asahi 206400000.gpu: MMU: Kernel page tables created
Mar 31 00:00:01 fedora kernel: apple-admac 238200000.dma-controller: Adding to iommu group 1
Mar 31 00:00:01 fedora kernel: apple-admac 238200000.dma-controller: Audio DMA Controller
Mar 31 00:00:01 fedora kernel: apple-admac 238200000.dma-controller: imprint 2020130c TX cache 16384 RX cache 16384
Mar 31 00:00:01 fedora kernel: apple-gpio-pinctrl 23c100000.pinctrl: No cache defaults, reading back from HW
Mar 31 00:00:01 fedora kernel: apple-gpio-pinctrl 23d1f0000.pinctrl: No cache defaults, reading back from HW
Mar 31 00:00:01 fedora kernel: apple-gpio-pinctrl 23e820000.pinctrl: No cache defaults, reading back from HW
Mar 31 00:00:01 fedora kernel: macsmc-rtkit 23e400000.smc: RTKit: Initializing (protocol version 12)
Mar 31 00:00:01 fedora kernel: macsmc-rtkit 23e400000.smc: Initialized (943 keys #KEY (0x234b4559)..zSPp (0x7a535070))
Mar 31 00:00:01 fedora kernel: asahi 206400000.gpu: MMU: Initializing TTBs
Mar 31 00:00:01 fedora kernel: asahi 206400000.gpu: MMU: initialized
Mar 31 00:00:01 fedora kernel: asahi 206400000.gpu: GPU ID registers: 0x4021100 0x40a04 0x30808 0x40404 0x1320300 0x101311
Mar 31 00:00:01 fedora kernel: asahi 206400000.gpu: Core mask: 0xff
Mar 31 00:00:01 fedora kernel: asahi 206400000.gpu: GPU Information:
Mar 31 00:00:01 fedora kernel: asahi 206400000.gpu:   Type: G13G
Mar 31 00:00:01 fedora kernel: asahi 206400000.gpu:   Max dies: 1
Mar 31 00:00:01 fedora kernel: asahi 206400000.gpu:   Clusters: 1
Mar 31 00:00:01 fedora kernel: asahi 206400000.gpu:   Cores: 8 (8)
Mar 31 00:00:01 fedora kernel: asahi 206400000.gpu:   Frags: 8 (8)
Mar 31 00:00:01 fedora kernel: asahi 206400000.gpu:   GPs: 4 (4)
Mar 31 00:00:01 fedora kernel: asahi 206400000.gpu:   Core masks: [
                                   0xff,
                               ]
Mar 31 00:00:01 fedora kernel: asahi 206400000.gpu:   Active cores: 8
Mar 31 00:00:01 fedora kernel: asahi 206400000.gpu: Getting configuration from device tree...
Mar 31 00:00:01 fedora kernel: asahi 206400000.gpu: Dynamic configuration fetched
Mar 31 00:00:01 fedora kernel: asahi 206400000.gpu: MMU: IO map: 0x204d00000:0x1c000 -> 0xffffffaf00014000
Mar 31 00:00:01 fedora kernel: asahi 206400000.gpu: MMU: IO map: 0x20e100000:0x4000 -> 0xffffffaf00034000
Mar 31 00:00:01 fedora kernel: asahi 206400000.gpu: MMU: IO map: 0x23b104000:0x4000 -> 0xffffffaf0003c000
Mar 31 00:00:01 fedora kernel: asahi 206400000.gpu: MMU: IO map: 0x204000000:0x20000 -> 0xffffffaf00044000
Mar 31 00:00:01 fedora kernel: asahi 206400000.gpu: MMU: IO map: 0x23b2e8000:0x4000 -> 0xffffffaf00068000
Mar 31 00:00:01 fedora kernel: asahi 206400000.gpu: MMU: IO map: 0x23bc00000:0x4000 -> 0xffffffaf00070000
Mar 31 00:00:01 fedora kernel: asahi 206400000.gpu: MMU: IO map: 0x204d80000:0x8000 -> 0xffffffaf00078000
Mar 31 00:00:01 fedora kernel: asahi 206400000.gpu: MMU: IO map: 0x204d60000:0x4000 -> 0xffffffaf00084000
Mar 31 00:00:01 fedora kernel: asahi 206400000.gpu: MMU: IO map: 0x200000000:0xd8000 -> 0xffffffaf0008c000
Mar 31 00:00:01 fedora kernel: asahi 206400000.gpu: MMU: IO map: 0x23b738000:0x4000 -> 0xffffffaf00168000
Mar 31 00:00:01 fedora kernel: asahi 206400000.gpu: RTKit: Initializing (protocol version 12)
Mar 31 00:00:01 fedora kernel: asahi 206400000.gpu: FWLog: GFX Chinook-ASC4 FW cold booted! (Feb 21 2022 20:36:12)
Mar 31 00:00:01 fedora kernel: asahi 206400000.gpu: FWLog: G13 Firmware initializing
Mar 31 00:00:01 fedora kernel: asahi 206400000.gpu: FWLog: Build variant: G
Mar 31 00:00:01 fedora kernel: asahi 206400000.gpu: FWLog: Build version: B1
Mar 31 00:00:01 fedora kernel: [drm] Initialized asahi 0.0.0 20220831 for 206400000.gpu on minor 1
Mar 31 00:00:01 fedora kernel: asahi 206400000.gpu: Probed!
Mar 31 00:00:01 fedora kernel: apple-gpio-pinctrl 24a820000.pinctrl: No cache defaults, reading back from HW
Mar 31 00:00:01 fedora kernel: apple-drm soc:display-subsystem: Adding to iommu group 2
Mar 31 00:00:01 fedora audit[1]: SERVICE_START pid=1 uid=0 auid=4294967295 ses=4294967295 subj=kernel msg='unit=systemd-udev-trigger comm="systemd" exe="/usr/lib/systemd/systemd" hostname=? addr=? terminal=? res=success'
Mar 31 00:00:01 fedora audit[1]: SERVICE_START pid=1 uid=0 auid=4294967295 ses=4294967295 subj=kernel msg='unit=modprobe@configfs comm="systemd" exe="/usr/lib/systemd/systemd" hostname=? addr=? terminal=? res=success'
Mar 31 00:00:01 fedora audit[1]: SERVICE_STOP pid=1 uid=0 auid=4294967295 ses=4294967295 subj=kernel msg='unit=modprobe@configfs comm="systemd" exe="/usr/lib/systemd/systemd" hostname=? addr=? terminal=? res=success'
Mar 31 00:00:01 fedora systemd[1]: Starting modprobe@configfs.service - Load Kernel Module configfs...
Mar 31 00:00:01 fedora systemd[1]: Finished systemd-udev-trigger.service - Coldplug All udev Devices.
Mar 31 00:00:01 fedora systemd[1]: modprobe@configfs.service: Deactivated successfully.
Mar 31 00:00:01 fedora systemd[1]: Finished modprobe@configfs.service - Load Kernel Module configfs.
Mar 31 00:00:01 fedora systemd[1]: Mounting sys-kernel-config.mount - Kernel Configuration File System...
Mar 31 00:00:01 fedora systemd[1]: nm-initrd.service was skipped because of a failed condition check (ConditionPathExists=/run/NetworkManager/initrd/neednet).
Mar 31 00:00:01 fedora systemd[1]: Reached target network.target - Network.
Mar 31 00:00:01 fedora systemd[1]: nm-wait-online-initrd.service was skipped because of a failed condition check (ConditionPathExists=/run/NetworkManager/initrd/neednet).
Mar 31 00:00:01 fedora systemd[1]: Starting dracut-initqueue.service - dracut initqueue hook...
Mar 31 00:00:01 fedora systemd[1]: Starting plymouth-start.service - Show Plymouth Boot Screen...
Mar 31 00:00:01 fedora systemd[1]: Starting systemd-udev-settle.service - Wait for udev To Complete Device Initialization...
Mar 31 00:00:01 fedora systemd[1]: Mounted sys-kernel-config.mount - Kernel Configuration File System.
Mar 31 00:00:01 fedora systemd[1]: Received SIGRTMIN+20 from PID 623 (plymouthd).
Mar 31 00:00:01 fedora systemd[1]: Finished dracut-initqueue.service - dracut initqueue hook.
Mar 31 00:00:01 fedora audit[1]: SERVICE_START pid=1 uid=0 auid=4294967295 ses=4294967295 subj=kernel msg='unit=dracut-initqueue comm="systemd" exe="/usr/lib/systemd/systemd" hostname=? addr=? terminal=? res=success'
Mar 31 00:00:01 fedora systemd[1]: Reached target remote-fs-pre.target - Preparation for Remote File Systems.
Mar 31 00:00:01 fedora systemd[1]: Reached target remote-cryptsetup.target - Remote Encrypted Volumes.
Mar 31 00:00:01 fedora systemd[1]: Reached target remote-fs.target - Remote File Systems.
Mar 31 00:00:01 fedora udevadm[622]: systemd-udev-settle.service is deprecated. Please fix multipathd-configure.service not to pull it in.
Mar 31 00:00:01 fedora kernel: dwc3 382280000.usb: Adding to iommu group 3
Mar 31 00:00:01 fedora systemd[1]: Started plymouth-start.service - Show Plymouth Boot Screen.
Mar 31 00:00:01 fedora systemd[1]: systemd-ask-password-console.path - Dispatch Password Requests to Console Directory Watch was skipped because of a failed condition check (ConditionPathExists=!/run/plymouth/pid).
Mar 31 00:00:01 fedora systemd[1]: Started systemd-ask-password-plymouth.path - Forward Password Requests to Plymouth Directory Watch.
Mar 31 00:00:01 fedora systemd[1]: Reached target cryptsetup.target - Local Encrypted Volumes.
Mar 31 00:00:01 fedora systemd[1]: Reached target paths.target - Path Units.
Mar 31 00:00:01 fedora audit[1]: SERVICE_START pid=1 uid=0 auid=4294967295 ses=4294967295 subj=kernel msg='unit=plymouth-start comm="systemd" exe="/usr/lib/systemd/systemd" hostname=? addr=? terminal=? res=success'
Mar 31 00:00:01 fedora systemd[1]: Starting dracut-pre-mount.service - dracut pre-mount hook...
Mar 31 00:00:01 fedora kernel: dwc3 502280000.usb: Adding to iommu group 4
Mar 31 00:00:01 fedora systemd[1]: Finished dracut-pre-mount.service - dracut pre-mount hook.
Mar 31 00:00:01 fedora audit[1]: SERVICE_START pid=1 uid=0 auid=4294967295 ses=4294967295 subj=kernel msg='unit=dracut-pre-mount comm="systemd" exe="/usr/lib/systemd/systemd" hostname=? addr=? terminal=? res=success'
Mar 31 00:00:01 fedora kernel: macsmc-rtkit 23e400000.smc: Failed to create device link (0x180) with 23d0d9300.spmi:pmu@f:rtc_nvmem@d000
Mar 31 00:00:01 fedora kernel: macsmc-rtkit 23e400000.smc: Failed to create device link (0x180) with 23d0d9300.spmi:pmu@f:rtc_nvmem@d000
Mar 31 00:00:01 fedora kernel: macsmc-rtkit 23e400000.smc: Failed to create device link (0x180) with 23d0d9300.spmi:pmu@f:legacy_nvmem@9f00
Mar 31 00:00:01 fedora kernel: macsmc-gpio macsmc-gpio: First GPIO key: gP01 (0x67503031)
Mar 31 00:00:01 fedora kernel: macsmc-rtkit 23e400000.smc: Failed to create device link (0x180) with 23d0d9300.spmi:pmu@f:rtc_nvmem@d000
Mar 31 00:00:01 fedora kernel: macsmc-rtkit 23e400000.smc: Failed to create device link (0x180) with 23d0d9300.spmi:pmu@f:rtc_nvmem@d000
Mar 31 00:00:01 fedora kernel: macsmc-rtkit 23e400000.smc: Failed to create device link (0x180) with 23d0d9300.spmi:pmu@f:legacy_nvmem@9f00
Mar 31 00:00:01 fedora kernel: gpio gpiochip4: (macsmc-pmu-gpio): not an immutable chip, please consider fixing it!
Mar 31 00:00:01 fedora systemd[1]: Finished systemd-udev-settle.service - Wait for udev To Complete Device Initialization.
Mar 31 00:00:01 fedora audit[1]: SERVICE_START pid=1 uid=0 auid=4294967295 ses=4294967295 subj=kernel msg='unit=systemd-udev-settle comm="systemd" exe="/usr/lib/systemd/systemd" hostname=? addr=? terminal=? res=success'
Mar 31 00:00:01 fedora systemd[1]: multipathd-configure.service - Device-Mapper Multipath Default Configuration was skipped because of a failed condition check (ConditionKernelCommandLine=rd.multipath=default).
Mar 31 00:00:01 fedora systemd[1]: multipathd.service - Device-Mapper Multipath Device Controller was skipped because of a failed condition check (ConditionKernelCommandLine=!multipath=off).
Mar 31 00:00:01 fedora systemd[1]: Reached target local-fs-pre.target - Preparation for Local File Systems.
Mar 31 00:00:01 fedora systemd[1]: Reached target local-fs.target - Local File Systems.
Mar 31 00:00:01 fedora systemd[1]: Reached target sysinit.target - System Initialization.
Mar 31 00:00:01 fedora systemd[1]: Reached target basic.target - Basic System.
Mar 31 00:00:01 fedora systemd[1]: Starting systemd-fsck-root.service - File System Check on /dev/disk/by-uuid/43d8945d-57c3-402d-a616-5ae99dc9b30a...
Mar 31 00:00:01 fedora systemd[1]: Finished systemd-fsck-root.service - File System Check on /dev/disk/by-uuid/43d8945d-57c3-402d-a616-5ae99dc9b30a.
Mar 31 00:00:01 fedora audit[1]: SERVICE_START pid=1 uid=0 auid=4294967295 ses=4294967295 subj=kernel msg='unit=systemd-fsck-root comm="systemd" exe="/usr/lib/systemd/systemd" hostname=? addr=? terminal=? res=success'
Mar 31 00:00:01 fedora systemd[1]: Mounting sysroot.mount - /sysroot...
Mar 31 00:00:01 fedora kernel: BTRFS info (device nvme0n1p6): using crc32c (crc32c-generic) checksum algorithm
Mar 31 00:00:01 fedora kernel: BTRFS info (device nvme0n1p6): using free space tree
Mar 31 00:00:01 fedora kernel: BTRFS warning (device nvme0n1p6): read-write for sector size 4096 with page size 16384 is experimental
Mar 31 00:00:01 fedora systemd[1]: Mounted sysroot.mount - /sysroot.
Mar 31 00:00:01 fedora systemd[1]: Reached target initrd-root-fs.target - Initrd Root File System.
Mar 31 00:00:01 fedora systemd[1]: Starting initrd-parse-etc.service - Reload Configuration from the Real Root...
Mar 31 00:00:01 fedora kernel: BTRFS info (device nvme0n1p6): enabling ssd optimizations
Mar 31 00:00:01 fedora kernel: BTRFS info (device nvme0n1p6): auto enabling async discard
Mar 31 00:00:01 fedora systemd[1]: Reloading.
Mar 31 00:00:01 fedora audit: BPF prog-id=21 op=LOAD
Mar 31 00:00:01 fedora audit: BPF prog-id=22 op=LOAD
Mar 31 00:00:01 fedora audit: BPF prog-id=19 op=UNLOAD
Mar 31 00:00:01 fedora audit: BPF prog-id=20 op=UNLOAD
Mar 31 00:00:01 fedora audit: BPF prog-id=23 op=LOAD
Mar 31 00:00:01 fedora audit: BPF prog-id=16 op=UNLOAD
Mar 31 00:00:01 fedora audit: BPF prog-id=24 op=LOAD
Mar 31 00:00:01 fedora audit: BPF prog-id=25 op=LOAD
Mar 31 00:00:01 fedora audit: BPF prog-id=17 op=UNLOAD
Mar 31 00:00:01 fedora audit: BPF prog-id=18 op=UNLOAD
Mar 31 00:00:01 fedora systemd[1]: initrd-parse-etc.service: Deactivated successfully.
Mar 31 00:00:01 fedora systemd[1]: Finished initrd-parse-etc.service - Reload Configuration from the Real Root.
Mar 31 00:00:01 fedora audit[1]: SERVICE_START pid=1 uid=0 auid=4294967295 ses=4294967295 subj=kernel msg='unit=initrd-parse-etc comm="systemd" exe="/usr/lib/systemd/systemd" hostname=? addr=? terminal=? res=success'
Mar 31 00:00:01 fedora audit[1]: SERVICE_STOP pid=1 uid=0 auid=4294967295 ses=4294967295 subj=kernel msg='unit=initrd-parse-etc comm="systemd" exe="/usr/lib/systemd/systemd" hostname=? addr=? terminal=? res=success'
Mar 31 00:00:01 fedora systemd[1]: Reached target initrd-fs.target - Initrd File Systems.
Mar 31 00:00:01 fedora systemd[1]: Reached target initrd.target - Initrd Default Target.
Mar 31 00:00:01 fedora systemd[1]: dracut-mount.service - dracut mount hook was skipped because all trigger condition checks failed.
Mar 31 00:00:01 fedora systemd[1]: Starting dracut-pre-pivot.service - dracut pre-pivot and cleanup hook...
Mar 31 00:00:01 fedora dracut-pre-pivot[727]: 2.483617 | /etc/multipath.conf does not exist, blacklisting all devices.
Mar 31 00:00:01 fedora dracut-pre-pivot[727]: 2.483626 | You can run "/sbin/mpathconf --enable" to create
Mar 31 00:00:01 fedora dracut-pre-pivot[727]: 2.483629 | /etc/multipath.conf. See man mpathconf(8) for more details
Mar 31 00:00:01 fedora dracut-pre-pivot[707]: :: Asahi: Installing vendor firmware to root filesystem...
Mar 31 00:00:01 fedora rpc.idmapd[465]: exiting on signal 15
Mar 31 00:00:01 fedora systemd[1]: Finished dracut-pre-pivot.service - dracut pre-pivot and cleanup hook.
Mar 31 00:00:01 fedora audit[1]: SERVICE_START pid=1 uid=0 auid=4294967295 ses=4294967295 subj=kernel msg='unit=dracut-pre-pivot comm="systemd" exe="/usr/lib/systemd/systemd" hostname=? addr=? terminal=? res=success'
Mar 31 00:00:01 fedora systemd[1]: Starting initrd-cleanup.service - Cleaning Up and Shutting Down Daemons...
Mar 31 00:00:01 fedora systemd[1]: Stopped target network.target - Network.
Mar 31 00:00:01 fedora systemd[1]: Stopped target remote-cryptsetup.target - Remote Encrypted Volumes.
Mar 31 00:00:01 fedora systemd[1]: Stopped target timers.target - Timer Units.
Mar 31 00:00:01 fedora systemd[1]: dbus.socket: Deactivated successfully.
Mar 31 00:00:01 fedora systemd[1]: Closed dbus.socket - D-Bus System Message Bus Socket.
Mar 31 00:00:01 fedora systemd[1]: dracut-pre-pivot.service: Deactivated successfully.
Mar 31 00:00:01 fedora systemd[1]: Stopped dracut-pre-pivot.service - dracut pre-pivot and cleanup hook.
Mar 31 00:00:01 fedora audit[1]: SERVICE_STOP pid=1 uid=0 auid=4294967295 ses=4294967295 subj=kernel msg='unit=dracut-pre-pivot comm="systemd" exe="/usr/lib/systemd/systemd" hostname=? addr=? terminal=? res=success'
Mar 31 00:00:01 fedora systemd[1]: Stopped target initrd.target - Initrd Default Target.
Mar 31 00:00:01 fedora systemd[1]: Stopped target basic.target - Basic System.
Mar 31 00:00:01 fedora systemd[1]: Stopped target initrd-root-device.target - Initrd Root Device.
Mar 31 00:00:01 fedora systemd[1]: Stopped target initrd-usr-fs.target - Initrd /usr File System.
Mar 31 00:00:01 fedora systemd[1]: Stopped target paths.target - Path Units.
Mar 31 00:00:01 fedora systemd[1]: Stopped target remote-fs.target - Remote File Systems.
Mar 31 00:00:01 fedora systemd[1]: Stopped target remote-fs-pre.target - Preparation for Remote File Systems.
Mar 31 00:00:01 fedora systemd[1]: Stopped target slices.target - Slice Units.
Mar 31 00:00:01 fedora systemd[1]: Stopped target sockets.target - Socket Units.
Mar 31 00:00:01 fedora systemd[1]: Stopped target sysinit.target - System Initialization.
Mar 31 00:00:01 fedora systemd[1]: Stopped target local-fs.target - Local File Systems.
Mar 31 00:00:01 fedora systemd[1]: Stopped target local-fs-pre.target - Preparation for Local File Systems.
Mar 31 00:00:01 fedora systemd[1]: Stopped target swap.target - Swaps.
Mar 31 00:00:01 fedora systemd[1]: iscsid.socket: Deactivated successfully.
Mar 31 00:00:01 fedora systemd[1]: Closed iscsid.socket - Open-iSCSI iscsid Socket.
Mar 31 00:00:01 fedora systemd[1]: iscsiuio.socket: Deactivated successfully.
Mar 31 00:00:01 fedora systemd[1]: Closed iscsiuio.socket - Open-iSCSI iscsiuio Socket.
Mar 31 00:00:01 fedora systemd[1]: dracut-pre-mount.service: Deactivated successfully.
Mar 31 00:00:01 fedora systemd[1]: Stopped dracut-pre-mount.service - dracut pre-mount hook.
Mar 31 00:00:01 fedora audit[1]: SERVICE_STOP pid=1 uid=0 auid=4294967295 ses=4294967295 subj=kernel msg='unit=dracut-pre-mount comm="systemd" exe="/usr/lib/systemd/systemd" hostname=? addr=? terminal=? res=success'
Mar 31 00:00:01 fedora systemd[1]: Stopped target cryptsetup.target - Local Encrypted Volumes.
Mar 31 00:00:01 fedora systemd[1]: dracut-initqueue.service: Deactivated successfully.
Mar 31 00:00:01 fedora systemd[1]: Stopped dracut-initqueue.service - dracut initqueue hook.
Mar 31 00:00:01 fedora audit[1]: SERVICE_STOP pid=1 uid=0 auid=4294967295 ses=4294967295 subj=kernel msg='unit=dracut-initqueue comm="systemd" exe="/usr/lib/systemd/systemd" hostname=? addr=? terminal=? res=success'
Mar 31 00:00:01 fedora systemd[1]: Starting plymouth-switch-root.service - Plymouth switch root service...
Mar 31 00:00:01 fedora systemd[1]: systemd-sysctl.service: Deactivated successfully.
Mar 31 00:00:01 fedora systemd[1]: Stopped systemd-sysctl.service - Apply Kernel Variables.
Mar 31 00:00:01 fedora audit[1]: SERVICE_STOP pid=1 uid=0 auid=4294967295 ses=4294967295 subj=kernel msg='unit=systemd-sysctl comm="systemd" exe="/usr/lib/systemd/systemd" hostname=? addr=? terminal=? res=success'
Mar 31 00:00:01 fedora systemd[1]: systemd-modules-load.service: Deactivated successfully.
Mar 31 00:00:01 fedora systemd[1]: Stopped systemd-modules-load.service - Load Kernel Modules.
Mar 31 00:00:01 fedora audit[1]: SERVICE_STOP pid=1 uid=0 auid=4294967295 ses=4294967295 subj=kernel msg='unit=systemd-modules-load comm="systemd" exe="/usr/lib/systemd/systemd" hostname=? addr=? terminal=? res=success'
Mar 31 00:00:01 fedora systemd[1]: systemd-tmpfiles-setup.service: Deactivated successfully.
Mar 31 00:00:01 fedora systemd[1]: Stopped systemd-tmpfiles-setup.service - Create Volatile Files and Directories.
Mar 31 00:00:01 fedora audit[1]: SERVICE_STOP pid=1 uid=0 auid=4294967295 ses=4294967295 subj=kernel msg='unit=systemd-tmpfiles-setup comm="systemd" exe="/usr/lib/systemd/systemd" hostname=? addr=? terminal=? res=success'
Mar 31 00:00:01 fedora systemd[1]: systemd-udev-settle.service: Deactivated successfully.
Mar 31 00:00:01 fedora systemd[1]: Stopped systemd-udev-settle.service - Wait for udev To Complete Device Initialization.
Mar 31 00:00:01 fedora audit[1]: SERVICE_STOP pid=1 uid=0 auid=4294967295 ses=4294967295 subj=kernel msg='unit=systemd-udev-settle comm="systemd" exe="/usr/lib/systemd/systemd" hostname=? addr=? terminal=? res=success'
Mar 31 00:00:01 fedora systemd[1]: systemd-udev-trigger.service: Deactivated successfully.
Mar 31 00:00:01 fedora systemd[1]: Stopped systemd-udev-trigger.service - Coldplug All udev Devices.
Mar 31 00:00:01 fedora audit[1]: SERVICE_STOP pid=1 uid=0 auid=4294967295 ses=4294967295 subj=kernel msg='unit=systemd-udev-trigger comm="systemd" exe="/usr/lib/systemd/systemd" hostname=? addr=? terminal=? res=success'
Mar 31 00:00:01 fedora systemd[1]: dracut-pre-trigger.service: Deactivated successfully.
Mar 31 00:00:01 fedora systemd[1]: Stopped dracut-pre-trigger.service - dracut pre-trigger hook.
Mar 31 00:00:01 fedora audit[1]: SERVICE_STOP pid=1 uid=0 auid=4294967295 ses=4294967295 subj=kernel msg='unit=dracut-pre-trigger comm="systemd" exe="/usr/lib/systemd/systemd" hostname=? addr=? terminal=? res=success'
Mar 31 00:00:01 fedora systemd[1]: Stopping systemd-udevd.service - Rule-based Manager for Device Events and Files...
Mar 31 00:00:01 fedora systemd[1]: initrd-cleanup.service: Deactivated successfully.
Mar 31 00:00:01 fedora systemd[1]: Finished initrd-cleanup.service - Cleaning Up and Shutting Down Daemons.
Mar 31 00:00:01 fedora audit[1]: SERVICE_START pid=1 uid=0 auid=4294967295 ses=4294967295 subj=kernel msg='unit=initrd-cleanup comm="systemd" exe="/usr/lib/systemd/systemd" hostname=? addr=? terminal=? res=success'
Mar 31 00:00:01 fedora audit[1]: SERVICE_STOP pid=1 uid=0 auid=4294967295 ses=4294967295 subj=kernel msg='unit=initrd-cleanup comm="systemd" exe="/usr/lib/systemd/systemd" hostname=? addr=? terminal=? res=success'
Mar 31 00:00:01 fedora systemd[1]: Finished plymouth-switch-root.service - Plymouth switch root service.
Mar 31 00:00:01 fedora audit[1]: SERVICE_START pid=1 uid=0 auid=4294967295 ses=4294967295 subj=kernel msg='unit=plymouth-switch-root comm="systemd" exe="/usr/lib/systemd/systemd" hostname=? addr=? terminal=? res=success'
Mar 31 00:00:01 fedora systemd[1]: systemd-udevd.service: Deactivated successfully.
Mar 31 00:00:01 fedora systemd[1]: Stopped systemd-udevd.service - Rule-based Manager for Device Events and Files.
Mar 31 00:00:01 fedora audit[1]: SERVICE_STOP pid=1 uid=0 auid=4294967295 ses=4294967295 subj=kernel msg='unit=systemd-udevd comm="systemd" exe="/usr/lib/systemd/systemd" hostname=? addr=? terminal=? res=success'
Mar 31 00:00:01 fedora systemd[1]: systemd-udevd-control.socket: Deactivated successfully.
Mar 31 00:00:01 fedora systemd[1]: Closed systemd-udevd-control.socket - udev Control Socket.
Mar 31 00:00:01 fedora systemd[1]: systemd-udevd-kernel.socket: Deactivated successfully.
Mar 31 00:00:01 fedora systemd[1]: Closed systemd-udevd-kernel.socket - udev Kernel Socket.
Mar 31 00:00:01 fedora systemd[1]: dracut-pre-udev.service: Deactivated successfully.
Mar 31 00:00:01 fedora systemd[1]: Stopped dracut-pre-udev.service - dracut pre-udev hook.
Mar 31 00:00:01 fedora audit[1]: SERVICE_STOP pid=1 uid=0 auid=4294967295 ses=4294967295 subj=kernel msg='unit=dracut-pre-udev comm="systemd" exe="/usr/lib/systemd/systemd" hostname=? addr=? terminal=? res=success'
Mar 31 00:00:01 fedora systemd[1]: dracut-cmdline.service: Deactivated successfully.
Mar 31 00:00:01 fedora systemd[1]: Stopped dracut-cmdline.service - dracut cmdline hook.
Mar 31 00:00:01 fedora audit[1]: SERVICE_STOP pid=1 uid=0 auid=4294967295 ses=4294967295 subj=kernel msg='unit=dracut-cmdline comm="systemd" exe="/usr/lib/systemd/systemd" hostname=? addr=? terminal=? res=success'
Mar 31 00:00:01 fedora systemd[1]: dracut-cmdline-ask.service: Deactivated successfully.
Mar 31 00:00:01 fedora systemd[1]: Stopped dracut-cmdline-ask.service - dracut ask for additional cmdline parameters.
Mar 31 00:00:01 fedora audit[1]: SERVICE_STOP pid=1 uid=0 auid=4294967295 ses=4294967295 subj=kernel msg='unit=dracut-cmdline-ask comm="systemd" exe="/usr/lib/systemd/systemd" hostname=? addr=? terminal=? res=success'
Mar 31 00:00:01 fedora systemd[1]: Starting initrd-udevadm-cleanup-db.service - Cleanup udev Database...
Mar 31 00:00:01 fedora systemd[1]: systemd-tmpfiles-setup-dev.service: Deactivated successfully.
Mar 31 00:00:01 fedora systemd[1]: Stopped systemd-tmpfiles-setup-dev.service - Create Static Device Nodes in /dev.
Mar 31 00:00:01 fedora audit[1]: SERVICE_STOP pid=1 uid=0 auid=4294967295 ses=4294967295 subj=kernel msg='unit=systemd-tmpfiles-setup-dev comm="systemd" exe="/usr/lib/systemd/systemd" hostname=? addr=? terminal=? res=success'
Mar 31 00:00:01 fedora systemd[1]: kmod-static-nodes.service: Deactivated successfully.
Mar 31 00:00:01 fedora systemd[1]: Stopped kmod-static-nodes.service - Create List of Static Device Nodes.
Mar 31 00:00:01 fedora audit[1]: SERVICE_STOP pid=1 uid=0 auid=4294967295 ses=4294967295 subj=kernel msg='unit=kmod-static-nodes comm="systemd" exe="/usr/lib/systemd/systemd" hostname=? addr=? terminal=? res=success'
Mar 31 00:00:01 fedora systemd[1]: systemd-sysusers.service: Deactivated successfully.
Mar 31 00:00:01 fedora systemd[1]: Stopped systemd-sysusers.service - Create System Users.
Mar 31 00:00:01 fedora audit[1]: SERVICE_STOP pid=1 uid=0 auid=4294967295 ses=4294967295 subj=kernel msg='unit=systemd-sysusers comm="systemd" exe="/usr/lib/systemd/systemd" hostname=? addr=? terminal=? res=success'
Mar 31 00:00:01 fedora systemd[1]: initrd-udevadm-cleanup-db.service: Deactivated successfully.
Mar 31 00:00:01 fedora systemd[1]: Finished initrd-udevadm-cleanup-db.service - Cleanup udev Database.
Mar 31 00:00:01 fedora audit[1]: SERVICE_START pid=1 uid=0 auid=4294967295 ses=4294967295 subj=kernel msg='unit=initrd-udevadm-cleanup-db comm="systemd" exe="/usr/lib/systemd/systemd" hostname=? addr=? terminal=? res=success'
Mar 31 00:00:01 fedora audit[1]: SERVICE_STOP pid=1 uid=0 auid=4294967295 ses=4294967295 subj=kernel msg='unit=initrd-udevadm-cleanup-db comm="systemd" exe="/usr/lib/systemd/systemd" hostname=? addr=? terminal=? res=success'
Mar 31 00:00:01 fedora systemd[1]: Reached target initrd-switch-root.target - Switch Root.
Mar 31 00:00:01 fedora systemd[1]: Starting initrd-switch-root.service - Switch Root...
Mar 31 00:00:01 fedora systemd[1]: Switching root.
Mar 31 00:00:01 fedora kernel: pcie-apple 690000000.pcie: host bridge /soc/pcie@690000000 ranges:
Mar 31 00:00:01 fedora kernel: pcie-apple 690000000.pcie:      MEM 0x06a0000000..0x06bfffffff -> 0x06a0000000
Mar 31 00:00:01 fedora kernel: pcie-apple 690000000.pcie:      MEM 0x06c0000000..0x06ffffffff -> 0x00c0000000
Mar 31 00:00:01 fedora systemd-journald[243]: Journal stopped
Mar 31 00:00:02 fedora systemd-journald[243]: Received SIGTERM from PID 1 (systemd).
Mar 31 00:00:02 fedora kernel: SELinux:  Class user_namespace not defined in policy.
Mar 31 00:00:02 fedora kernel: SELinux: the above unknown classes and permissions will be allowed
Mar 31 00:00:02 fedora kernel: SELinux:  policy capability network_peer_controls=1
Mar 31 00:00:02 fedora kernel: SELinux:  policy capability open_perms=1
Mar 31 00:00:02 fedora kernel: SELinux:  policy capability extended_socket_class=1
Mar 31 00:00:02 fedora kernel: SELinux:  policy capability always_check_network=0
Mar 31 00:00:02 fedora kernel: SELinux:  policy capability cgroup_seclabel=1
Mar 31 00:00:02 fedora kernel: SELinux:  policy capability nnp_nosuid_transition=1
Mar 31 00:00:02 fedora kernel: SELinux:  policy capability genfs_seclabel_symlinks=1
Mar 31 00:00:02 fedora kernel: SELinux:  policy capability ioctl_skip_cloexec=0
Mar 31 00:00:02 fedora systemd[1]: Successfully loaded SELinux policy in 230.762ms.
Mar 31 00:00:02 fedora systemd[1]: Relabelled /dev, /dev/shm, /run, /sys/fs/cgroup in 20.705ms.
Mar 31 00:00:02 fedora systemd[1]: systemd 251.14-2.fc37 running in system mode (+PAM +AUDIT +SELINUX -APPARMOR +IMA +SMACK +SECCOMP -GCRYPT +GNUTLS +OPENSSL +ACL +BLKID +CURL +ELFUTILS +FIDO2 +IDN2 -IDN -IPTC +KMOD +LIBCRYPTSETUP +LIBFDISK +PCRE2 +PWQUALITY +P11KIT +QRENCODE +TPM2 +BZIP2 +LZ4 +XZ +ZLIB +ZSTD +BPF_FRAMEWORK +XKBCOMMON +UTMP +SYSVINIT default-hierarchy=unified)
Mar 31 00:00:02 fedora systemd[1]: Detected architecture arm64.
Mar 31 00:00:02 fedora kernel: pcie-apple 690000000.pcie: /soc/pcie@690000000/pci@0,0 link didn't come up
Mar 31 00:00:02 fedora systemd[1]: bpf-lsm: Failed to load BPF object: No such process
Mar 31 00:00:02 fedora kernel: pcie-apple 690000000.pcie: Link up on /soc/pcie@690000000/pci@1,0
Mar 31 00:00:02 fedora systemd-gpt-auto-generator[773]: Failed to dissect: Permission denied
Mar 31 00:00:02 fedora kernel: zram: Added device: zram0
Mar 31 00:00:02 fedora (sd-executor)[756]: /usr/lib/systemd/system-generators/ostree-system-generator terminated by signal SEGV.
Mar 31 00:00:02 fedora (sd-executor)[756]: /usr/lib/systemd/system-generators/systemd-gpt-auto-generator failed with exit status 1.
Mar 31 00:00:02 fedora kernel: pcie-apple 690000000.pcie: Link up on /soc/pcie@690000000/pci@2,0
Mar 31 00:00:02 fedora kernel: pcie-apple 690000000.pcie: ECAM at [mem 0x690000000-0x690ffffff] for [bus 00-03]
Mar 31 00:00:02 fedora kernel: pcie-apple 690000000.pcie: PCI host bridge to bus 0000:00
Mar 31 00:00:02 fedora kernel: pci_bus 0000:00: root bus resource [bus 00-03]
Mar 31 00:00:02 fedora kernel: pci_bus 0000:00: root bus resource [mem 0x6a0000000-0x6bfffffff pref]
Mar 31 00:00:02 fedora kernel: pci_bus 0000:00: root bus resource [mem 0x6c0000000-0x6ffffffff] (bus address [0xc0000000-0xffffffff])
Mar 31 00:00:02 fedora kernel: pci 0000:00:00.0: [106b:100c] type 01 class 0x060400
Mar 31 00:00:02 fedora kernel: pci 0000:00:00.0: PME# supported from D0 D3hot D3cold
Mar 31 00:00:02 fedora kernel: pci 0000:00:00.0: PTM enabled (root), 16ns granularity
Mar 31 00:00:02 fedora kernel: pci 0000:00:01.0: [106b:100c] type 01 class 0x060400
Mar 31 00:00:02 fedora kernel: pci 0000:00:01.0: PME# supported from D0 D3hot D3cold
Mar 31 00:00:02 fedora kernel: pci 0000:00:01.0: PTM enabled (root), 16ns granularity
Mar 31 00:00:02 fedora kernel: pci 0000:00:02.0: [106b:100c] type 01 class 0x060400
Mar 31 00:00:02 fedora kernel: pci 0000:00:02.0: PME# supported from D0 D3hot D3cold
Mar 31 00:00:02 fedora kernel: pci 0000:00:02.0: PTM enabled (root), 16ns granularity
Mar 31 00:00:02 fedora kernel: pci 0000:01:00.0: [14e4:4425] type 00 class 0x028000
Mar 31 00:00:02 fedora kernel: pci 0000:01:00.0: reg 0x10: [mem 0x00000000-0x0000ffff 64bit]
Mar 31 00:00:02 fedora kernel: pci 0000:01:00.0: reg 0x18: [mem 0x00000000-0x007fffff 64bit]
Mar 31 00:00:02 fedora kernel: pci 0000:01:00.0: supports D1 D2
Mar 31 00:00:02 fedora kernel: pci 0000:01:00.0: PME# supported from D0 D1 D2 D3hot D3cold
Mar 31 00:00:02 fedora kernel: pci 0000:01:00.1: [14e4:5f69] type 00 class 0x028000
Mar 31 00:00:02 fedora kernel: pci 0000:01:00.1: reg 0x10: [mem 0x00000000-0x00007fff 64bit]
Mar 31 00:00:02 fedora kernel: pci 0000:01:00.1: reg 0x18: [mem 0x00000000-0x003fffff 64bit]
Mar 31 00:00:02 fedora kernel: pci 0000:01:00.1: supports D1 D2
Mar 31 00:00:02 fedora kernel: pci 0000:01:00.1: PME# supported from D0 D1 D2 D3hot D3cold
Mar 31 00:00:02 fedora kernel: pci_bus 0000:01: busn_res: [bus 01-03] end is updated to 01
Mar 31 00:00:02 fedora kernel: pci 0000:02:00.0: [1b73:1100] type 00 class 0x0c0330
Mar 31 00:00:02 fedora kernel: pci 0000:02:00.0: reg 0x10: [mem 0x00000000-0x0000ffff 64bit]
Mar 31 00:00:02 fedora kernel: pci 0000:02:00.0: reg 0x18: [mem 0x00000000-0x00000fff 64bit]
Mar 31 00:00:02 fedora kernel: pci 0000:02:00.0: reg 0x20: [mem 0x00000000-0x00000fff 64bit]
Mar 31 00:00:02 fedora kernel: pci 0000:02:00.0: supports D1
Mar 31 00:00:02 fedora kernel: pci 0000:02:00.0: PME# supported from D0 D1 D3hot D3cold
Mar 31 00:00:02 fedora kernel: pci 0000:02:00.0: 2.000 Gb/s available PCIe bandwidth, limited by 2.5 GT/s PCIe x1 link at 0000:00:01.0 (capable of 4.000 Gb/s with 5.0 GT/s PCIe x1 link)
Mar 31 00:00:02 fedora systemd[1]: initrd-switch-root.service: Deactivated successfully.
Mar 31 00:00:02 fedora systemd[1]: Stopped initrd-switch-root.service - Switch Root.
Mar 31 00:00:02 fedora systemd[1]: systemd-journald.service: Scheduled restart job, restart counter is at 1.
Mar 31 00:00:02 fedora systemd[1]: Created slice machine.slice - Virtual Machine and Container Slice.
Mar 31 00:00:02 fedora systemd[1]: Created slice system-getty.slice - Slice /system/getty.
Mar 31 00:00:02 fedora systemd[1]: Created slice system-sshd\x2dkeygen.slice - Slice /system/sshd-keygen.
Mar 31 00:00:02 fedora systemd[1]: Created slice system-systemd\x2dgrowfs.slice - Slice /system/systemd-growfs.
Mar 31 00:00:02 fedora systemd[1]: Created slice system-systemd\x2dzram\x2dsetup.slice - Slice /system/systemd-zram-setup.
Mar 31 00:00:02 fedora systemd[1]: Created slice user.slice - User and Session Slice.
Mar 31 00:00:02 fedora systemd[1]: systemd-ask-password-console.path - Dispatch Password Requests to Console Directory Watch was skipped because of a failed condition check (ConditionPathExists=!/run/plymouth/pid).
Mar 31 00:00:02 fedora systemd[1]: Started systemd-ask-password-wall.path - Forward Password Requests to Wall Directory Watch.
Mar 31 00:00:02 fedora systemd[1]: Set up automount proc-sys-fs-binfmt_misc.automount - Arbitrary Executable File Formats File System Automount Point.
Mar 31 00:00:02 fedora systemd[1]: Reached target cryptsetup.target - Local Encrypted Volumes.
Mar 31 00:00:02 fedora systemd[1]: Reached target getty.target - Login Prompts.
Mar 31 00:00:02 fedora systemd[1]: Stopped target initrd-switch-root.target - Switch Root.
Mar 31 00:00:02 fedora systemd[1]: Stopped target initrd-fs.target - Initrd File Systems.
Mar 31 00:00:02 fedora systemd[1]: Stopped target initrd-root-fs.target - Initrd Root File System.
Mar 31 00:00:02 fedora systemd[1]: Reached target integritysetup.target - Local Integrity Protected Volumes.
Mar 31 00:00:02 fedora systemd[1]: Reached target rpc_pipefs.target.
Mar 31 00:00:02 fedora systemd[1]: Reached target slices.target - Slice Units.
Mar 31 00:00:02 fedora systemd[1]: Reached target veritysetup.target - Local Verity Protected Volumes.
Mar 31 00:00:02 fedora systemd[1]: Listening on dm-event.socket - Device-mapper event daemon FIFOs.
Mar 31 00:00:02 fedora systemd[1]: Listening on lvm2-lvmpolld.socket - LVM2 poll daemon socket.
Mar 31 00:00:02 fedora systemd[1]: multipathd.socket - multipathd control socket was skipped because of a failed condition check (ConditionKernelCommandLine=!multipath=off).
Mar 31 00:00:02 fedora systemd[1]: Listening on systemd-coredump.socket - Process Core Dump Socket.
Mar 31 00:00:02 fedora systemd[1]: Listening on systemd-initctl.socket - initctl Compatibility Named Pipe.
Mar 31 00:00:02 fedora systemd[1]: Listening on systemd-oomd.socket - Userspace Out-Of-Memory (OOM) Killer Socket.
Mar 31 00:00:02 fedora systemd[1]: Listening on systemd-udevd-control.socket - udev Control Socket.
Mar 31 00:00:02 fedora systemd[1]: Listening on systemd-udevd-kernel.socket - udev Kernel Socket.
Mar 31 00:00:02 fedora systemd[1]: Listening on systemd-userdbd.socket - User Database Manager Socket.
Mar 31 00:00:02 fedora kernel: pci_bus 0000:02: busn_res: [bus 02-03] end is updated to 02
Mar 31 00:00:02 fedora kernel: pci 0000:03:00.0: [14e4:1682] type 00 class 0x020000
Mar 31 00:00:02 fedora kernel: pci 0000:03:00.0: reg 0x10: [mem 0x00000000-0x0000ffff 64bit pref]
Mar 31 00:00:02 fedora kernel: pci 0000:03:00.0: reg 0x18: [mem 0x00000000-0x0000ffff 64bit pref]
Mar 31 00:00:02 fedora kernel: pci 0000:03:00.0: reg 0x30: [mem 0x00000000-0x000007ff pref]
Mar 31 00:00:02 fedora kernel: pci 0000:03:00.0: PME# supported from D0 D3hot D3cold
Mar 31 00:00:02 fedora kernel: pci_bus 0000:03: busn_res: [bus 03] end is updated to 03
Mar 31 00:00:02 fedora kernel: pci 0000:00:00.0: BAR 14: assigned [mem 0x6c0000000-0x6c0dfffff]
Mar 31 00:00:02 fedora kernel: pci 0000:00:01.0: BAR 14: assigned [mem 0x6c0e00000-0x6c0efffff]
Mar 31 00:00:02 fedora kernel: pci 0000:00:02.0: BAR 14: assigned [mem 0x6c0f00000-0x6c0ffffff]
Mar 31 00:00:02 fedora kernel: pci 0000:00:02.0: BAR 15: assigned [mem 0x6a0000000-0x6a00fffff 64bit pref]
Mar 31 00:00:02 fedora kernel: pci 0000:01:00.0: BAR 2: assigned [mem 0x6c0000000-0x6c07fffff 64bit]
Mar 31 00:00:02 fedora kernel: pci 0000:01:00.1: BAR 2: assigned [mem 0x6c0800000-0x6c0bfffff 64bit]
Mar 31 00:00:02 fedora kernel: pci 0000:01:00.0: BAR 0: assigned [mem 0x6c0c00000-0x6c0c0ffff 64bit]
Mar 31 00:00:02 fedora kernel: pci 0000:01:00.1: BAR 0: assigned [mem 0x6c0c10000-0x6c0c17fff 64bit]
Mar 31 00:00:02 fedora kernel: pci 0000:00:00.0: PCI bridge to [bus 01]
Mar 31 00:00:02 fedora kernel: pci 0000:00:00.0:   bridge window [mem 0x6c0000000-0x6c0dfffff]
Mar 31 00:00:02 fedora kernel: pci 0000:02:00.0: BAR 0: assigned [mem 0x6c0e00000-0x6c0e0ffff 64bit]
Mar 31 00:00:02 fedora kernel: pci 0000:02:00.0: BAR 2: assigned [mem 0x6c0e10000-0x6c0e10fff 64bit]
Mar 31 00:00:02 fedora kernel: pci 0000:02:00.0: BAR 4: assigned [mem 0x6c0e11000-0x6c0e11fff 64bit]
Mar 31 00:00:02 fedora kernel: pci 0000:00:01.0: PCI bridge to [bus 02]
Mar 31 00:00:02 fedora kernel: pci 0000:00:01.0:   bridge window [mem 0x6c0e00000-0x6c0efffff]
Mar 31 00:00:02 fedora kernel: pci 0000:03:00.0: BAR 0: assigned [mem 0x6a0000000-0x6a000ffff 64bit pref]
Mar 31 00:00:02 fedora kernel: pci 0000:03:00.0: BAR 2: assigned [mem 0x6a0010000-0x6a001ffff 64bit pref]
Mar 31 00:00:02 fedora kernel: pci 0000:03:00.0: BAR 6: assigned [mem 0x6c0f00000-0x6c0f007ff pref]
Mar 31 00:00:02 fedora kernel: pci 0000:00:02.0: PCI bridge to [bus 03]
Mar 31 00:00:02 fedora kernel: pci 0000:00:02.0:   bridge window [mem 0x6c0f00000-0x6c0ffffff]
Mar 31 00:00:02 fedora kernel: pci 0000:00:02.0:   bridge window [mem 0x6a0000000-0x6a00fffff 64bit pref]
Mar 31 00:00:02 fedora kernel: OF: /soc/pcie@690000000: no iommu-map translation for id 0x0 on (null)
Mar 31 00:00:02 fedora kernel: pcieport 0000:00:00.0: PME: Signaling with IRQ 101
Mar 31 00:00:02 fedora kernel: pcieport 0000:00:00.0: AER: enabled with IRQ 101
Mar 31 00:00:02 fedora kernel: OF: /soc/pcie@690000000: no iommu-map translation for id 0x8 on (null)
Mar 31 00:00:02 fedora kernel: pcieport 0000:00:01.0: PME: Signaling with IRQ 103
Mar 31 00:00:02 fedora kernel: pcieport 0000:00:01.0: AER: enabled with IRQ 103
Mar 31 00:00:02 fedora kernel: OF: /soc/pcie@690000000: no iommu-map translation for id 0x10 on (null)
Mar 31 00:00:02 fedora kernel: pcieport 0000:00:02.0: PME: Signaling with IRQ 105
Mar 31 00:00:02 fedora kernel: pcieport 0000:00:02.0: AER: enabled with IRQ 105
Mar 31 00:00:02 fedora kernel: pci 0000:02:00.0: enabling device (0000 -> 0002)
Mar 31 00:00:02 fedora kernel: xhci_hcd 0000:02:00.0: Adding to iommu group 5
Mar 31 00:00:02 fedora kernel: iommu: Failed to allocate default IOMMU domain of type 11 for group (null) - Falling back to IOMMU_DOMAIN_DMA
Mar 31 00:00:02 fedora kernel: xhci_hcd 0000:02:00.0: xHCI Host Controller
Mar 31 00:00:02 fedora kernel: xhci_hcd 0000:02:00.0: new USB bus registered, assigned bus number 1
Mar 31 00:00:02 fedora kernel: xhci_hcd 0000:02:00.0: hcc params 0x200071e1 hci version 0x100 quirks 0x0000000000000410
Mar 31 00:00:02 fedora kernel: xhci_hcd 0000:02:00.0: xHCI Host Controller
Mar 31 00:00:02 fedora kernel: xhci_hcd 0000:02:00.0: new USB bus registered, assigned bus number 2
Mar 31 00:00:02 fedora kernel: xhci_hcd 0000:02:00.0: Host supports USB 3.0 SuperSpeed
Mar 31 00:00:02 fedora kernel: usb usb1: New USB device found, idVendor=1d6b, idProduct=0002, bcdDevice= 6.02
Mar 31 00:00:02 fedora kernel: usb usb1: New USB device strings: Mfr=3, Product=2, SerialNumber=1
Mar 31 00:00:02 fedora kernel: usb usb1: Product: xHCI Host Controller
Mar 31 00:00:02 fedora kernel: usb usb1: Manufacturer: Linux 6.2.14-450.asahi.fc37.aarch64 xhci-hcd
Mar 31 00:00:02 fedora kernel: usb usb1: SerialNumber: 0000:02:00.0
Mar 31 00:00:02 fedora kernel: hub 1-0:1.0: USB hub found
Mar 31 00:00:02 fedora kernel: hub 1-0:1.0: 4 ports detected
Mar 31 00:00:02 fedora kernel: usb usb2: We don't know the algorithms for LPM for this host, disabling LPM.
Mar 31 00:00:02 fedora kernel: usb usb2: New USB device found, idVendor=1d6b, idProduct=0003, bcdDevice= 6.02
Mar 31 00:00:02 fedora kernel: usb usb2: New USB device strings: Mfr=3, Product=2, SerialNumber=1
Mar 31 00:00:02 fedora kernel: usb usb2: Product: xHCI Host Controller
Mar 31 00:00:02 fedora kernel: usb usb2: Manufacturer: Linux 6.2.14-450.asahi.fc37.aarch64 xhci-hcd
Mar 31 00:00:02 fedora kernel: usb usb2: SerialNumber: 0000:02:00.0
Mar 31 00:00:02 fedora kernel: hub 2-0:1.0: USB hub found
Mar 31 00:00:02 fedora kernel: hub 2-0:1.0: 4 ports detected
Mar 31 00:00:02 fedora systemd[1]: Mounting dev-hugepages.mount - Huge Pages File System...
Mar 31 00:00:02 fedora systemd[1]: Mounting dev-mqueue.mount - POSIX Message Queue File System...
Mar 31 00:00:02 fedora systemd[1]: Mounting sys-kernel-debug.mount - Kernel Debug File System...
Mar 31 00:00:02 fedora systemd[1]: Mounting sys-kernel-tracing.mount - Kernel Trace File System...
Mar 31 00:00:02 fedora systemd[1]: auth-rpcgss-module.service - Kernel Module supporting RPCSEC_GSS was skipped because of a failed condition check (ConditionPathExists=/etc/krb5.keytab).
Mar 31 00:00:02 fedora systemd[1]: Starting kmod-static-nodes.service - Create List of Static Device Nodes...
Mar 31 00:00:02 fedora systemd[1]: Starting lvm2-monitor.service - Monitoring of LVM2 mirrors, snapshots etc. using dmeventd or progress polling...
Mar 31 00:00:02 fedora systemd[1]: Starting modprobe@configfs.service - Load Kernel Module configfs...
Mar 31 00:00:02 fedora systemd[1]: Starting modprobe@dm_mod.service - Load Kernel Module dm_mod...
Mar 31 00:00:02 fedora systemd[1]: Starting modprobe@drm.service - Load Kernel Module drm...
Mar 31 00:00:02 fedora systemd[1]: Starting modprobe@fuse.service - Load Kernel Module fuse...
Mar 31 00:00:02 fedora systemd[1]: Starting modprobe@loop.service - Load Kernel Module loop...
Mar 31 00:00:02 fedora systemd[1]: plymouth-switch-root.service: Deactivated successfully.
Mar 31 00:00:02 fedora systemd[1]: Stopped plymouth-switch-root.service - Plymouth switch root service.
Mar 31 00:00:02 fedora systemd[1]: Stopped systemd-journald.service - Journal Service.
Mar 31 00:00:02 fedora systemd[1]: Starting systemd-journald.service - Journal Service...
Mar 31 00:00:02 fedora systemd[1]: Starting systemd-modules-load.service - Load Kernel Modules...
Mar 31 00:00:02 fedora kernel: loop: module loaded
Mar 31 00:00:02 fedora systemd[1]: Starting systemd-network-generator.service - Generate network units from Kernel command line...
Mar 31 00:00:02 fedora systemd[1]: Starting systemd-remount-fs.service - Remount Root and Kernel File Systems...
Mar 31 00:00:02 fedora systemd[1]: Starting systemd-udev-trigger.service - Coldplug All udev Devices...
Mar 31 00:00:02 fedora systemd[1]: Mounted dev-hugepages.mount - Huge Pages File System.
Mar 31 00:00:02 fedora systemd[1]: Mounted dev-mqueue.mount - POSIX Message Queue File System.
Mar 31 00:00:02 fedora systemd[1]: Mounted sys-kernel-debug.mount - Kernel Debug File System.
Mar 31 00:00:02 fedora systemd[1]: Mounted sys-kernel-tracing.mount - Kernel Trace File System.
Mar 31 00:00:02 fedora systemd[1]: Finished kmod-static-nodes.service - Create List of Static Device Nodes.
Mar 31 00:00:02 fedora systemd[1]: modprobe@configfs.service: Deactivated successfully.
Mar 31 00:00:02 fedora systemd[1]: Finished modprobe@configfs.service - Load Kernel Module configfs.
Mar 31 00:00:02 fedora systemd[1]: modprobe@dm_mod.service: Deactivated successfully.
Mar 31 00:00:02 fedora systemd[1]: Finished modprobe@dm_mod.service - Load Kernel Module dm_mod.
Mar 31 00:00:02 fedora systemd[1]: modprobe@drm.service: Deactivated successfully.
Mar 31 00:00:02 fedora systemd[1]: Finished modprobe@drm.service - Load Kernel Module drm.
Mar 31 00:00:02 fedora systemd[1]: modprobe@fuse.service: Deactivated successfully.
Mar 31 00:00:02 fedora systemd[1]: Finished modprobe@fuse.service - Load Kernel Module fuse.
Mar 31 00:00:02 fedora systemd[1]: modprobe@loop.service: Deactivated successfully.
Mar 31 00:00:02 fedora systemd[1]: Finished modprobe@loop.service - Load Kernel Module loop.
Mar 31 00:00:02 fedora kernel: BTRFS info (device nvme0n1p6: state M): use zstd compression, level 1
Mar 31 00:00:02 fedora systemd[1]: Finished systemd-network-generator.service - Generate network units from Kernel command line.
Mar 31 00:00:02 fedora systemd[1]: Finished systemd-remount-fs.service - Remount Root and Kernel File Systems.
Mar 31 00:00:02 fedora systemd[1]: Mounting sys-fs-fuse-connections.mount - FUSE Control File System...
Mar 31 00:00:02 fedora systemd[1]: iscsi-onboot.service - Special handling of early boot iSCSI sessions was skipped because of a failed condition check (ConditionDirectoryNotEmpty=/sys/class/iscsi_session).
Mar 31 00:00:02 fedora systemd[1]: multipathd.service - Device-Mapper Multipath Device Controller was skipped because of a failed condition check (ConditionKernelCommandLine=!multipath=off).
Mar 31 00:00:02 fedora systemd[1]: ostree-remount.service - OSTree Remount OS/ Bind Mounts was skipped because of a failed condition check (ConditionKernelCommandLine=ostree).
Mar 31 00:00:02 fedora systemd[1]: systemd-firstboot.service - First Boot Wizard was skipped because of a failed condition check (ConditionFirstBoot=yes).
Mar 31 00:00:02 fedora systemd[1]: systemd-hwdb-update.service - Rebuild Hardware Database was skipped because of a failed condition check (ConditionNeedsUpdate=/etc).
Mar 31 00:00:02 fedora systemd[1]: Starting systemd-random-seed.service - Load/Save Random Seed...
Mar 31 00:00:02 fedora systemd[1]: systemd-repart.service - Repartition Root Disk was skipped because all trigger condition checks failed.
Mar 31 00:00:02 fedora systemd[1]: Starting systemd-growfs@-.service - Grow File System on /...
Mar 31 00:00:02 fedora systemd[1]: systemd-sysusers.service - Create System Users was skipped because of a failed condition check (ConditionNeedsUpdate=/etc).
Mar 31 00:00:02 fedora systemd[1]: Starting systemd-tmpfiles-setup-dev.service - Create Static Device Nodes in /dev...
Mar 31 00:00:02 fedora systemd[1]: Finished systemd-modules-load.service - Load Kernel Modules.
Mar 31 00:00:02 fedora systemd[1]: Mounted sys-fs-fuse-connections.mount - FUSE Control File System.
Mar 31 00:00:02 fedora systemd[1]: Starting systemd-sysctl.service - Apply Kernel Variables...
Mar 31 00:00:02 fedora systemd[1]: Finished systemd-sysctl.service - Apply Kernel Variables.
Mar 31 00:00:02 fedora systemd[1]: Finished systemd-growfs@-.service - Grow File System on /.
Mar 31 00:00:02 fedora systemd-journald[810]: Journal started
Mar 31 00:00:02 fedora systemd-journald[810]: Runtime Journal (/run/log/journal/1fc534b51a0c4ccb826c6149a81aa3d0) is 8.0M, max 151.3M, 143.3M free.
Mar 31 00:00:02 fedora audit: MAC_STATUS enforcing=1 old_enforcing=0 auid=4294967295 ses=4294967295 enabled=1 old-enabled=1 lsm=selinux res=1
Mar 31 00:00:02 fedora audit: MAC_POLICY_LOAD auid=4294967295 ses=4294967295 lsm=selinux res=1
Mar 31 00:00:02 fedora audit: BPF prog-id=26 op=LOAD
Mar 31 00:00:02 fedora audit: BPF prog-id=26 op=UNLOAD
Mar 31 00:00:02 fedora audit: BPF prog-id=27 op=LOAD
Mar 31 00:00:02 fedora audit: BPF prog-id=27 op=UNLOAD
Mar 31 00:00:02 fedora audit: BPF prog-id=28 op=LOAD
Mar 31 00:00:02 fedora audit: BPF prog-id=28 op=UNLOAD
Mar 31 00:00:02 fedora audit: BPF prog-id=29 op=LOAD
Mar 31 00:00:02 fedora audit: BPF prog-id=29 op=UNLOAD
Mar 31 00:00:02 fedora audit: BPF prog-id=30 op=LOAD
Mar 31 00:00:02 fedora audit: BPF prog-id=30 op=UNLOAD
Mar 31 00:00:02 fedora audit: BPF prog-id=31 op=LOAD
Mar 31 00:00:02 fedora audit: BPF prog-id=32 op=LOAD
Mar 31 00:00:02 fedora audit: BPF prog-id=31 op=UNLOAD
Mar 31 00:00:02 fedora audit: BPF prog-id=32 op=UNLOAD
Mar 31 00:00:02 fedora audit: BPF prog-id=33 op=LOAD
Mar 31 00:00:02 fedora audit: BPF prog-id=33 op=UNLOAD
Mar 31 00:00:02 fedora audit: BPF prog-id=34 op=LOAD
Mar 31 00:00:02 fedora audit: BPF prog-id=34 op=UNLOAD
Mar 31 00:00:02 fedora audit: BPF prog-id=35 op=LOAD
Mar 31 00:00:02 fedora audit: BPF prog-id=35 op=UNLOAD
Mar 31 00:00:02 fedora audit: BPF prog-id=36 op=LOAD
Mar 31 00:00:02 fedora audit: BPF prog-id=36 op=UNLOAD
Mar 31 00:00:02 fedora audit: BPF prog-id=37 op=LOAD
Mar 31 00:00:02 fedora audit: BPF prog-id=38 op=LOAD
Mar 31 00:00:02 fedora audit: BPF prog-id=38 op=UNLOAD
Mar 31 00:00:02 fedora audit: BPF prog-id=39 op=LOAD
Mar 31 00:00:02 fedora audit: BPF prog-id=37 op=UNLOAD
Mar 31 00:00:02 fedora audit: BPF prog-id=39 op=UNLOAD
Mar 31 00:00:02 fedora audit: BPF prog-id=40 op=LOAD
Mar 31 00:00:02 fedora audit: BPF prog-id=40 op=UNLOAD
Mar 31 00:00:02 fedora audit[762]: ANOM_ABEND auid=4294967295 uid=0 gid=0 ses=4294967295 subj=system_u:system_r:init_t:s0 pid=762 comm="ostree-system-g" exe="/usr/lib/systemd/system-generators/ostree-system-generator" sig=11 res=1
Mar 31 00:00:02 fedora audit: BPF prog-id=41 op=LOAD
Mar 31 00:00:02 fedora audit: BPF prog-id=23 op=UNLOAD
Mar 31 00:00:02 fedora audit: BPF prog-id=42 op=LOAD
Mar 31 00:00:02 fedora audit: BPF prog-id=43 op=LOAD
Mar 31 00:00:02 fedora audit: BPF prog-id=24 op=UNLOAD
Mar 31 00:00:02 fedora audit: BPF prog-id=25 op=UNLOAD
Mar 31 00:00:02 fedora audit[1]: SERVICE_STOP pid=1 uid=0 auid=4294967295 ses=4294967295 subj=system_u:system_r:init_t:s0 msg='unit=systemd-journald comm="systemd" exe="/usr/lib/systemd/systemd" hostname=? addr=? terminal=? res=success'
Mar 31 00:00:02 fedora audit[1]: SERVICE_START pid=1 uid=0 auid=4294967295 ses=4294967295 subj=system_u:system_r:init_t:s0 msg='unit=initrd-switch-root comm="systemd" exe="/usr/lib/systemd/systemd" hostname=? addr=? terminal=? res=success'
Mar 31 00:00:02 fedora audit[1]: SERVICE_STOP pid=1 uid=0 auid=4294967295 ses=4294967295 subj=system_u:system_r:init_t:s0 msg='unit=initrd-switch-root comm="systemd" exe="/usr/lib/systemd/systemd" hostname=? addr=? terminal=? res=success'
Mar 31 00:00:02 fedora audit: BPF prog-id=41 op=UNLOAD
Mar 31 00:00:02 fedora audit[1]: SERVICE_STOP pid=1 uid=0 auid=4294967295 ses=4294967295 subj=system_u:system_r:init_t:s0 msg='unit=plymouth-switch-root comm="systemd" exe="/usr/lib/systemd/systemd" hostname=? addr=? terminal=? res=success'
Mar 31 00:00:02 fedora audit[1]: SERVICE_START pid=1 uid=0 auid=4294967295 ses=4294967295 subj=system_u:system_r:init_t:s0 msg='unit=systemd-journald comm="systemd" exe="/usr/lib/systemd/systemd" hostname=? addr=? terminal=? res=success'
Mar 31 00:00:02 fedora audit[1]: SERVICE_STOP pid=1 uid=0 auid=4294967295 ses=4294967295 subj=system_u:system_r:init_t:s0 msg='unit=systemd-journald comm="systemd" exe="/usr/lib/systemd/systemd" hostname=? addr=? terminal=? res=success'
Mar 31 00:00:02 fedora audit: BPF prog-id=44 op=LOAD
Mar 31 00:00:02 fedora audit: BPF prog-id=45 op=LOAD
Mar 31 00:00:02 fedora audit: BPF prog-id=46 op=LOAD
Mar 31 00:00:02 fedora audit: BPF prog-id=42 op=UNLOAD
Mar 31 00:00:02 fedora audit: BPF prog-id=43 op=UNLOAD
Mar 31 00:00:02 fedora audit[1]: SERVICE_START pid=1 uid=0 auid=4294967295 ses=4294967295 subj=system_u:system_r:init_t:s0 msg='unit=kmod-static-nodes comm="systemd" exe="/usr/lib/systemd/systemd" hostname=? addr=? terminal=? res=success'
Mar 31 00:00:02 fedora audit[1]: SERVICE_START pid=1 uid=0 auid=4294967295 ses=4294967295 subj=system_u:system_r:init_t:s0 msg='unit=modprobe@configfs comm="systemd" exe="/usr/lib/systemd/systemd" hostname=? addr=? terminal=? res=success'
Mar 31 00:00:02 fedora audit[1]: SERVICE_STOP pid=1 uid=0 auid=4294967295 ses=4294967295 subj=system_u:system_r:init_t:s0 msg='unit=modprobe@configfs comm="systemd" exe="/usr/lib/systemd/systemd" hostname=? addr=? terminal=? res=success'
Mar 31 00:00:02 fedora audit[1]: SERVICE_START pid=1 uid=0 auid=4294967295 ses=4294967295 subj=system_u:system_r:init_t:s0 msg='unit=modprobe@dm_mod comm="systemd" exe="/usr/lib/systemd/systemd" hostname=? addr=? terminal=? res=success'
Mar 31 00:00:02 fedora audit[1]: SERVICE_STOP pid=1 uid=0 auid=4294967295 ses=4294967295 subj=system_u:system_r:init_t:s0 msg='unit=modprobe@dm_mod comm="systemd" exe="/usr/lib/systemd/systemd" hostname=? addr=? terminal=? res=success'
Mar 31 00:00:02 fedora audit[1]: SERVICE_START pid=1 uid=0 auid=4294967295 ses=4294967295 subj=system_u:system_r:init_t:s0 msg='unit=modprobe@drm comm="systemd" exe="/usr/lib/systemd/systemd" hostname=? addr=? terminal=? res=success'
Mar 31 00:00:02 fedora audit[1]: SERVICE_STOP pid=1 uid=0 auid=4294967295 ses=4294967295 subj=system_u:system_r:init_t:s0 msg='unit=modprobe@drm comm="systemd" exe="/usr/lib/systemd/systemd" hostname=? addr=? terminal=? res=success'
Mar 31 00:00:02 fedora audit[1]: SERVICE_START pid=1 uid=0 auid=4294967295 ses=4294967295 subj=system_u:system_r:init_t:s0 msg='unit=modprobe@fuse comm="systemd" exe="/usr/lib/systemd/systemd" hostname=? addr=? terminal=? res=success'
Mar 31 00:00:02 fedora audit[1]: SERVICE_STOP pid=1 uid=0 auid=4294967295 ses=4294967295 subj=system_u:system_r:init_t:s0 msg='unit=modprobe@fuse comm="systemd" exe="/usr/lib/systemd/systemd" hostname=? addr=? terminal=? res=success'
Mar 31 00:00:02 fedora audit[1]: SERVICE_START pid=1 uid=0 auid=4294967295 ses=4294967295 subj=system_u:system_r:init_t:s0 msg='unit=modprobe@loop comm="systemd" exe="/usr/lib/systemd/systemd" hostname=? addr=? terminal=? res=success'
Mar 31 00:00:02 fedora audit[1]: SERVICE_STOP pid=1 uid=0 auid=4294967295 ses=4294967295 subj=system_u:system_r:init_t:s0 msg='unit=modprobe@loop comm="systemd" exe="/usr/lib/systemd/systemd" hostname=? addr=? terminal=? res=success'
Mar 31 00:00:02 fedora audit[1]: SERVICE_START pid=1 uid=0 auid=4294967295 ses=4294967295 subj=system_u:system_r:init_t:s0 msg='unit=systemd-network-generator comm="systemd" exe="/usr/lib/systemd/systemd" hostname=? addr=? terminal=? res=success'
Mar 31 00:00:02 fedora audit[1]: SERVICE_START pid=1 uid=0 auid=4294967295 ses=4294967295 subj=system_u:system_r:init_t:s0 msg='unit=systemd-remount-fs comm="systemd" exe="/usr/lib/systemd/systemd" hostname=? addr=? terminal=? res=success'
Mar 31 00:00:02 fedora audit[1]: SERVICE_START pid=1 uid=0 auid=4294967295 ses=4294967295 subj=system_u:system_r:init_t:s0 msg='unit=systemd-modules-load comm="systemd" exe="/usr/lib/systemd/systemd" hostname=? addr=? terminal=? res=success'
Mar 31 00:00:02 fedora audit: CONFIG_CHANGE op=set audit_enabled=1 old=1 auid=4294967295 ses=4294967295 subj=system_u:system_r:syslogd_t:s0 res=1
Mar 31 00:00:02 fedora audit[810]: SYSCALL arch=c00000b7 syscall=211 success=yes exit=60 a0=5 a1=ffffc6b24890 a2=4000 a3=1 items=0 ppid=1 pid=810 auid=4294967295 uid=0 gid=0 euid=0 suid=0 fsuid=0 egid=0 sgid=0 fsgid=0 tty=(none) ses=4294967295 comm="systemd-journal" exe="/usr/lib/systemd/systemd-journald" subj=system_u:system_r:syslogd_t:s0 key=(null)
Mar 31 00:00:02 fedora audit: PROCTITLE proctitle="/usr/lib/systemd/systemd-journald"
Mar 31 00:00:02 fedora audit[1]: SERVICE_START pid=1 uid=0 auid=4294967295 ses=4294967295 subj=system_u:system_r:init_t:s0 msg='unit=systemd-sysctl comm="systemd" exe="/usr/lib/systemd/systemd" hostname=? addr=? terminal=? res=success'
Mar 31 00:00:02 fedora audit[1]: SERVICE_START pid=1 uid=0 auid=4294967295 ses=4294967295 subj=system_u:system_r:init_t:s0 msg='unit=systemd-growfs@- comm="systemd" exe="/usr/lib/systemd/systemd" hostname=? addr=? terminal=? res=success'
Mar 31 00:00:02 fedora audit[1]: SERVICE_START pid=1 uid=0 auid=4294967295 ses=4294967295 subj=system_u:system_r:init_t:s0 msg='unit=systemd-journald comm="systemd" exe="/usr/lib/systemd/systemd" hostname=? addr=? terminal=? res=success'
Mar 31 00:00:02 fedora systemd[1]: Queued start job for default target graphical.target.
Mar 31 00:00:02 fedora audit[1]: SERVICE_START pid=1 uid=0 auid=4294967295 ses=4294967295 subj=system_u:system_r:init_t:s0 msg='unit=systemd-tmpfiles-setup-dev comm="systemd" exe="/usr/lib/systemd/systemd" hostname=? addr=? terminal=? res=success'
Mar 31 00:00:02 fedora systemd[1]: systemd-journald.service: Deactivated successfully.
Mar 31 00:00:02 fedora systemd-growfs[818]: Successfully resized "/" to 110.3G bytes.
Mar 31 00:00:02 fedora systemd[1]: Starting systemd-journal-flush.service - Flush Journal to Persistent Storage...
Mar 31 00:00:02 fedora systemd[1]: Finished systemd-tmpfiles-setup-dev.service - Create Static Device Nodes in /dev.
Mar 31 00:00:02 fedora audit: BPF prog-id=47 op=LOAD
Mar 31 00:00:02 fedora audit: BPF prog-id=48 op=LOAD
Mar 31 00:00:02 fedora audit: BPF prog-id=21 op=UNLOAD
Mar 31 00:00:02 fedora audit: BPF prog-id=22 op=UNLOAD
Mar 31 00:00:02 fedora systemd[1]: Starting systemd-udevd.service - Rule-based Manager for Device Events and Files...
Mar 31 00:00:02 fedora systemd[1]: Finished systemd-random-seed.service - Load/Save Random Seed.
Mar 31 00:00:02 fedora audit[1]: SERVICE_START pid=1 uid=0 auid=4294967295 ses=4294967295 subj=system_u:system_r:init_t:s0 msg='unit=systemd-random-seed comm="systemd" exe="/usr/lib/systemd/systemd" hostname=? addr=? terminal=? res=success'
Mar 31 00:00:02 fedora systemd[1]: first-boot-complete.target - First Boot Complete was skipped because of a failed condition check (ConditionFirstBoot=yes).
Mar 31 00:00:02 fedora systemd-journald[810]: Time spent on flushing to /var/log/journal/1fc534b51a0c4ccb826c6149a81aa3d0 is 7.514ms for 958 entries.
Mar 31 00:00:02 fedora systemd-journald[810]: System Journal (/var/log/journal/1fc534b51a0c4ccb826c6149a81aa3d0) is 1.3G, max 4.0G, 2.6G free.
Mar 31 00:00:02 fedora systemd[1]: Started systemd-journald.service - Journal Service.
Mar 31 00:00:02 fedora systemd-journald[810]: Received client request to flush runtime journal.
Mar 31 00:00:02 fedora systemd-journald[810]: File /var/log/journal/1fc534b51a0c4ccb826c6149a81aa3d0/system.journal corrupted or uncleanly shut down, renaming and replacing.
Mar 31 00:00:02 fedora kernel: tg3 0000:03:00.0: Adding to iommu group 6
Mar 31 00:00:02 fedora kernel: iommu: Failed to allocate default IOMMU domain of type 11 for group (null) - Falling back to IOMMU_DOMAIN_DMA
Mar 31 00:00:02 fedora kernel: tg3 0000:03:00.0: enabling device (0000 -> 0002)
Mar 31 00:00:02 fedora audit[1]: SERVICE_START pid=1 uid=0 auid=4294967295 ses=4294967295 subj=system_u:system_r:init_t:s0 msg='unit=systemd-udev-trigger comm="systemd" exe="/usr/lib/systemd/systemd" hostname=? addr=? terminal=? res=success'
Mar 31 00:00:02 fedora audit[1]: SERVICE_START pid=1 uid=0 auid=4294967295 ses=4294967295 subj=system_u:system_r:init_t:s0 msg='unit=systemd-udevd comm="systemd" exe="/usr/lib/systemd/systemd" hostname=? addr=? terminal=? res=success'
Mar 31 00:00:02 fedora systemd-udevd[823]: Using default interface naming scheme 'v251'.
Mar 31 00:00:03 fedora kernel: tg3 0000:03:00.0 eth0: Tigon3 [partno(BCM57762) rev 57766000] (PCI Express) MAC address 14:98:77:54:08:51
Mar 31 00:00:03 fedora kernel: tg3 0000:03:00.0 eth0: attached PHY is 57765 (10/100/1000Base-T Ethernet) (WireSpeed[1], EEE[1])
Mar 31 00:00:03 fedora kernel: tg3 0000:03:00.0 eth0: RXcsums[1] LinkChgREG[0] MIirq[0] ASF[0] TSOcap[1]
Mar 31 00:00:03 fedora kernel: tg3 0000:03:00.0 eth0: dma_rwctrl[00000001] dma_mask[64-bit]
Mar 31 00:00:03 fedora kernel: usb 1-1: new full-speed USB device number 2 using xhci_hcd
Mar 31 00:00:02 fedora systemd[1]: Finished systemd-udev-trigger.service - Coldplug All udev Devices.
