Dec 14 00:00:00 fedora kernel: Booting Linux on physical CPU 0x0000000000 [0x611f0221]
Dec 14 00:00:00 fedora kernel: Linux version 6.1.0-0.rc8.e2b542100719.58.asahi.test.fc37.aarch64 (mockbuild@c91389422a3c40a9b0d200baf1a76cdb) (clang version 15.0.6 (Fedora 15.0.6-1.fc37), GNU ld version 2.38-25.fc37) #1 SMP PREEMPT_DYNAMIC Fri Dec 16 13:38:24 UTC 2022
Dec 14 00:00:00 fedora kernel: random: crng init done
Dec 14 00:00:00 fedora kernel: Machine model: Apple Mac mini (M1, 2020)
Dec 14 00:00:00 fedora kernel: efi: EFI v2.90 by Das U-Boot
Dec 14 00:00:00 fedora kernel: efi: RTPROP=0x9db8bd040 MOKvar=0x9db78d000 MEMRESERVE=0x9db76e040 
Dec 14 00:00:00 fedora kernel: NUMA: No NUMA configuration found
Dec 14 00:00:00 fedora kernel: NUMA: Faking a node at [mem 0x00000008010ec000-0x00000009fffbbfff]
Dec 14 00:00:00 fedora kernel: NUMA: NODE_DATA [mem 0x9e0524900-0x9e053bfff]
Dec 14 00:00:00 fedora kernel: Zone ranges:
Dec 14 00:00:00 fedora kernel:   DMA      [mem 0x00000008010ec000-0x00000009fffbbfff]
Dec 14 00:00:00 fedora kernel:   DMA32    empty
Dec 14 00:00:00 fedora kernel:   Normal   empty
Dec 14 00:00:00 fedora kernel:   Device   empty
Dec 14 00:00:00 fedora kernel: Movable zone start for each node
Dec 14 00:00:00 fedora kernel: Early memory node ranges
Dec 14 00:00:00 fedora kernel:   node   0: [mem 0x00000008010ec000-0x00000008020d3fff]
Dec 14 00:00:00 fedora kernel:   node   0: [mem 0x00000008020d4000-0x00000008021a3fff]
Dec 14 00:00:00 fedora kernel:   node   0: [mem 0x00000008021a4000-0x0000000803787fff]
Dec 14 00:00:00 fedora kernel:   node   0: [mem 0x0000000803788000-0x00000008037a7fff]
Dec 14 00:00:00 fedora kernel:   node   0: [mem 0x00000008037a8000-0x00000009db78bfff]
Dec 14 00:00:00 fedora kernel:   node   0: [mem 0x00000009db78c000-0x00000009db78ffff]
Dec 14 00:00:00 fedora kernel:   node   0: [mem 0x00000009db790000-0x00000009db7d3fff]
Dec 14 00:00:00 fedora kernel:   node   0: [mem 0x00000009db7d4000-0x00000009db7d7fff]
Dec 14 00:00:00 fedora kernel:   node   0: [mem 0x00000009db7d8000-0x00000009db8bbfff]
Dec 14 00:00:00 fedora kernel:   node   0: [mem 0x00000009db8bc000-0x00000009db8c7fff]
Dec 14 00:00:00 fedora kernel:   node   0: [mem 0x00000009db8c8000-0x00000009e090ffff]
Dec 14 00:00:00 fedora kernel:   node   0: [mem 0x00000009e0910000-0x00000009e091ffff]
Dec 14 00:00:00 fedora kernel:   node   0: [mem 0x00000009e0920000-0x00000009e09d7fff]
Dec 14 00:00:00 fedora kernel:   node   0: [mem 0x00000009e3a18000-0x00000009e62dbfff]
Dec 14 00:00:00 fedora kernel:   node   0: [mem 0x00000009fff74000-0x00000009fffbbfff]
Dec 14 00:00:00 fedora kernel: Initmem setup node 0 [mem 0x00000008010ec000-0x00000009fffbbfff]
Dec 14 00:00:00 fedora kernel: On node 0, zone DMA: 1083 pages in unavailable ranges
Dec 14 00:00:00 fedora kernel: On node 0, zone DMA: 3088 pages in unavailable ranges
Dec 14 00:00:00 fedora kernel: On node 0, zone DMA: 10022 pages in unavailable ranges
Dec 14 00:00:00 fedora kernel: On node 0, zone DMA: 17 pages in unavailable ranges
Dec 14 00:00:00 fedora kernel: cma: Reserved 64 MiB at 0x0000000804000000
Dec 14 00:00:00 fedora kernel: percpu: Embedded 127 pages/cpu s2028648 r8192 d43928 u2080768
Dec 14 00:00:00 fedora kernel: pcpu-alloc: s2028648 r8192 d43928 u2080768 alloc=127*16384
Dec 14 00:00:00 fedora kernel: pcpu-alloc: [0] 0 [0] 1 [0] 2 [0] 3 [0] 4 [0] 5 [0] 6 [0] 7 
Dec 14 00:00:00 fedora kernel: Detected VIPT I-cache on CPU0
Dec 14 00:00:00 fedora kernel: CPU features: detected: Address authentication (IMP DEF algorithm)
Dec 14 00:00:00 fedora kernel: CPU features: detected: Virtualization Host Extensions
Dec 14 00:00:00 fedora kernel: CPU features: detected: Spectre-v4
Dec 14 00:00:00 fedora kernel: alternatives: applying boot alternatives
Dec 14 00:00:00 fedora kernel: Fallback order for Node 0: 0 
Dec 14 00:00:00 fedora kernel: Built 1 zonelists, mobility grouping on.  Total pages: 491650
Dec 14 00:00:00 fedora kernel: Policy zone: DMA
Dec 14 00:00:00 fedora kernel: Kernel command line: BOOT_IMAGE=(hd0,gpt5)/vmlinuz-6.1.0-0.rc8.e2b542100719.58.asahi.test.fc37.aarch64 root=UUID=32f10204-64d8-4188-ad81-e1c792a43116 ro rootflags=subvol=@ USE_BY_UUID_DEVICE_NAMES=1 scsi_mod.use_blk_mq=1 multipath=off rhgb quiet
Dec 14 00:00:00 fedora kernel: Unknown kernel command line parameters "rhgb BOOT_IMAGE=(hd0,gpt5)/vmlinuz-6.1.0-0.rc8.e2b542100719.58.asahi.test.fc37.aarch64 USE_BY_UUID_DEVICE_NAMES=1 multipath=off", will be passed to user space.
Dec 14 00:00:00 fedora kernel: Dentry cache hash table entries: 1048576 (order: 9, 8388608 bytes, linear)
Dec 14 00:00:00 fedora kernel: Inode-cache hash table entries: 524288 (order: 8, 4194304 bytes, linear)
Dec 14 00:00:00 fedora kernel: mem auto-init: stack:all(zero), heap alloc:off, heap free:off
Dec 14 00:00:00 fedora kernel: Memory: 7554944K/7899104K available (18752K kernel code, 4986K rwdata, 9472K rodata, 12032K init, 36743K bss, 278624K reserved, 65536K cma-reserved)
Dec 14 00:00:00 fedora kernel: SLUB: HWalign=64, Order=0-3, MinObjects=0, CPUs=8, Nodes=1
Dec 14 00:00:00 fedora kernel: kmemleak: Kernel memory leak detector disabled
Dec 14 00:00:00 fedora kernel: ftrace: allocating 53968 entries in 53 pages
Dec 14 00:00:00 fedora kernel: ftrace: allocated 53 pages with 4 groups
Dec 14 00:00:00 fedora kernel: trace event string verifier disabled
Dec 14 00:00:00 fedora kernel: Dynamic Preempt: voluntary
Dec 14 00:00:00 fedora kernel: Running RCU self tests
Dec 14 00:00:00 fedora kernel: rcu: Preemptible hierarchical RCU implementation.
Dec 14 00:00:00 fedora kernel: rcu:         RCU lockdep checking is enabled.
Dec 14 00:00:00 fedora kernel: rcu:         RCU restricting CPUs from NR_CPUS=4096 to nr_cpu_ids=8.
Dec 14 00:00:00 fedora kernel: rcu:         RCU callback double-/use-after-free debug is enabled.
Dec 14 00:00:00 fedora kernel:         Trampoline variant of Tasks RCU enabled.
Dec 14 00:00:00 fedora kernel:         Rude variant of Tasks RCU enabled.
Dec 14 00:00:00 fedora kernel:         Tracing variant of Tasks RCU enabled.
Dec 14 00:00:00 fedora kernel: rcu: RCU calculated value of scheduler-enlistment delay is 10 jiffies.
Dec 14 00:00:00 fedora kernel: rcu: Adjusting geometry for rcu_fanout_leaf=16, nr_cpu_ids=8
Dec 14 00:00:00 fedora kernel: NR_IRQS: 64, nr_irqs: 64, preallocated irqs: 0
Dec 14 00:00:00 fedora kernel: Root IRQ handler: aic_handle_irq
Dec 14 00:00:00 fedora kernel: Root FIQ handler: aic_handle_fiq
Dec 14 00:00:00 fedora kernel: irq_apple_aic: Using Fast IPIs
Dec 14 00:00:00 fedora kernel: irq_apple_aic: Initialized with 896/1024 IRQs * 1/1 die(s), 6 FIQs, 32 vIPIs
Dec 14 00:00:00 fedora kernel: rcu: srcu_init: Setting srcu_struct sizes based on contention.
Dec 14 00:00:00 fedora kernel: arch_timer: cp15 timer(s) running at 24.00MHz (phys).
Dec 14 00:00:00 fedora kernel: clocksource: arch_sys_counter: mask: 0xffffffffffffff max_cycles: 0x588fe9dc0, max_idle_ns: 440795202592 ns
Dec 14 00:00:00 fedora kernel: sched_clock: 56 bits at 24MHz, resolution 41ns, wraps every 4398046511097ns
Dec 14 00:00:00 fedora kernel: Console: colour dummy device 80x25
Dec 14 00:00:00 fedora kernel: printk: console [tty0] enabled
Dec 14 00:00:00 fedora kernel: Lock dependency validator: Copyright (c) 2006 Red Hat, Inc., Ingo Molnar
Dec 14 00:00:00 fedora kernel: ... MAX_LOCKDEP_SUBCLASSES:  8
Dec 14 00:00:00 fedora kernel: ... MAX_LOCK_DEPTH:          48
Dec 14 00:00:00 fedora kernel: ... MAX_LOCKDEP_KEYS:        8192
Dec 14 00:00:00 fedora kernel: ... CLASSHASH_SIZE:          4096
Dec 14 00:00:00 fedora kernel: ... MAX_LOCKDEP_ENTRIES:     65536
Dec 14 00:00:00 fedora kernel: ... MAX_LOCKDEP_CHAINS:      262144
Dec 14 00:00:00 fedora kernel: ... CHAINHASH_SIZE:          131072
Dec 14 00:00:00 fedora kernel:  memory used by lock dependency info: 17577 kB
Dec 14 00:00:00 fedora kernel:  memory used for stack traces: 4224 kB
Dec 14 00:00:00 fedora kernel:  per task-struct memory footprint: 2688 bytes
Dec 14 00:00:00 fedora kernel: Calibrating delay loop (skipped), value calculated using timer frequency.. 48.00 BogoMIPS (lpj=240000)
Dec 14 00:00:00 fedora kernel: pid_max: default: 32768 minimum: 301
Dec 14 00:00:00 fedora kernel: LSM: Security Framework initializing
Dec 14 00:00:00 fedora kernel: Yama: becoming mindful.
Dec 14 00:00:00 fedora kernel: SELinux:  Initializing.
Dec 14 00:00:00 fedora kernel: LSM support for eBPF active
Dec 14 00:00:00 fedora kernel: landlock: Up and running.
Dec 14 00:00:00 fedora kernel: Mount-cache hash table entries: 16384 (order: 3, 131072 bytes, linear)
Dec 14 00:00:00 fedora kernel: Mountpoint-cache hash table entries: 16384 (order: 3, 131072 bytes, linear)
Dec 14 00:00:00 fedora kernel: cacheinfo: Unable to detect cache hierarchy for CPU 0
Dec 14 00:00:00 fedora kernel: cblist_init_generic: Setting adjustable number of callback queues.
Dec 14 00:00:00 fedora kernel: cblist_init_generic: Setting shift to 3 and lim to 1.
Dec 14 00:00:00 fedora kernel: cblist_init_generic: Setting shift to 3 and lim to 1.
Dec 14 00:00:00 fedora kernel: cblist_init_generic: Setting shift to 3 and lim to 1.
Dec 14 00:00:00 fedora kernel: Running RCU-tasks wait API self tests
Dec 14 00:00:00 fedora kernel: rcu: Hierarchical SRCU implementation.
Dec 14 00:00:00 fedora kernel: rcu:         Max phase no-delay instances is 1000.
Dec 14 00:00:00 fedora kernel: Remapping and enabling EFI services.
Dec 14 00:00:00 fedora kernel: smp: Bringing up secondary CPUs ...
Dec 14 00:00:00 fedora kernel: Detected VIPT I-cache on CPU1
Dec 14 00:00:00 fedora kernel: cacheinfo: Unable to detect cache hierarchy for CPU 1
Dec 14 00:00:00 fedora kernel: CPU1: Booted secondary processor 0x0000000001 [0x611f0221]
Dec 14 00:00:00 fedora kernel: Detected VIPT I-cache on CPU2
Dec 14 00:00:00 fedora kernel: cacheinfo: Unable to detect cache hierarchy for CPU 2
Dec 14 00:00:00 fedora kernel: CPU2: Booted secondary processor 0x0000000002 [0x611f0221]
Dec 14 00:00:00 fedora kernel: Detected VIPT I-cache on CPU3
Dec 14 00:00:00 fedora kernel: cacheinfo: Unable to detect cache hierarchy for CPU 3
Dec 14 00:00:00 fedora kernel: CPU3: Booted secondary processor 0x0000000003 [0x611f0221]
Dec 14 00:00:00 fedora kernel: Detected VIPT I-cache on CPU4
Dec 14 00:00:00 fedora kernel: cacheinfo: Unable to detect cache hierarchy for CPU 4
Dec 14 00:00:00 fedora kernel: CPU4: Booted secondary processor 0x0000010100 [0x611f0231]
Dec 14 00:00:00 fedora kernel: Detected VIPT I-cache on CPU5
Dec 14 00:00:00 fedora kernel: cacheinfo: Unable to detect cache hierarchy for CPU 5
Dec 14 00:00:00 fedora kernel: CPU5: Booted secondary processor 0x0000010101 [0x611f0231]
Dec 14 00:00:00 fedora kernel: Detected VIPT I-cache on CPU6
Dec 14 00:00:00 fedora kernel: cacheinfo: Unable to detect cache hierarchy for CPU 6
Dec 14 00:00:00 fedora kernel: CPU6: Booted secondary processor 0x0000010102 [0x611f0231]
Dec 14 00:00:00 fedora kernel: Detected VIPT I-cache on CPU7
Dec 14 00:00:00 fedora kernel: cacheinfo: Unable to detect cache hierarchy for CPU 7
Dec 14 00:00:00 fedora kernel: CPU7: Booted secondary processor 0x0000010103 [0x611f0231]
Dec 14 00:00:00 fedora kernel: smp: Brought up 1 node, 8 CPUs
Dec 14 00:00:00 fedora kernel: SMP: Total of 8 processors activated.
Dec 14 00:00:00 fedora kernel: CPU features: detected: ARMv8.4 Translation Table Level
Dec 14 00:00:00 fedora kernel: CPU features: detected: Data cache clean to the PoU not required for I/D coherence
Dec 14 00:00:00 fedora kernel: CPU features: detected: Common not Private translations
Dec 14 00:00:00 fedora kernel: CPU features: detected: CRC32 instructions
Dec 14 00:00:00 fedora kernel: CPU features: detected: Data cache clean to Point of Deep Persistence
Dec 14 00:00:00 fedora kernel: CPU features: detected: Data cache clean to Point of Persistence
Dec 14 00:00:00 fedora kernel: CPU features: detected: E0PD
Dec 14 00:00:00 fedora kernel: CPU features: detected: Generic authentication (IMP DEF algorithm)
Dec 14 00:00:00 fedora kernel: CPU features: detected: RCpc load-acquire (LDAPR)
Dec 14 00:00:00 fedora kernel: CPU features: detected: LSE atomic instructions
Dec 14 00:00:00 fedora kernel: CPU features: detected: Privileged Access Never
Dec 14 00:00:00 fedora kernel: CPU features: detected: RAS Extension Support
Dec 14 00:00:00 fedora kernel: CPU features: detected: Speculation barrier (SB)
Dec 14 00:00:00 fedora kernel: CPU features: detected: Stage-2 Force Write-Back
Dec 14 00:00:00 fedora kernel: CPU features: detected: TLB range maintenance instructions
Dec 14 00:00:00 fedora kernel: CPU features: detected: Speculative Store Bypassing Safe (SSBS)
Dec 14 00:00:00 fedora kernel: CPU: All CPU(s) started at EL2
Dec 14 00:00:00 fedora kernel: alternatives: applying system-wide alternatives
Dec 14 00:00:00 fedora kernel: allocated 8126464 bytes of page_ext
Dec 14 00:00:00 fedora kernel: devtmpfs: initialized
Dec 14 00:00:00 fedora kernel: Callback from call_rcu_tasks_trace() invoked.
Dec 14 00:00:00 fedora kernel: DMA-API: preallocated 65536 debug entries
Dec 14 00:00:00 fedora kernel: DMA-API: debugging enabled by kernel config
Dec 14 00:00:00 fedora kernel: clocksource: jiffies: mask: 0xffffffff max_cycles: 0xffffffff, max_idle_ns: 19112604462750000 ns
Dec 14 00:00:00 fedora kernel: futex hash table entries: 2048 (order: 4, 262144 bytes, linear)
Dec 14 00:00:00 fedora kernel: pinctrl core: initialized pinctrl subsystem
Dec 14 00:00:00 fedora kernel: 
Dec 14 00:00:00 fedora kernel: *************************************************************
Dec 14 00:00:00 fedora kernel: **     NOTICE NOTICE NOTICE NOTICE NOTICE NOTICE NOTICE    **
Dec 14 00:00:00 fedora kernel: **                                                         **
Dec 14 00:00:00 fedora kernel: **  IOMMU DebugFS SUPPORT HAS BEEN ENABLED IN THIS KERNEL  **
Dec 14 00:00:00 fedora kernel: **                                                         **
Dec 14 00:00:00 fedora kernel: ** This means that this kernel is built to expose internal **
Dec 14 00:00:00 fedora kernel: ** IOMMU data structures, which may compromise security on **
Dec 14 00:00:00 fedora kernel: ** your system.                                            **
Dec 14 00:00:00 fedora kernel: **                                                         **
Dec 14 00:00:00 fedora kernel: ** If you see this message and you are not debugging the   **
Dec 14 00:00:00 fedora kernel: ** kernel, report this immediately to your vendor!         **
Dec 14 00:00:00 fedora kernel: **                                                         **
Dec 14 00:00:00 fedora kernel: **     NOTICE NOTICE NOTICE NOTICE NOTICE NOTICE NOTICE    **
Dec 14 00:00:00 fedora kernel: *************************************************************
Dec 14 00:00:00 fedora kernel: DMI not present or invalid.
Dec 14 00:00:00 fedora kernel: NET: Registered PF_NETLINK/PF_ROUTE protocol family
Dec 14 00:00:00 fedora kernel: DMA: preallocated 1024 KiB GFP_KERNEL pool for atomic allocations
Dec 14 00:00:00 fedora kernel: DMA: preallocated 1024 KiB GFP_KERNEL|GFP_DMA pool for atomic allocations
Dec 14 00:00:00 fedora kernel: DMA: preallocated 1024 KiB GFP_KERNEL|GFP_DMA32 pool for atomic allocations
Dec 14 00:00:00 fedora kernel: audit: initializing netlink subsys (disabled)
Dec 14 00:00:00 fedora kernel: audit: type=2000 audit(0.160:1): state=initialized audit_enabled=0 res=1
Dec 14 00:00:00 fedora kernel: thermal_sys: Registered thermal governor 'fair_share'
Dec 14 00:00:00 fedora kernel: thermal_sys: Registered thermal governor 'step_wise'
Dec 14 00:00:00 fedora kernel: thermal_sys: Registered thermal governor 'user_space'
Dec 14 00:00:00 fedora kernel: cpuidle: using governor menu
Dec 14 00:00:00 fedora kernel: hw-breakpoint: found 6 breakpoint and 4 watchpoint registers.
Dec 14 00:00:00 fedora kernel: ASID allocator initialised with 256 entries
Dec 14 00:00:00 fedora kernel: Serial: AMBA PL011 UART driver
Dec 14 00:00:00 fedora kernel: Callback from call_rcu_tasks_rude() invoked.
Dec 14 00:00:00 fedora kernel: KASLR enabled
Dec 14 00:00:00 fedora kernel: HugeTLB: registered 1.00 GiB page size, pre-allocated 0 pages
Dec 14 00:00:00 fedora kernel: HugeTLB: 4080 KiB vmemmap can be freed for a 1.00 GiB page
Dec 14 00:00:00 fedora kernel: HugeTLB: registered 32.0 MiB page size, pre-allocated 0 pages
Dec 14 00:00:00 fedora kernel: HugeTLB: 112 KiB vmemmap can be freed for a 32.0 MiB page
Dec 14 00:00:00 fedora kernel: HugeTLB: registered 2.00 MiB page size, pre-allocated 0 pages
Dec 14 00:00:00 fedora kernel: HugeTLB: 0 KiB vmemmap can be freed for a 2.00 MiB page
Dec 14 00:00:00 fedora kernel: cryptd: max_cpu_qlen set to 1000
Dec 14 00:00:00 fedora kernel: raid6: skipped pq benchmark and selected neonx8
Dec 14 00:00:00 fedora kernel: raid6: using neon recovery algorithm
Dec 14 00:00:00 fedora kernel: ACPI: Interpreter disabled.
Dec 14 00:00:00 fedora kernel: iommu: Default domain type: Translated 
Dec 14 00:00:00 fedora kernel: iommu: DMA domain TLB invalidation policy: lazy mode 
Dec 14 00:00:00 fedora kernel: SCSI subsystem initialized
Dec 14 00:00:00 fedora kernel: libata version 3.00 loaded.
Dec 14 00:00:00 fedora kernel: usbcore: registered new interface driver usbfs
Dec 14 00:00:00 fedora kernel: usbcore: registered new interface driver hub
Dec 14 00:00:00 fedora kernel: usbcore: registered new device driver usb
Dec 14 00:00:00 fedora kernel: pps_core: LinuxPPS API ver. 1 registered
Dec 14 00:00:00 fedora kernel: pps_core: Software ver. 5.3.6 - Copyright 2005-2007 Rodolfo Giometti <giometti@linux.it>
Dec 14 00:00:00 fedora kernel: PTP clock support registered
Dec 14 00:00:00 fedora kernel: EDAC MC: Ver: 3.0.0
Dec 14 00:00:00 fedora kernel: Registered efivars operations
Dec 14 00:00:00 fedora kernel: NetLabel: Initializing
Dec 14 00:00:00 fedora kernel: NetLabel:  domain hash size = 128
Dec 14 00:00:00 fedora kernel: NetLabel:  protocols = UNLABELED CIPSOv4 CALIPSO
Dec 14 00:00:00 fedora kernel: NetLabel:  unlabeled traffic allowed by default
Dec 14 00:00:00 fedora kernel: mctp: management component transport protocol core
Dec 14 00:00:00 fedora kernel: NET: Registered PF_MCTP protocol family
Dec 14 00:00:00 fedora kernel: vgaarb: loaded
Dec 14 00:00:00 fedora kernel: clocksource: Switched to clocksource arch_sys_counter
Dec 14 00:00:00 fedora kernel: Callback from call_rcu_tasks() invoked.
Dec 14 00:00:00 fedora kernel: VFS: Disk quotas dquot_6.6.0
Dec 14 00:00:00 fedora kernel: VFS: Dquot-cache hash table entries: 2048 (order 0, 16384 bytes)
Dec 14 00:00:00 fedora kernel: pnp: PnP ACPI: disabled
Dec 14 00:00:00 fedora kernel: NET: Registered PF_INET protocol family
Dec 14 00:00:00 fedora kernel: IP idents hash table entries: 131072 (order: 6, 1048576 bytes, linear)
Dec 14 00:00:00 fedora kernel: tcp_listen_portaddr_hash hash table entries: 4096 (order: 4, 327680 bytes, linear)
Dec 14 00:00:00 fedora kernel: Table-perturb hash table entries: 65536 (order: 4, 262144 bytes, linear)
Dec 14 00:00:00 fedora kernel: TCP established hash table entries: 65536 (order: 5, 524288 bytes, linear)
Dec 14 00:00:00 fedora kernel: TCP bind hash table entries: 65536 (order: 9, 10485760 bytes, linear)
Dec 14 00:00:00 fedora kernel: TCP: Hash tables configured (established 65536 bind 65536)
Dec 14 00:00:00 fedora kernel: MPTCP token hash table entries: 8192 (order: 5, 786432 bytes, linear)
Dec 14 00:00:00 fedora kernel: UDP hash table entries: 4096 (order: 5, 786432 bytes, linear)
Dec 14 00:00:00 fedora kernel: UDP-Lite hash table entries: 4096 (order: 5, 786432 bytes, linear)
Dec 14 00:00:00 fedora kernel: NET: Registered PF_UNIX/PF_LOCAL protocol family
Dec 14 00:00:00 fedora kernel: NET: Registered PF_XDP protocol family
Dec 14 00:00:00 fedora kernel: PCI: CLS 0 bytes, default 64
Dec 14 00:00:00 fedora kernel: Trying to unpack rootfs image as initramfs...
Dec 14 00:00:00 fedora kernel: kvm [1]: IPA Size Limit: 36 bits (Reduced IPA size, limited VM/VMM compatibility)
Dec 14 00:00:00 fedora kernel: kvm [1]: Non-architectural vgic, tainting kernel
Dec 14 00:00:00 fedora kernel: kvm [1]: GICv3: no GICV resource entry
Dec 14 00:00:00 fedora kernel: kvm [1]: disabling GICv2 emulation
Dec 14 00:00:00 fedora kernel: kvm [1]: GICv3 with broken locally generated SEI
Dec 14 00:00:00 fedora kernel: kvm [1]: GICv3 sysreg trapping enabled ([G0G1D], reduced performance)
Dec 14 00:00:00 fedora kernel: kvm [1]: GIC system register CPU interface enabled
Dec 14 00:00:00 fedora kernel: kvm [1]: VHE mode initialized successfully
Dec 14 00:00:00 fedora kernel: Initialise system trusted keyrings
Dec 14 00:00:00 fedora kernel: Key type blacklist registered
Dec 14 00:00:00 fedora kernel: workingset: timestamp_bits=37 max_order=19 bucket_order=0
Dec 14 00:00:00 fedora kernel: zbud: loaded
Dec 14 00:00:00 fedora kernel: integrity: Platform Keyring initialized
Dec 14 00:00:00 fedora kernel: integrity: Machine keyring initialized
Dec 14 00:00:00 fedora kernel: NET: Registered PF_ALG protocol family
Dec 14 00:00:00 fedora kernel: xor: measuring software checksum speed
Dec 14 00:00:00 fedora kernel:    8regs           : 21050 MB/sec
Dec 14 00:00:00 fedora kernel:    32regs          : 20871 MB/sec
Dec 14 00:00:00 fedora kernel:    arm64_neon      : 10188 MB/sec
Dec 14 00:00:00 fedora kernel: xor: using function: 8regs (21050 MB/sec)
Dec 14 00:00:00 fedora kernel: Key type asymmetric registered
Dec 14 00:00:00 fedora kernel: Asymmetric key parser 'x509' registered
Dec 14 00:00:00 fedora kernel: Freeing initrd memory: 87840K
Dec 14 00:00:00 fedora kernel: modprobe (84) used greatest stack depth: 12048 bytes left
Dec 14 00:00:00 fedora kernel: modprobe (85) used greatest stack depth: 12032 bytes left
Dec 14 00:00:00 fedora kernel: alg: self-tests for CTR-KDF (hmac(sha256)) passed
Dec 14 00:00:00 fedora kernel: Block layer SCSI generic (bsg) driver version 0.4 loaded (major 244)
Dec 14 00:00:00 fedora kernel: io scheduler mq-deadline registered
Dec 14 00:00:00 fedora kernel: io scheduler kyber registered
Dec 14 00:00:00 fedora kernel: io scheduler bfq registered
Dec 14 00:00:00 fedora kernel: atomic64_test: passed
Dec 14 00:00:00 fedora kernel: Serial: 8250/16550 driver, 32 ports, IRQ sharing enabled
Dec 14 00:00:00 fedora kernel: 235200000.serial: ttySAC0 at MMIO 0x235200000 (irq = 37, base_baud = 0) is a APPLE S5L
Dec 14 00:00:00 fedora kernel: 235208000.serial: ttySAC2 at MMIO 0x235208000 (irq = 38, base_baud = 0) is a APPLE S5L
Dec 14 00:00:00 fedora kernel: msm_serial: driver initialized
Dec 14 00:00:00 fedora kernel: [drm] Initialized simpledrm 1.0.0 20200625 for 9e3a18000.framebuffer on minor 0
Dec 14 00:00:00 fedora kernel: fbcon: Deferring console take-over
Dec 14 00:00:00 fedora kernel: simple-framebuffer 9e3a18000.framebuffer: [drm] fb0: simpledrmdrmfb frame buffer device
Dec 14 00:00:00 fedora kernel: cacheinfo: Unable to detect cache hierarchy for CPU 0
Dec 14 00:00:00 fedora kernel: usbcore: registered new interface driver usbserial_generic
Dec 14 00:00:00 fedora kernel: usbserial: USB Serial support registered for generic
Dec 14 00:00:00 fedora kernel: mousedev: PS/2 mouse device common for all mice
Dec 14 00:00:00 fedora kernel: device-mapper: core: CONFIG_IMA_DISABLE_HTABLE is disabled. Duplicate IMA measurements will not be recorded in the IMA log.
Dec 14 00:00:00 fedora kernel: device-mapper: uevent: version 1.0.3
Dec 14 00:00:00 fedora kernel: device-mapper: ioctl: 4.47.0-ioctl (2022-07-28) initialised: dm-devel@redhat.com
Dec 14 00:00:00 fedora kernel: ledtrig-cpu: registered to indicate activity on CPUs
Dec 14 00:00:00 fedora kernel: simple-framebuffer simple-framebuffer.0: [drm] *ERROR* could not acquire memory range [mem 0x9e3a18000-0x9e42e3fff flags 0x200]: error -16
Dec 14 00:00:00 fedora kernel: simple-framebuffer: probe of simple-framebuffer.0 failed with error -16
Dec 14 00:00:00 fedora kernel: hid: raw HID events driver (C) Jiri Kosina
Dec 14 00:00:00 fedora kernel: usbcore: registered new interface driver usbhid
Dec 14 00:00:00 fedora kernel: usbhid: USB HID core driver
Dec 14 00:00:00 fedora kernel: hw perfevents: enabled with apple_icestorm_pmu PMU driver, 10 counters available
Dec 14 00:00:00 fedora kernel: hw perfevents: enabled with apple_firestorm_pmu PMU driver, 10 counters available
Dec 14 00:00:00 fedora kernel: drop_monitor: Initializing network drop monitor service
Dec 14 00:00:00 fedora kernel: Initializing XFRM netlink socket
Dec 14 00:00:00 fedora kernel: NET: Registered PF_INET6 protocol family
Dec 14 00:00:00 fedora kernel: Segment Routing with IPv6
Dec 14 00:00:00 fedora kernel: RPL Segment Routing with IPv6
Dec 14 00:00:00 fedora kernel: In-situ OAM (IOAM) with IPv6
Dec 14 00:00:00 fedora kernel: mip6: Mobile IPv6
Dec 14 00:00:00 fedora kernel: NET: Registered PF_PACKET protocol family
Dec 14 00:00:00 fedora kernel: registered taskstats version 1
Dec 14 00:00:00 fedora kernel: Loading compiled-in X.509 certificates
Dec 14 00:00:00 fedora kernel: Loaded X.509 cert 'Fedora kernel signing key: 6a1dcb7fa4bae25bd79edb86040562b59462b6a9'
Dec 14 00:00:00 fedora kernel: zswap: loaded using pool lzo/zbud
Dec 14 00:00:00 fedora kernel: debug_vm_pgtable: [debug_vm_pgtable         ]: Validating architecture page table helpers
Dec 14 00:00:00 fedora kernel: page_owner is disabled
Dec 14 00:00:00 fedora kernel: Key type .fscrypt registered
Dec 14 00:00:00 fedora kernel: Key type fscrypt-provisioning registered
Dec 14 00:00:00 fedora kernel: Btrfs loaded, crc32c=crc32c-generic, assert=on, zoned=yes, fsverity=yes
Dec 14 00:00:00 fedora kernel: Key type big_key registered
Dec 14 00:00:00 fedora kernel: Key type encrypted registered
Dec 14 00:00:00 fedora kernel: ima: secureboot mode disabled
Dec 14 00:00:00 fedora kernel: ima: No TPM chip found, activating TPM-bypass!
Dec 14 00:00:00 fedora kernel: Loading compiled-in module X.509 certificates
Dec 14 00:00:00 fedora kernel: Loaded X.509 cert 'Fedora kernel signing key: 6a1dcb7fa4bae25bd79edb86040562b59462b6a9'
Dec 14 00:00:00 fedora kernel: ima: Allocated hash algorithm: sha256
Dec 14 00:00:00 fedora kernel: ima: No architecture policies found
Dec 14 00:00:00 fedora kernel: evm: Initialising EVM extended attributes:
Dec 14 00:00:00 fedora kernel: evm: security.selinux
Dec 14 00:00:00 fedora kernel: evm: security.SMACK64 (disabled)
Dec 14 00:00:00 fedora kernel: evm: security.SMACK64EXEC (disabled)
Dec 14 00:00:00 fedora kernel: evm: security.SMACK64TRANSMUTE (disabled)
Dec 14 00:00:00 fedora kernel: evm: security.SMACK64MMAP (disabled)
Dec 14 00:00:00 fedora kernel: evm: security.apparmor (disabled)
Dec 14 00:00:00 fedora kernel: evm: security.ima
Dec 14 00:00:00 fedora kernel: evm: security.capability
Dec 14 00:00:00 fedora kernel: evm: HMAC attrs: 0x1
Dec 14 00:00:00 fedora kernel: alg: No test for 842 (842-scomp)
Dec 14 00:00:00 fedora kernel: alg: No test for 842 (842-generic)
Dec 14 00:00:00 fedora kernel: Freeing unused kernel memory: 12032K
Dec 14 00:00:00 fedora kernel: Checked W+X mappings: passed, no W+X pages found
Dec 14 00:00:00 fedora kernel: rodata_test: all tests were successful
Dec 14 00:00:00 fedora kernel: Run /init as init process
Dec 14 00:00:00 fedora kernel:   with arguments:
Dec 14 00:00:00 fedora kernel:     /init
Dec 14 00:00:00 fedora kernel:     rhgb
Dec 14 00:00:00 fedora kernel:   with environment:
Dec 14 00:00:00 fedora kernel:     HOME=/
Dec 14 00:00:00 fedora kernel:     TERM=linux
Dec 14 00:00:00 fedora kernel:     BOOT_IMAGE=(hd0,gpt5)/vmlinuz-6.1.0-0.rc8.e2b542100719.58.asahi.test.fc37.aarch64
Dec 14 00:00:00 fedora kernel:     USE_BY_UUID_DEVICE_NAMES=1
Dec 14 00:00:00 fedora kernel:     multipath=off
Dec 14 00:00:00 fedora systemd[1]: System time before build time, advancing clock.
Dec 14 00:00:00 fedora systemd[1]: systemd 251.9-587.fc37 running in system mode (+PAM +AUDIT +SELINUX -APPARMOR +IMA +SMACK +SECCOMP -GCRYPT +GNUTLS +OPENSSL +ACL +BLKID +CURL +ELFUTILS +FIDO2 +IDN2 -IDN -IPTC +KMOD +LIBCRYPTSETUP +LIBFDISK +PCRE2 +PWQUALITY +P11KIT +QRENCODE +TPM2 +BZIP2 +LZ4 +XZ +ZLIB +ZSTD +BPF_FRAMEWORK +XKBCOMMON +UTMP +SYSVINIT default-hierarchy=unified)
Dec 14 00:00:00 fedora systemd[1]: Detected architecture arm64.
Dec 14 00:00:00 fedora systemd[1]: Running in initial RAM disk.
Dec 14 00:00:00 fedora systemd[1]: No hostname configured, using default hostname.
Dec 14 00:00:00 fedora systemd[1]: Hostname set to <fedora>.
Dec 14 00:00:00 fedora systemd[1]: Initializing machine ID from random generator.
Dec 14 00:00:00 fedora systemd[1]: bpf-lsm: Failed to load BPF object: No such process
Dec 14 00:00:00 fedora kernel: systemd-hiberna (209) used greatest stack depth: 12016 bytes left
Dec 14 00:00:00 fedora systemd[1]: Queued start job for default target initrd.target.
Dec 14 00:00:00 fedora systemd[1]: Reached target initrd-usr-fs.target - Initrd /usr File System.
Dec 14 00:00:00 fedora systemd[1]: Reached target slices.target - Slice Units.
Dec 14 00:00:00 fedora systemd[1]: Reached target swap.target - Swaps.
Dec 14 00:00:00 fedora systemd[1]: Reached target timers.target - Timer Units.
Dec 14 00:00:00 fedora systemd[1]: Listening on dbus.socket - D-Bus System Message Bus Socket.
Dec 14 00:00:00 fedora systemd[1]: Listening on iscsid.socket - Open-iSCSI iscsid Socket.
Dec 14 00:00:00 fedora systemd[1]: Listening on iscsiuio.socket - Open-iSCSI iscsiuio Socket.
Dec 14 00:00:00 fedora systemd[1]: Listening on systemd-journald-audit.socket - Journal Audit Socket.
Dec 14 00:00:00 fedora systemd[1]: Listening on systemd-journald-dev-log.socket - Journal Socket (/dev/log).
Dec 14 00:00:00 fedora systemd[1]: Listening on systemd-journald.socket - Journal Socket.
Dec 14 00:00:00 fedora systemd[1]: Listening on systemd-udevd-control.socket - udev Control Socket.
Dec 14 00:00:00 fedora systemd[1]: Listening on systemd-udevd-kernel.socket - udev Kernel Socket.
Dec 14 00:00:00 fedora systemd[1]: Reached target sockets.target - Socket Units.
Dec 14 00:00:00 fedora systemd[1]: Starting kmod-static-nodes.service - Create List of Static Device Nodes...
Dec 14 00:00:00 fedora systemd[1]: memstrack.service - Memstrack Anylazing Service was skipped because all trigger condition checks failed.
Dec 14 00:00:00 fedora systemd[1]: Starting systemd-journald.service - Journal Service...
Dec 14 00:00:00 fedora systemd[1]: Starting systemd-modules-load.service - Load Kernel Modules...
Dec 14 00:00:00 fedora systemd[1]: Starting systemd-sysusers.service - Create System Users...
Dec 14 00:00:00 fedora systemd[1]: Starting systemd-vconsole-setup.service - Setup Virtual Console...
Dec 14 00:00:00 fedora systemd[1]: Finished kmod-static-nodes.service - Create List of Static Device Nodes.
Dec 14 00:00:00 fedora kernel: fuse: init (API version 7.37)
Dec 14 00:00:00 fedora systemd-journald[244]: Journal started
Dec 14 00:00:00 fedora systemd-journald[244]: Runtime Journal (/run/log/journal/59f15fbc92ee49e58956a9e66dccae73) is 8.0M, max 150.7M, 142.7M free.
Dec 14 00:00:00 fedora systemd-modules-load[246]: Inserted module 'fuse'
Dec 14 00:00:00 fedora audit[1]: SERVICE_START pid=1 uid=0 auid=4294967295 ses=4294967295 subj=kernel msg='unit=systemd-journald comm="systemd" exe="/usr/lib/systemd/systemd" hostname=? addr=? terminal=? res=success'
Dec 14 00:00:00 fedora systemd-modules-load[246]: Inserted module 'dm_multipath'
Dec 14 00:00:00 fedora systemd-sysusers[247]: Creating group 'users' with GID 100.
Dec 14 00:00:00 fedora systemd-modules-load[246]: Inserted module 'ip_tables'
Dec 14 00:00:00 fedora systemd[1]: Started systemd-journald.service - Journal Service.
Dec 14 00:00:00 fedora kernel: audit: type=1130 audit(1670976000.490:2): pid=1 uid=0 auid=4294967295 ses=4294967295 subj=kernel msg='unit=systemd-journald comm="systemd" exe="/usr/lib/systemd/systemd" hostname=? addr=? terminal=? res=success'
Dec 14 00:00:00 fedora systemd-modules-load[246]: Inserted module 'ip6_tables'
Dec 14 00:00:00 fedora systemd-modules-load[246]: Inserted module 'scsi_dh_alua'
Dec 14 00:00:00 fedora systemd-sysusers[247]: Creating group 'dbus' with GID 81.
Dec 14 00:00:00 fedora systemd-modules-load[246]: Inserted module 'scsi_dh_emc'
Dec 14 00:00:00 fedora systemd-modules-load[246]: Inserted module 'scsi_dh_rdac'
Dec 14 00:00:00 fedora kernel: alua: device handler registered
Dec 14 00:00:00 fedora kernel: emc: device handler registered
Dec 14 00:00:00 fedora kernel: rdac: device handler registered
Dec 14 00:00:00 fedora systemd-sysusers[247]: Creating user 'dbus' (System Message Bus) with UID 81 and GID 81.
Dec 14 00:00:00 fedora systemd[1]: Finished systemd-modules-load.service - Load Kernel Modules.
Dec 14 00:00:00 fedora audit[1]: SERVICE_START pid=1 uid=0 auid=4294967295 ses=4294967295 subj=kernel msg='unit=systemd-modules-load comm="systemd" exe="/usr/lib/systemd/systemd" hostname=? addr=? terminal=? res=success'
Dec 14 00:00:00 fedora systemd[1]: Starting systemd-sysctl.service - Apply Kernel Variables...
Dec 14 00:00:00 fedora systemd[1]: Finished systemd-sysusers.service - Create System Users.
Dec 14 00:00:00 fedora audit[1]: SERVICE_START pid=1 uid=0 auid=4294967295 ses=4294967295 subj=kernel msg='unit=systemd-sysusers comm="systemd" exe="/usr/lib/systemd/systemd" hostname=? addr=? terminal=? res=success'
Dec 14 00:00:00 fedora kernel: systemd-modules (246) used greatest stack depth: 11920 bytes left
Dec 14 00:00:00 fedora kernel: audit: type=1130 audit(1670976000.510:3): pid=1 uid=0 auid=4294967295 ses=4294967295 subj=kernel msg='unit=systemd-modules-load comm="systemd" exe="/usr/lib/systemd/systemd" hostname=? addr=? terminal=? res=success'
Dec 14 00:00:00 fedora kernel: audit: type=1130 audit(1670976000.510:4): pid=1 uid=0 auid=4294967295 ses=4294967295 subj=kernel msg='unit=systemd-sysusers comm="systemd" exe="/usr/lib/systemd/systemd" hostname=? addr=? terminal=? res=success'
Dec 14 00:00:00 fedora systemd[1]: Starting systemd-tmpfiles-setup-dev.service - Create Static Device Nodes in /dev...
Dec 14 00:00:00 fedora systemd[1]: Starting systemd-tmpfiles-setup.service - Create Volatile Files and Directories...
Dec 14 00:00:00 fedora systemd[1]: Finished systemd-sysctl.service - Apply Kernel Variables.
Dec 14 00:00:00 fedora audit[1]: SERVICE_START pid=1 uid=0 auid=4294967295 ses=4294967295 subj=kernel msg='unit=systemd-sysctl comm="systemd" exe="/usr/lib/systemd/systemd" hostname=? addr=? terminal=? res=success'
Dec 14 00:00:00 fedora kernel: audit: type=1130 audit(1670976000.530:5): pid=1 uid=0 auid=4294967295 ses=4294967295 subj=kernel msg='unit=systemd-sysctl comm="systemd" exe="/usr/lib/systemd/systemd" hostname=? addr=? terminal=? res=success'
Dec 14 00:00:00 fedora systemd[1]: Finished systemd-tmpfiles-setup-dev.service - Create Static Device Nodes in /dev.
Dec 14 00:00:00 fedora audit[1]: SERVICE_START pid=1 uid=0 auid=4294967295 ses=4294967295 subj=kernel msg='unit=systemd-tmpfiles-setup-dev comm="systemd" exe="/usr/lib/systemd/systemd" hostname=? addr=? terminal=? res=success'
Dec 14 00:00:00 fedora kernel: audit: type=1130 audit(1670976000.540:6): pid=1 uid=0 auid=4294967295 ses=4294967295 subj=kernel msg='unit=systemd-tmpfiles-setup-dev comm="systemd" exe="/usr/lib/systemd/systemd" hostname=? addr=? terminal=? res=success'
Dec 14 00:00:00 fedora systemd[1]: Finished systemd-tmpfiles-setup.service - Create Volatile Files and Directories.
Dec 14 00:00:00 fedora audit[1]: SERVICE_START pid=1 uid=0 auid=4294967295 ses=4294967295 subj=kernel msg='unit=systemd-tmpfiles-setup comm="systemd" exe="/usr/lib/systemd/systemd" hostname=? addr=? terminal=? res=success'
Dec 14 00:00:00 fedora kernel: audit: type=1130 audit(1670976000.570:7): pid=1 uid=0 auid=4294967295 ses=4294967295 subj=kernel msg='unit=systemd-tmpfiles-setup comm="systemd" exe="/usr/lib/systemd/systemd" hostname=? addr=? terminal=? res=success'
Dec 14 00:00:00 fedora systemd[1]: Finished systemd-vconsole-setup.service - Setup Virtual Console.
Dec 14 00:00:00 fedora audit[1]: SERVICE_START pid=1 uid=0 auid=4294967295 ses=4294967295 subj=kernel msg='unit=systemd-vconsole-setup comm="systemd" exe="/usr/lib/systemd/systemd" hostname=? addr=? terminal=? res=success'
Dec 14 00:00:00 fedora kernel: audit: type=1130 audit(1670976000.610:8): pid=1 uid=0 auid=4294967295 ses=4294967295 subj=kernel msg='unit=systemd-vconsole-setup comm="systemd" exe="/usr/lib/systemd/systemd" hostname=? addr=? terminal=? res=success'
Dec 14 00:00:00 fedora systemd[1]: Starting dracut-cmdline-ask.service - dracut ask for additional cmdline parameters...
Dec 14 00:00:00 fedora systemd[1]: Finished dracut-cmdline-ask.service - dracut ask for additional cmdline parameters.
Dec 14 00:00:00 fedora audit[1]: SERVICE_START pid=1 uid=0 auid=4294967295 ses=4294967295 subj=kernel msg='unit=dracut-cmdline-ask comm="systemd" exe="/usr/lib/systemd/systemd" hostname=? addr=? terminal=? res=success'
Dec 14 00:00:00 fedora kernel: audit: type=1130 audit(1670976000.680:9): pid=1 uid=0 auid=4294967295 ses=4294967295 subj=kernel msg='unit=dracut-cmdline-ask comm="systemd" exe="/usr/lib/systemd/systemd" hostname=? addr=? terminal=? res=success'
Dec 14 00:00:00 fedora systemd[1]: Starting dracut-cmdline.service - dracut cmdline hook...
Dec 14 00:00:00 fedora dracut-cmdline[276]: dracut-37 (Thirty Seven) dracut-057-5.fc37
Dec 14 00:00:00 fedora dracut-cmdline[276]: Using kernel command line parameters:  rd.driver.pre=btrfs rd.driver.pre=scsi_dh_alua rd.driver.pre=scsi_dh_emc rd.driver.pre=scsi_dh_rdac rd.driver.pre=dm_multipath   BOOT_IMAGE=(hd0,gpt5)/vmlinuz-6.1.0-0.rc8.e2b542100719.58.asahi.test.fc37.aarch64 root=UUID=32f10204-64d8-4188-ad81-e1c792a43116 ro rootflags=subvol=@ USE_BY_UUID_DEVICE_NAMES=1 scsi_mod.use_blk_mq=1 multipath=off rhgb quiet
Dec 14 00:00:01 fedora kernel: Loading iSCSI transport class v2.0-870.
Dec 14 00:00:01 fedora kernel: iscsi: registered transport (tcp)
Dec 14 00:00:01 fedora kernel: iscsi: registered transport (qla4xxx)
Dec 14 00:00:01 fedora kernel: QLogic iSCSI HBA Driver
Dec 14 00:00:01 fedora kernel: libcxgbi:libcxgbi_init_module: Chelsio iSCSI driver library libcxgbi v0.9.1-ko (Apr. 2015)
Dec 14 00:00:01 fedora kernel: Chelsio T3 iSCSI Driver cxgb3i v2.0.1-ko (Apr. 2015)
Dec 14 00:00:01 fedora kernel: iscsi: registered transport (cxgb3i)
Dec 14 00:00:01 fedora kernel: Chelsio T4-T6 iSCSI Driver cxgb4i v0.9.5-ko (Apr. 2015)
Dec 14 00:00:01 fedora kernel: iscsi: registered transport (cxgb4i)
Dec 14 00:00:01 fedora kernel: cxgb4i:cxgb4i_init_module: cxgb4i dcb enabled.
Dec 14 00:00:01 fedora kernel: cnic: QLogic cnicDriver v2.5.22 (July 20, 2015)
Dec 14 00:00:01 fedora kernel: QLogic NetXtreme II iSCSI Driver bnx2i v2.7.10.1 (Jul 16, 2014)
Dec 14 00:00:01 fedora kernel: iscsi: registered transport (bnx2i)
Dec 14 00:00:01 fedora kernel: iscsi: registered transport (be2iscsi)
Dec 14 00:00:01 fedora kernel: In beiscsi_module_init, tt=00000000e3311cc0
Dec 14 00:00:01 fedora kernel: modprobe (381) used greatest stack depth: 11728 bytes left
Dec 14 00:00:01 fedora systemd[1]: Finished dracut-cmdline.service - dracut cmdline hook.
Dec 14 00:00:01 fedora audit[1]: SERVICE_START pid=1 uid=0 auid=4294967295 ses=4294967295 subj=kernel msg='unit=dracut-cmdline comm="systemd" exe="/usr/lib/systemd/systemd" hostname=? addr=? terminal=? res=success'
Dec 14 00:00:01 fedora kernel: audit: type=1130 audit(1670976001.280:10): pid=1 uid=0 auid=4294967295 ses=4294967295 subj=kernel msg='unit=dracut-cmdline comm="systemd" exe="/usr/lib/systemd/systemd" hostname=? addr=? terminal=? res=success'
Dec 14 00:00:01 fedora systemd[1]: Starting dracut-pre-udev.service - dracut pre-udev hook...
Dec 14 00:00:01 fedora dracut-pre-udev[414]: :: Asahi: Triggering early load of NVMe modules...
Dec 14 00:00:01 fedora kernel: modprobe (418) used greatest stack depth: 10656 bytes left
Dec 14 00:00:01 fedora kernel: nvme-apple 27bcc0000.nvme: RTKit: Initializing (protocol version 12)
Dec 14 00:00:01 fedora kernel: nvme-apple 27bcc0000.nvme: RTKit: syslog message: cmd.c:6176:  boot mode normal
Dec 14 00:00:01 fedora kernel: nvme-apple 27bcc0000.nvme: RTKit: syslog message: nvme_admin_ans2.c:2884: Invalid namespace 0
Dec 14 00:00:01 fedora kernel: nvme nvme0: Identify NS List failed (status=0xb)
Dec 14 00:00:01 fedora kernel: nvme-apple 27bcc0000.nvme: RTKit: syslog message: nvme_admin_ans2.c:2884: Invalid namespace 0
Dec 14 00:00:01 fedora kernel:  nvme0n1: p1 p2 p3 p4 p5 p6 p7
Dec 14 00:00:01 fedora dracut-pre-udev[414]: :: Asahi: Unpacking vendor firmware into initramfs...
Dec 14 00:00:01 fedora kernel: FAT-fs (nvme0n1p4): Volume was not properly unmounted. Some data may be corrupt. Please run fsck.
Dec 14 00:00:02 fedora dracut-pre-udev[414]: :: Asahi firmware unpacked successfully
Dec 14 00:00:02 fedora kernel: RPC: Registered named UNIX socket transport module.
Dec 14 00:00:02 fedora kernel: RPC: Registered udp transport module.
Dec 14 00:00:02 fedora kernel: RPC: Registered tcp transport module.
Dec 14 00:00:02 fedora kernel: RPC: Registered tcp NFSv4.1 backchannel transport module.
Dec 14 00:00:02 fedora rpc.statd[463]: Version 2.6.2 starting
Dec 14 00:00:02 fedora rpc.statd[463]: Initializing NSM state
Dec 14 00:00:02 fedora rpc.statd[463]: Running as root.  chown /var/lib/nfs/statd to choose different user
Dec 14 00:00:02 fedora rpc.idmapd[467]: Setting log level to 0
Dec 14 00:00:02 fedora systemd[1]: Finished dracut-pre-udev.service - dracut pre-udev hook.
Dec 14 00:00:02 fedora audit[1]: SERVICE_START pid=1 uid=0 auid=4294967295 ses=4294967295 subj=kernel msg='unit=dracut-pre-udev comm="systemd" exe="/usr/lib/systemd/systemd" hostname=? addr=? terminal=? res=success'
Dec 14 00:00:02 fedora audit: BPF prog-id=19 op=LOAD
Dec 14 00:00:02 fedora audit: BPF prog-id=20 op=LOAD
Dec 14 00:00:02 fedora systemd[1]: Starting systemd-udevd.service - Rule-based Manager for Device Events and Files...
Dec 14 00:00:02 fedora systemd-udevd[495]: Using default interface naming scheme 'v251'.
Dec 14 00:00:02 fedora systemd[1]: Started systemd-udevd.service - Rule-based Manager for Device Events and Files.
Dec 14 00:00:02 fedora audit[1]: SERVICE_START pid=1 uid=0 auid=4294967295 ses=4294967295 subj=kernel msg='unit=systemd-udevd comm="systemd" exe="/usr/lib/systemd/systemd" hostname=? addr=? terminal=? res=success'
Dec 14 00:00:02 fedora systemd[1]: Starting dracut-pre-trigger.service - dracut pre-trigger hook...
Dec 14 00:00:02 fedora kernel: BTRFS: device label ROOT devid 1 transid 11849 /dev/nvme0n1p6 scanned by systemd-udevd (511)
Dec 14 00:00:02 fedora dracut-pre-trigger[496]: rd.md=0: removing MD RAID activation
Dec 14 00:00:02 fedora systemd[1]: Found device dev-disk-by\x2duuid-32f10204\x2d64d8\x2d4188\x2dad81\x2de1c792a43116.device - APPLE SSD AP0256Q ROOT.
Dec 14 00:00:02 fedora systemd[1]: Reached target initrd-root-device.target - Initrd Root Device.
Dec 14 00:00:02 fedora systemd[1]: Finished dracut-pre-trigger.service - dracut pre-trigger hook.
Dec 14 00:00:02 fedora audit[1]: SERVICE_START pid=1 uid=0 auid=4294967295 ses=4294967295 subj=kernel msg='unit=dracut-pre-trigger comm="systemd" exe="/usr/lib/systemd/systemd" hostname=? addr=? terminal=? res=success'
Dec 14 00:00:02 fedora systemd[1]: Starting systemd-udev-trigger.service - Coldplug All udev Devices...
Dec 14 00:00:03 fedora systemd[1]: Finished systemd-udev-trigger.service - Coldplug All udev Devices.
Dec 14 00:00:03 fedora audit[1]: SERVICE_START pid=1 uid=0 auid=4294967295 ses=4294967295 subj=kernel msg='unit=systemd-udev-trigger comm="systemd" exe="/usr/lib/systemd/systemd" hostname=? addr=? terminal=? res=success'
Dec 14 00:00:03 fedora kernel: kauditd_printk_skb: 5 callbacks suppressed
Dec 14 00:00:03 fedora kernel: audit: type=1130 audit(1670976003.860:16): pid=1 uid=0 auid=4294967295 ses=4294967295 subj=kernel msg='unit=systemd-udev-trigger comm="systemd" exe="/usr/lib/systemd/systemd" hostname=? addr=? terminal=? res=success'
Dec 14 00:00:03 fedora systemd[1]: nm-initrd.service was skipped because of a failed condition check (ConditionPathExists=/run/NetworkManager/initrd/neednet).
Dec 14 00:00:03 fedora systemd[1]: Reached target network.target - Network.
Dec 14 00:00:03 fedora systemd[1]: nm-wait-online-initrd.service was skipped because of a failed condition check (ConditionPathExists=/run/NetworkManager/initrd/neednet).
Dec 14 00:00:03 fedora systemd[1]: Starting dracut-initqueue.service - dracut initqueue hook...
Dec 14 00:00:03 fedora systemd[1]: Starting plymouth-start.service - Show Plymouth Boot Screen...
Dec 14 00:00:03 fedora systemd[1]: Starting systemd-udev-settle.service - Wait for udev To Complete Device Initialization...
Dec 14 00:00:03 fedora systemd[1]: Received SIGRTMIN+20 from PID 610 (plymouthd).
Dec 14 00:00:03 fedora systemd[1]: Started plymouth-start.service - Show Plymouth Boot Screen.
Dec 14 00:00:03 fedora audit[1]: SERVICE_START pid=1 uid=0 auid=4294967295 ses=4294967295 subj=kernel msg='unit=plymouth-start comm="systemd" exe="/usr/lib/systemd/systemd" hostname=? addr=? terminal=? res=success'
Dec 14 00:00:03 fedora systemd[1]: systemd-ask-password-console.path - Dispatch Password Requests to Console Directory Watch was skipped because of a failed condition check (ConditionPathExists=!/run/plymouth/pid).
Dec 14 00:00:03 fedora systemd[1]: Started systemd-ask-password-plymouth.path - Forward Password Requests to Plymouth Directory Watch.
Dec 14 00:00:03 fedora systemd[1]: Reached target cryptsetup.target - Local Encrypted Volumes.
Dec 14 00:00:03 fedora systemd[1]: Reached target paths.target - Path Units.
Dec 14 00:00:03 fedora kernel: audit: type=1130 audit(1670976003.970:17): pid=1 uid=0 auid=4294967295 ses=4294967295 subj=kernel msg='unit=plymouth-start comm="systemd" exe="/usr/lib/systemd/systemd" hostname=? addr=? terminal=? res=success'
Dec 14 00:00:03 fedora kernel: apple-gpio-pinctrl 23c100000.pinctrl: No cache defaults, reading back from HW
Dec 14 00:00:04 fedora kernel: apple-gpio-pinctrl 23d1f0000.pinctrl: No cache defaults, reading back from HW
Dec 14 00:00:04 fedora kernel: apple-gpio-pinctrl 23e820000.pinctrl: No cache defaults, reading back from HW
Dec 14 00:00:04 fedora kernel: asahi 206400000.gpu: Probing...
Dec 14 00:00:04 fedora kernel: asahi 206400000.gpu: Unsupported GPU/firmware combination (G13, [12, 4, 0])
Dec 14 00:00:04 fedora kernel: audit: type=1130 audit(1670976004.010:18): pid=1 uid=0 auid=4294967295 ses=4294967295 subj=kernel msg='unit=dracut-initqueue comm="systemd" exe="/usr/lib/systemd/systemd" hostname=? addr=? terminal=? res=success'
Dec 14 00:00:04 fedora kernel: apple-dart 231304000.iommu: DART [pagesize 4000, 16 streams, bypass support: 1, bypass forced: 0, locked: 1] initialized
Dec 14 00:00:04 fedora kernel: apple-dart 23130c000.iommu: DART [pagesize 4000, 16 streams, bypass support: 1, bypass forced: 0, locked: 1] initialized
Dec 14 00:00:04 fedora kernel: audit: type=1130 audit(1670976004.130:19): pid=1 uid=0 auid=4294967295 ses=4294967295 subj=kernel msg='unit=dracut-pre-mount comm="systemd" exe="/usr/lib/systemd/systemd" hostname=? addr=? terminal=? res=success'
Dec 14 00:00:04 fedora kernel: apple-gpio-pinctrl 24a820000.pinctrl: No cache defaults, reading back from HW
Dec 14 00:00:04 fedora kernel: apple-dart 235004000.iommu: DART [pagesize 4000, 16 streams, bypass support: 1, bypass forced: 0, locked: 0] initialized
Dec 14 00:00:04 fedora kernel: apple-dart 382f00000.iommu: DART [pagesize 4000, 16 streams, bypass support: 1, bypass forced: 0, locked: 0] initialized
Dec 14 00:00:04 fedora kernel: apple-dart 382f80000.iommu: DART [pagesize 4000, 16 streams, bypass support: 1, bypass forced: 0, locked: 0] initialized
Dec 14 00:00:04 fedora kernel: apple-admac 238200000.dma-controller: Adding to iommu group 0
Dec 14 00:00:04 fedora kernel: apple-dart 502f00000.iommu: DART [pagesize 4000, 16 streams, bypass support: 1, bypass forced: 0, locked: 0] initialized
Dec 14 00:00:04 fedora kernel: apple-dart 502f80000.iommu: DART [pagesize 4000, 16 streams, bypass support: 1, bypass forced: 0, locked: 0] initialized
Dec 14 00:00:04 fedora kernel: apple-admac 238200000.dma-controller: WARN: Device release is not defined so it is not safe to unbind this driver while in use
Dec 14 00:00:04 fedora kernel: apple-dart 681008000.dart: DART [pagesize 4000, 16 streams, bypass support: 0, bypass forced: 0, locked: 0] initialized
Dec 14 00:00:04 fedora kernel: macsmc-rtkit 23e400000.smc: RTKit: Initializing (protocol version 12)
Dec 14 00:00:04 fedora kernel: macsmc-rtkit 23e400000.smc: Initialized (922 keys #KEY (0x234b4559)..zETM (0x7a45544d))
Dec 14 00:00:04 fedora kernel: apple-dart 682008000.dart: DART [pagesize 4000, 16 streams, bypass support: 0, bypass forced: 0, locked: 0] initialized
Dec 14 00:00:04 fedora kernel: apple-drm soc:display-subsystem: Adding to iommu group 1
Dec 14 00:00:04 fedora kernel: apple-dart 683008000.dart: DART [pagesize 4000, 16 streams, bypass support: 0, bypass forced: 0, locked: 0] initialized
Dec 14 00:00:04 fedora audit[1]: SERVICE_START pid=1 uid=0 auid=4294967295 ses=4294967295 subj=kernel msg='unit=dracut-initqueue comm="systemd" exe="/usr/lib/systemd/systemd" hostname=? addr=? terminal=? res=success'
Dec 14 00:00:04 fedora audit[1]: SERVICE_START pid=1 uid=0 auid=4294967295 ses=4294967295 subj=kernel msg='unit=dracut-pre-mount comm="systemd" exe="/usr/lib/systemd/systemd" hostname=? addr=? terminal=? res=success'
Dec 14 00:00:04 fedora udevadm[611]: systemd-udev-settle.service is deprecated. Please fix multipathd-configure.service not to pull it in.
Dec 14 00:00:04 fedora systemd[1]: Finished dracut-initqueue.service - dracut initqueue hook.
Dec 14 00:00:04 fedora systemd[1]: Reached target remote-fs-pre.target - Preparation for Remote File Systems.
Dec 14 00:00:04 fedora systemd[1]: Reached target remote-cryptsetup.target - Remote Encrypted Volumes.
Dec 14 00:00:04 fedora systemd[1]: Reached target remote-fs.target - Remote File Systems.
Dec 14 00:00:04 fedora systemd[1]: Starting dracut-pre-mount.service - dracut pre-mount hook...
Dec 14 00:00:04 fedora systemd[1]: Finished dracut-pre-mount.service - dracut pre-mount hook.
Dec 14 00:00:04 fedora kernel: apple-admac 238200000.dma-controller: Audio DMA Controller
Dec 14 00:00:04 fedora kernel: apple-admac 238200000.dma-controller: imprint 2020130c TX cache 16384 RX cache 16384
Dec 14 00:00:04 fedora kernel: apple-dcp 231c00000.dcp: Adding to iommu group 2
Dec 14 00:00:04 fedora kernel: macsmc-gpio macsmc-gpio: First GPIO key: gP01 (0x67503031)
Dec 14 00:00:04 fedora kernel: pcie-apple 690000000.pcie: host bridge /soc/pcie@690000000 ranges:
Dec 14 00:00:04 fedora kernel: pcie-apple 690000000.pcie:      MEM 0x06a0000000..0x06bfffffff -> 0x06a0000000
Dec 14 00:00:04 fedora kernel: pcie-apple 690000000.pcie:      MEM 0x06c0000000..0x06ffffffff -> 0x00c0000000
Dec 14 00:00:04 fedora kernel: gpio gpiochip4: (macsmc-pmu-gpio): not an immutable chip, please consider fixing it!
Dec 14 00:00:04 fedora systemd[1]: Finished systemd-udev-settle.service - Wait for udev To Complete Device Initialization.
Dec 14 00:00:04 fedora audit[1]: SERVICE_START pid=1 uid=0 auid=4294967295 ses=4294967295 subj=kernel msg='unit=systemd-udev-settle comm="systemd" exe="/usr/lib/systemd/systemd" hostname=? addr=? terminal=? res=success'
Dec 14 00:00:04 fedora systemd[1]: multipathd-configure.service - Device-Mapper Multipath Default Configuration was skipped because of a failed condition check (ConditionKernelCommandLine=rd.multipath=default).
Dec 14 00:00:04 fedora systemd[1]: multipathd.service - Device-Mapper Multipath Device Controller was skipped because of a failed condition check (ConditionKernelCommandLine=!multipath=off).
Dec 14 00:00:04 fedora systemd[1]: Reached target local-fs-pre.target - Preparation for Local File Systems.
Dec 14 00:00:04 fedora systemd[1]: Reached target local-fs.target - Local File Systems.
Dec 14 00:00:04 fedora systemd[1]: Reached target sysinit.target - System Initialization.
Dec 14 00:00:04 fedora systemd[1]: Reached target basic.target - Basic System.
Dec 14 00:00:04 fedora kernel: audit: type=1130 audit(1670976004.560:20): pid=1 uid=0 auid=4294967295 ses=4294967295 subj=kernel msg='unit=systemd-udev-settle comm="systemd" exe="/usr/lib/systemd/systemd" hostname=? addr=? terminal=? res=success'
Dec 14 00:00:04 fedora systemd[1]: Starting systemd-fsck-root.service - File System Check on /dev/disk/by-uuid/32f10204-64d8-4188-ad81-e1c792a43116...
Dec 14 00:00:04 fedora kernel: pcie-apple 690000000.pcie: Link up on /soc/pcie@690000000/pci@0,0
Dec 14 00:00:04 fedora systemd[1]: Finished systemd-fsck-root.service - File System Check on /dev/disk/by-uuid/32f10204-64d8-4188-ad81-e1c792a43116.
Dec 14 00:00:04 fedora audit[1]: SERVICE_START pid=1 uid=0 auid=4294967295 ses=4294967295 subj=kernel msg='unit=systemd-fsck-root comm="systemd" exe="/usr/lib/systemd/systemd" hostname=? addr=? terminal=? res=success'
Dec 14 00:00:04 fedora systemd[1]: Mounting sysroot.mount - /sysroot...
Dec 14 00:00:04 fedora kernel: audit: type=1130 audit(1670976004.710:21): pid=1 uid=0 auid=4294967295 ses=4294967295 subj=kernel msg='unit=systemd-fsck-root comm="systemd" exe="/usr/lib/systemd/systemd" hostname=? addr=? terminal=? res=success'
Dec 14 00:00:04 fedora kernel: BTRFS info (device nvme0n1p6): using crc32c (crc32c-generic) checksum algorithm
Dec 14 00:00:04 fedora kernel: BTRFS info (device nvme0n1p6): using free space tree
Dec 14 00:00:04 fedora kernel: BTRFS warning (device nvme0n1p6): read-write for sector size 4096 with page size 16384 is experimental
Dec 14 00:00:04 fedora kernel: BTRFS info (device nvme0n1p6): enabling ssd optimizations
Dec 14 00:00:04 fedora systemd[1]: Mounted sysroot.mount - /sysroot.
Dec 14 00:00:04 fedora systemd[1]: Reached target initrd-root-fs.target - Initrd Root File System.
Dec 14 00:00:04 fedora systemd[1]: Starting initrd-parse-etc.service - Reload Configuration from the Real Root...
Dec 14 00:00:04 fedora systemd[1]: Reloading.
Dec 14 00:00:04 fedora kernel: pcie-apple 690000000.pcie: Link up on /soc/pcie@690000000/pci@1,0
Dec 14 00:00:04 fedora kernel: pcie-apple 690000000.pcie: Link up on /soc/pcie@690000000/pci@2,0
Dec 14 00:00:04 fedora kernel: pcie-apple 690000000.pcie: ECAM at [mem 0x690000000-0x690ffffff] for [bus 00-03]
Dec 14 00:00:04 fedora kernel: pcie-apple 690000000.pcie: PCI host bridge to bus 0000:00
Dec 14 00:00:04 fedora kernel: pci_bus 0000:00: root bus resource [bus 00-03]
Dec 14 00:00:04 fedora kernel: pci_bus 0000:00: root bus resource [mem 0x6a0000000-0x6bfffffff pref]
Dec 14 00:00:04 fedora kernel: pci_bus 0000:00: root bus resource [mem 0x6c0000000-0x6ffffffff] (bus address [0xc0000000-0xffffffff])
Dec 14 00:00:04 fedora kernel: pci 0000:00:00.0: [106b:100c] type 01 class 0x060400
Dec 14 00:00:04 fedora kernel: pci 0000:00:00.0: PME# supported from D0 D3hot D3cold
Dec 14 00:00:04 fedora kernel: pci 0000:00:00.0: PTM enabled (root), 16ns granularity
Dec 14 00:00:04 fedora kernel: pci 0000:00:01.0: [106b:100c] type 01 class 0x060400
Dec 14 00:00:04 fedora kernel: pci 0000:00:01.0: PME# supported from D0 D3hot D3cold
Dec 14 00:00:04 fedora kernel: pci 0000:00:01.0: PTM enabled (root), 16ns granularity
Dec 14 00:00:04 fedora kernel: pci 0000:00:02.0: [106b:100c] type 01 class 0x060400
Dec 14 00:00:04 fedora kernel: pci 0000:00:02.0: PME# supported from D0 D3hot D3cold
Dec 14 00:00:04 fedora kernel: pci 0000:00:02.0: PTM enabled (root), 16ns granularity
Dec 14 00:00:04 fedora kernel: pci 0000:00:00.0: bridge configuration invalid ([bus 00-00]), reconfiguring
Dec 14 00:00:04 fedora kernel: pci 0000:00:01.0: bridge configuration invalid ([bus 00-00]), reconfiguring
Dec 14 00:00:04 fedora kernel: pci 0000:00:02.0: bridge configuration invalid ([bus 00-00]), reconfiguring
Dec 14 00:00:04 fedora kernel: pci 0000:01:00.0: [14e4:4425] type 00 class 0x028000
Dec 14 00:00:04 fedora kernel: pci 0000:01:00.0: reg 0x10: [mem 0x00000000-0x0000ffff 64bit]
Dec 14 00:00:04 fedora kernel: pci 0000:01:00.0: reg 0x18: [mem 0x00000000-0x007fffff 64bit]
Dec 14 00:00:04 fedora kernel: pci 0000:01:00.0: supports D1 D2
Dec 14 00:00:04 fedora kernel: pci 0000:01:00.0: PME# supported from D0 D1 D2 D3hot D3cold
Dec 14 00:00:04 fedora kernel: pci 0000:01:00.1: [14e4:5f69] type 00 class 0x028000
Dec 14 00:00:04 fedora kernel: pci 0000:01:00.1: reg 0x10: [mem 0x00000000-0x00007fff 64bit]
Dec 14 00:00:04 fedora kernel: pci 0000:01:00.1: reg 0x18: [mem 0x00000000-0x003fffff 64bit]
Dec 14 00:00:04 fedora kernel: pci 0000:01:00.1: supports D1 D2
Dec 14 00:00:04 fedora kernel: pci 0000:01:00.1: PME# supported from D0 D1 D2 D3hot D3cold
Dec 14 00:00:04 fedora kernel: pci_bus 0000:01: busn_res: [bus 01-03] end is updated to 01
Dec 14 00:00:04 fedora kernel: pci 0000:02:00.0: [1b73:1100] type 00 class 0x0c0330
Dec 14 00:00:04 fedora kernel: pci 0000:02:00.0: reg 0x10: [mem 0x00000000-0x0000ffff 64bit]
Dec 14 00:00:04 fedora kernel: pci 0000:02:00.0: reg 0x18: [mem 0x00000000-0x00000fff 64bit]
Dec 14 00:00:04 fedora kernel: pci 0000:02:00.0: reg 0x20: [mem 0x00000000-0x00000fff 64bit]
Dec 14 00:00:04 fedora kernel: pci 0000:02:00.0: supports D1
Dec 14 00:00:04 fedora kernel: pci 0000:02:00.0: PME# supported from D0 D1 D3hot D3cold
Dec 14 00:00:05 fedora kernel: pci_bus 0000:02: busn_res: [bus 02-03] end is updated to 02
Dec 14 00:00:05 fedora kernel: pci 0000:03:00.0: [14e4:1682] type 00 class 0x020000
Dec 14 00:00:05 fedora kernel: pci 0000:03:00.0: reg 0x10: [mem 0x00000000-0x0000ffff 64bit pref]
Dec 14 00:00:05 fedora kernel: pci 0000:03:00.0: reg 0x18: [mem 0x00000000-0x0000ffff 64bit pref]
Dec 14 00:00:05 fedora kernel: pci 0000:03:00.0: reg 0x30: [mem 0x00000000-0x000007ff pref]
Dec 14 00:00:05 fedora kernel: pci 0000:03:00.0: PME# supported from D0 D3hot D3cold
Dec 14 00:00:05 fedora kernel: pci_bus 0000:03: busn_res: [bus 03] end is updated to 03
Dec 14 00:00:05 fedora kernel: pci 0000:00:00.0: BAR 14: assigned [mem 0x6c0000000-0x6c0dfffff]
Dec 14 00:00:05 fedora kernel: pci 0000:00:01.0: BAR 14: assigned [mem 0x6c0e00000-0x6c0efffff]
Dec 14 00:00:05 fedora kernel: pci 0000:00:02.0: BAR 14: assigned [mem 0x6c0f00000-0x6c0ffffff]
Dec 14 00:00:05 fedora kernel: pci 0000:00:02.0: BAR 15: assigned [mem 0x6a0000000-0x6a00fffff 64bit pref]
Dec 14 00:00:05 fedora kernel: pci 0000:01:00.0: BAR 2: assigned [mem 0x6c0000000-0x6c07fffff 64bit]
Dec 14 00:00:05 fedora kernel: pci 0000:01:00.1: BAR 2: assigned [mem 0x6c0800000-0x6c0bfffff 64bit]
Dec 14 00:00:05 fedora kernel: pci 0000:01:00.0: BAR 0: assigned [mem 0x6c0c00000-0x6c0c0ffff 64bit]
Dec 14 00:00:05 fedora kernel: pci 0000:01:00.1: BAR 0: assigned [mem 0x6c0c10000-0x6c0c17fff 64bit]
Dec 14 00:00:05 fedora kernel: pci 0000:00:00.0: PCI bridge to [bus 01]
Dec 14 00:00:05 fedora kernel: pci 0000:00:00.0:   bridge window [mem 0x6c0000000-0x6c0dfffff]
Dec 14 00:00:05 fedora kernel: pci 0000:02:00.0: BAR 0: assigned [mem 0x6c0e00000-0x6c0e0ffff 64bit]
Dec 14 00:00:05 fedora kernel: pci 0000:02:00.0: BAR 2: assigned [mem 0x6c0e10000-0x6c0e10fff 64bit]
Dec 14 00:00:05 fedora kernel: pci 0000:02:00.0: BAR 4: assigned [mem 0x6c0e11000-0x6c0e11fff 64bit]
Dec 14 00:00:05 fedora kernel: pci 0000:00:01.0: PCI bridge to [bus 02]
Dec 14 00:00:05 fedora kernel: pci 0000:00:01.0:   bridge window [mem 0x6c0e00000-0x6c0efffff]
Dec 14 00:00:05 fedora kernel: pci 0000:03:00.0: BAR 0: assigned [mem 0x6a0000000-0x6a000ffff 64bit pref]
Dec 14 00:00:05 fedora kernel: pci 0000:03:00.0: BAR 2: assigned [mem 0x6a0010000-0x6a001ffff 64bit pref]
Dec 14 00:00:05 fedora kernel: pci 0000:03:00.0: BAR 6: assigned [mem 0x6c0f00000-0x6c0f007ff pref]
Dec 14 00:00:05 fedora kernel: pci 0000:00:02.0: PCI bridge to [bus 03]
Dec 14 00:00:05 fedora kernel: pci 0000:00:02.0:   bridge window [mem 0x6c0f00000-0x6c0ffffff]
Dec 14 00:00:05 fedora kernel: pci 0000:00:02.0:   bridge window [mem 0x6a0000000-0x6a00fffff 64bit pref]
Dec 14 00:00:05 fedora kernel: OF: /soc/pcie@690000000: no iommu-map translation for id 0x0 on (null)
Dec 14 00:00:05 fedora kernel: pcieport 0000:00:00.0: enabling device (0000 -> 0002)
Dec 14 00:00:05 fedora kernel: pcieport 0000:00:00.0: PME: Signaling with IRQ 100
Dec 14 00:00:05 fedora kernel: pcieport 0000:00:00.0: AER: enabled with IRQ 100
Dec 14 00:00:05 fedora kernel: OF: /soc/pcie@690000000: no iommu-map translation for id 0x8 on (null)
Dec 14 00:00:05 fedora kernel: pcieport 0000:00:01.0: enabling device (0000 -> 0002)
Dec 14 00:00:05 fedora kernel: pcieport 0000:00:01.0: PME: Signaling with IRQ 102
Dec 14 00:00:05 fedora kernel: pcieport 0000:00:01.0: AER: enabled with IRQ 102
Dec 14 00:00:05 fedora kernel: OF: /soc/pcie@690000000: no iommu-map translation for id 0x10 on (null)
Dec 14 00:00:05 fedora kernel: pcieport 0000:00:02.0: enabling device (0000 -> 0002)
Dec 14 00:00:05 fedora kernel: pcieport 0000:00:02.0: PME: Signaling with IRQ 104
Dec 14 00:00:05 fedora kernel: pcieport 0000:00:02.0: AER: enabled with IRQ 104
Dec 14 00:00:05 fedora kernel: pci 0000:02:00.0: enabling device (0000 -> 0002)
Dec 14 00:00:05 fedora kernel: xhci_hcd 0000:02:00.0: Adding to iommu group 3
Dec 14 00:00:05 fedora kernel: iommu: Failed to allocate default IOMMU domain of type 11 for group (null) - Falling back to IOMMU_DOMAIN_DMA
Dec 14 00:00:05 fedora kernel: xhci_hcd 0000:02:00.0: xHCI Host Controller
Dec 14 00:00:05 fedora kernel: xhci_hcd 0000:02:00.0: new USB bus registered, assigned bus number 1
Dec 14 00:00:05 fedora kernel: xhci_hcd 0000:02:00.0: hcc params 0x200071e1 hci version 0x100 quirks 0x0000000000000410
Dec 14 00:00:05 fedora kernel: xhci_hcd 0000:02:00.0: xHCI Host Controller
Dec 14 00:00:05 fedora kernel: xhci_hcd 0000:02:00.0: new USB bus registered, assigned bus number 2
Dec 14 00:00:05 fedora kernel: xhci_hcd 0000:02:00.0: Host supports USB 3.0 SuperSpeed
Dec 14 00:00:05 fedora kernel: usb usb1: New USB device found, idVendor=1d6b, idProduct=0002, bcdDevice= 6.01
Dec 14 00:00:05 fedora kernel: usb usb1: New USB device strings: Mfr=3, Product=2, SerialNumber=1
Dec 14 00:00:05 fedora kernel: usb usb1: Product: xHCI Host Controller
Dec 14 00:00:05 fedora kernel: usb usb1: Manufacturer: Linux 6.1.0-0.rc8.e2b542100719.58.asahi.test.fc37.aarch64 xhci-hcd
Dec 14 00:00:05 fedora kernel: usb usb1: SerialNumber: 0000:02:00.0
Dec 14 00:00:05 fedora kernel: hub 1-0:1.0: USB hub found
Dec 14 00:00:05 fedora kernel: hub 1-0:1.0: 4 ports detected
Dec 14 00:00:05 fedora kernel: usb usb2: We don't know the algorithms for LPM for this host, disabling LPM.
Dec 14 00:00:05 fedora kernel: usb usb2: New USB device found, idVendor=1d6b, idProduct=0003, bcdDevice= 6.01
Dec 14 00:00:05 fedora kernel: usb usb2: New USB device strings: Mfr=3, Product=2, SerialNumber=1
Dec 14 00:00:05 fedora kernel: usb usb2: Product: xHCI Host Controller
Dec 14 00:00:05 fedora kernel: usb usb2: Manufacturer: Linux 6.1.0-0.rc8.e2b542100719.58.asahi.test.fc37.aarch64 xhci-hcd
Dec 14 00:00:05 fedora kernel: usb usb2: SerialNumber: 0000:02:00.0
Dec 14 00:00:05 fedora kernel: hub 2-0:1.0: USB hub found
Dec 14 00:00:05 fedora kernel: hub 2-0:1.0: 4 ports detected
Dec 14 00:00:05 fedora kernel: tg3 0000:03:00.0: Adding to iommu group 4
Dec 14 00:00:05 fedora kernel: iommu: Failed to allocate default IOMMU domain of type 11 for group (null) - Falling back to IOMMU_DOMAIN_DMA
Dec 14 00:00:05 fedora kernel: tg3 0000:03:00.0: enabling device (0000 -> 0002)
Dec 14 00:00:05 fedora kernel: tg3 0000:03:00.0 eth0: Tigon3 [partno(BCM57762) rev 57766000] (PCI Express) MAC address 14:98:77:54:08:51
Dec 14 00:00:05 fedora kernel: tg3 0000:03:00.0 eth0: attached PHY is 57765 (10/100/1000Base-T Ethernet) (WireSpeed[1], EEE[1])
Dec 14 00:00:05 fedora kernel: tg3 0000:03:00.0 eth0: RXcsums[1] LinkChgREG[0] MIirq[0] ASF[0] TSOcap[1]
Dec 14 00:00:05 fedora kernel: tg3 0000:03:00.0 eth0: dma_rwctrl[00000001] dma_mask[64-bit]
Dec 14 00:00:05 fedora kernel: tg3 0000:03:00.0 enp3s0: renamed from eth0
Dec 14 00:00:05 fedora kernel: dwc3 382280000.usb: Adding to iommu group 5
Dec 14 00:00:05 fedora audit: BPF prog-id=21 op=LOAD
Dec 14 00:00:05 fedora audit: BPF prog-id=0 op=UNLOAD
Dec 14 00:00:05 fedora audit: BPF prog-id=22 op=LOAD
Dec 14 00:00:05 fedora audit: BPF prog-id=23 op=LOAD
Dec 14 00:00:05 fedora audit: BPF prog-id=0 op=UNLOAD
Dec 14 00:00:05 fedora audit: BPF prog-id=0 op=UNLOAD
Dec 14 00:00:05 fedora kernel: audit: type=1334 audit(1670976005.140:22): prog-id=21 op=LOAD
Dec 14 00:00:05 fedora kernel: audit: type=1334 audit(1670976005.140:23): prog-id=0 op=UNLOAD
Dec 14 00:00:05 fedora kernel: audit: type=1334 audit(1670976005.140:24): prog-id=22 op=LOAD
Dec 14 00:00:05 fedora kernel: audit: type=1334 audit(1670976005.140:25): prog-id=23 op=LOAD
Dec 14 00:00:05 fedora audit: BPF prog-id=24 op=LOAD
Dec 14 00:00:05 fedora audit: BPF prog-id=25 op=LOAD
Dec 14 00:00:05 fedora audit: BPF prog-id=0 op=UNLOAD
Dec 14 00:00:05 fedora audit: BPF prog-id=0 op=UNLOAD
Dec 14 00:00:05 fedora systemd[1]: initrd-parse-etc.service: Deactivated successfully.
Dec 14 00:00:05 fedora systemd[1]: Finished initrd-parse-etc.service - Reload Configuration from the Real Root.
Dec 14 00:00:05 fedora audit[1]: SERVICE_START pid=1 uid=0 auid=4294967295 ses=4294967295 subj=kernel msg='unit=initrd-parse-etc comm="systemd" exe="/usr/lib/systemd/systemd" hostname=? addr=? terminal=? res=success'
Dec 14 00:00:05 fedora audit[1]: SERVICE_STOP pid=1 uid=0 auid=4294967295 ses=4294967295 subj=kernel msg='unit=initrd-parse-etc comm="systemd" exe="/usr/lib/systemd/systemd" hostname=? addr=? terminal=? res=success'
Dec 14 00:00:05 fedora systemd[1]: Reached target initrd-fs.target - Initrd File Systems.
Dec 14 00:00:05 fedora systemd[1]: Reached target initrd.target - Initrd Default Target.
Dec 14 00:00:05 fedora systemd[1]: dracut-mount.service - dracut mount hook was skipped because all trigger condition checks failed.
Dec 14 00:00:05 fedora systemd[1]: Starting dracut-pre-pivot.service - dracut pre-pivot and cleanup hook...
Dec 14 00:00:05 fedora dracut-pre-pivot[732]: 7.320903 | /etc/multipath.conf does not exist, blacklisting all devices.
Dec 14 00:00:05 fedora dracut-pre-pivot[732]: 7.320961 | You can run "/sbin/mpathconf --enable" to create
Dec 14 00:00:05 fedora dracut-pre-pivot[732]: 7.320998 | /etc/multipath.conf. See man mpathconf(8) for more details
Dec 14 00:00:05 fedora dracut-pre-pivot[712]: :: Asahi: Installing vendor firmware to root filesystem...
Dec 14 00:00:05 fedora rpc.idmapd[467]: exiting on signal 15
Dec 14 00:00:05 fedora kernel: dwc3 502280000.usb: Adding to iommu group 6
Dec 14 00:00:05 fedora systemd[1]: var-lib-nfs-rpc_pipefs.mount: Deactivated successfully.
Dec 14 00:00:05 fedora systemd[1]: Finished dracut-pre-pivot.service - dracut pre-pivot and cleanup hook.
Dec 14 00:00:05 fedora audit[1]: SERVICE_START pid=1 uid=0 auid=4294967295 ses=4294967295 subj=kernel msg='unit=dracut-pre-pivot comm="systemd" exe="/usr/lib/systemd/systemd" hostname=? addr=? terminal=? res=success'
Dec 14 00:00:05 fedora systemd[1]: Starting initrd-cleanup.service - Cleaning Up and Shutting Down Daemons...
Dec 14 00:00:05 fedora systemd[1]: Stopped target network.target - Network.
Dec 14 00:00:05 fedora systemd[1]: Stopped target remote-cryptsetup.target - Remote Encrypted Volumes.
Dec 14 00:00:05 fedora systemd[1]: Stopped target timers.target - Timer Units.
Dec 14 00:00:05 fedora systemd[1]: dbus.socket: Deactivated successfully.
Dec 14 00:00:05 fedora systemd[1]: Closed dbus.socket - D-Bus System Message Bus Socket.
Dec 14 00:00:05 fedora systemd[1]: dracut-pre-pivot.service: Deactivated successfully.
Dec 14 00:00:05 fedora systemd[1]: Stopped dracut-pre-pivot.service - dracut pre-pivot and cleanup hook.
Dec 14 00:00:05 fedora audit[1]: SERVICE_STOP pid=1 uid=0 auid=4294967295 ses=4294967295 subj=kernel msg='unit=dracut-pre-pivot comm="systemd" exe="/usr/lib/systemd/systemd" hostname=? addr=? terminal=? res=success'
Dec 14 00:00:05 fedora systemd[1]: Stopped target initrd.target - Initrd Default Target.
Dec 14 00:00:05 fedora systemd[1]: Stopped target basic.target - Basic System.
Dec 14 00:00:05 fedora systemd[1]: Stopped target initrd-root-device.target - Initrd Root Device.
Dec 14 00:00:05 fedora systemd[1]: Stopped target initrd-usr-fs.target - Initrd /usr File System.
Dec 14 00:00:05 fedora systemd[1]: Stopped target paths.target - Path Units.
Dec 14 00:00:05 fedora systemd[1]: Stopped target remote-fs.target - Remote File Systems.
Dec 14 00:00:05 fedora systemd[1]: Stopped target remote-fs-pre.target - Preparation for Remote File Systems.
Dec 14 00:00:05 fedora systemd[1]: Stopped target slices.target - Slice Units.
Dec 14 00:00:05 fedora systemd[1]: Stopped target sockets.target - Socket Units.
Dec 14 00:00:05 fedora systemd[1]: Stopped target sysinit.target - System Initialization.
Dec 14 00:00:05 fedora systemd[1]: Stopped target local-fs.target - Local File Systems.
Dec 14 00:00:05 fedora systemd[1]: Stopped target local-fs-pre.target - Preparation for Local File Systems.
Dec 14 00:00:05 fedora systemd[1]: Stopped target swap.target - Swaps.
Dec 14 00:00:05 fedora systemd[1]: iscsid.socket: Deactivated successfully.
Dec 14 00:00:05 fedora systemd[1]: Closed iscsid.socket - Open-iSCSI iscsid Socket.
Dec 14 00:00:05 fedora systemd[1]: iscsiuio.socket: Deactivated successfully.
Dec 14 00:00:05 fedora systemd[1]: Closed iscsiuio.socket - Open-iSCSI iscsiuio Socket.
Dec 14 00:00:05 fedora systemd[1]: dracut-pre-mount.service: Deactivated successfully.
Dec 14 00:00:05 fedora systemd[1]: Stopped dracut-pre-mount.service - dracut pre-mount hook.
Dec 14 00:00:05 fedora audit[1]: SERVICE_STOP pid=1 uid=0 auid=4294967295 ses=4294967295 subj=kernel msg='unit=dracut-pre-mount comm="systemd" exe="/usr/lib/systemd/systemd" hostname=? addr=? terminal=? res=success'
Dec 14 00:00:05 fedora systemd[1]: Stopped target cryptsetup.target - Local Encrypted Volumes.
Dec 14 00:00:05 fedora systemd[1]: dracut-initqueue.service: Deactivated successfully.
Dec 14 00:00:05 fedora systemd[1]: Stopped dracut-initqueue.service - dracut initqueue hook.
Dec 14 00:00:05 fedora audit[1]: SERVICE_STOP pid=1 uid=0 auid=4294967295 ses=4294967295 subj=kernel msg='unit=dracut-initqueue comm="systemd" exe="/usr/lib/systemd/systemd" hostname=? addr=? terminal=? res=success'
Dec 14 00:00:05 fedora systemd[1]: Starting plymouth-switch-root.service - Plymouth switch root service...
Dec 14 00:00:05 fedora systemd[1]: systemd-sysctl.service: Deactivated successfully.
Dec 14 00:00:05 fedora systemd[1]: Stopped systemd-sysctl.service - Apply Kernel Variables.
Dec 14 00:00:05 fedora audit[1]: SERVICE_STOP pid=1 uid=0 auid=4294967295 ses=4294967295 subj=kernel msg='unit=systemd-sysctl comm="systemd" exe="/usr/lib/systemd/systemd" hostname=? addr=? terminal=? res=success'
Dec 14 00:00:05 fedora systemd[1]: systemd-modules-load.service: Deactivated successfully.
Dec 14 00:00:05 fedora systemd[1]: Stopped systemd-modules-load.service - Load Kernel Modules.
Dec 14 00:00:05 fedora audit[1]: SERVICE_STOP pid=1 uid=0 auid=4294967295 ses=4294967295 subj=kernel msg='unit=systemd-modules-load comm="systemd" exe="/usr/lib/systemd/systemd" hostname=? addr=? terminal=? res=success'
Dec 14 00:00:05 fedora systemd[1]: systemd-tmpfiles-setup.service: Deactivated successfully.
Dec 14 00:00:05 fedora systemd[1]: Stopped systemd-tmpfiles-setup.service - Create Volatile Files and Directories.
Dec 14 00:00:05 fedora audit[1]: SERVICE_STOP pid=1 uid=0 auid=4294967295 ses=4294967295 subj=kernel msg='unit=systemd-tmpfiles-setup comm="systemd" exe="/usr/lib/systemd/systemd" hostname=? addr=? terminal=? res=success'
Dec 14 00:00:05 fedora systemd[1]: systemd-udev-settle.service: Deactivated successfully.
Dec 14 00:00:05 fedora systemd[1]: Stopped systemd-udev-settle.service - Wait for udev To Complete Device Initialization.
Dec 14 00:00:05 fedora audit[1]: SERVICE_STOP pid=1 uid=0 auid=4294967295 ses=4294967295 subj=kernel msg='unit=systemd-udev-settle comm="systemd" exe="/usr/lib/systemd/systemd" hostname=? addr=? terminal=? res=success'
Dec 14 00:00:05 fedora systemd[1]: systemd-udev-trigger.service: Deactivated successfully.
Dec 14 00:00:05 fedora systemd[1]: Stopped systemd-udev-trigger.service - Coldplug All udev Devices.
Dec 14 00:00:05 fedora audit[1]: SERVICE_STOP pid=1 uid=0 auid=4294967295 ses=4294967295 subj=kernel msg='unit=systemd-udev-trigger comm="systemd" exe="/usr/lib/systemd/systemd" hostname=? addr=? terminal=? res=success'
Dec 14 00:00:05 fedora systemd[1]: dracut-pre-trigger.service: Deactivated successfully.
Dec 14 00:00:05 fedora systemd[1]: Stopped dracut-pre-trigger.service - dracut pre-trigger hook.
Dec 14 00:00:05 fedora audit[1]: SERVICE_STOP pid=1 uid=0 auid=4294967295 ses=4294967295 subj=kernel msg='unit=dracut-pre-trigger comm="systemd" exe="/usr/lib/systemd/systemd" hostname=? addr=? terminal=? res=success'
Dec 14 00:00:05 fedora systemd[1]: Stopping systemd-udevd.service - Rule-based Manager for Device Events and Files...
Dec 14 00:00:05 fedora kernel: systemd-udevd (600) used greatest stack depth: 10496 bytes left
Dec 14 00:00:05 fedora kernel: systemd-udevd (588) used greatest stack depth: 10176 bytes left
Dec 14 00:00:05 fedora systemd[1]: initrd-cleanup.service: Deactivated successfully.
Dec 14 00:00:05 fedora systemd[1]: Finished initrd-cleanup.service - Cleaning Up and Shutting Down Daemons.
Dec 14 00:00:05 fedora audit[1]: SERVICE_START pid=1 uid=0 auid=4294967295 ses=4294967295 subj=kernel msg='unit=initrd-cleanup comm="systemd" exe="/usr/lib/systemd/systemd" hostname=? addr=? terminal=? res=success'
Dec 14 00:00:05 fedora audit[1]: SERVICE_STOP pid=1 uid=0 auid=4294967295 ses=4294967295 subj=kernel msg='unit=initrd-cleanup comm="systemd" exe="/usr/lib/systemd/systemd" hostname=? addr=? terminal=? res=success'
Dec 14 00:00:05 fedora systemd[1]: Finished plymouth-switch-root.service - Plymouth switch root service.
Dec 14 00:00:05 fedora audit[1]: SERVICE_START pid=1 uid=0 auid=4294967295 ses=4294967295 subj=kernel msg='unit=plymouth-switch-root comm="systemd" exe="/usr/lib/systemd/systemd" hostname=? addr=? terminal=? res=success'
Dec 14 00:00:05 fedora systemd[1]: systemd-udevd.service: Deactivated successfully.
Dec 14 00:00:05 fedora systemd[1]: Stopped systemd-udevd.service - Rule-based Manager for Device Events and Files.
Dec 14 00:00:05 fedora audit[1]: SERVICE_STOP pid=1 uid=0 auid=4294967295 ses=4294967295 subj=kernel msg='unit=systemd-udevd comm="systemd" exe="/usr/lib/systemd/systemd" hostname=? addr=? terminal=? res=success'
Dec 14 00:00:05 fedora systemd[1]: systemd-udevd.service: Consumed 3.332s CPU time.
Dec 14 00:00:05 fedora systemd[1]: systemd-udevd-control.socket: Deactivated successfully.
Dec 14 00:00:05 fedora systemd[1]: Closed systemd-udevd-control.socket - udev Control Socket.
Dec 14 00:00:05 fedora systemd[1]: systemd-udevd-kernel.socket: Deactivated successfully.
Dec 14 00:00:05 fedora systemd[1]: Closed systemd-udevd-kernel.socket - udev Kernel Socket.
Dec 14 00:00:05 fedora systemd[1]: dracut-pre-udev.service: Deactivated successfully.
Dec 14 00:00:05 fedora systemd[1]: Stopped dracut-pre-udev.service - dracut pre-udev hook.
Dec 14 00:00:05 fedora audit[1]: SERVICE_STOP pid=1 uid=0 auid=4294967295 ses=4294967295 subj=kernel msg='unit=dracut-pre-udev comm="systemd" exe="/usr/lib/systemd/systemd" hostname=? addr=? terminal=? res=success'
Dec 14 00:00:05 fedora systemd[1]: dracut-cmdline.service: Deactivated successfully.
Dec 14 00:00:05 fedora systemd[1]: Stopped dracut-cmdline.service - dracut cmdline hook.
Dec 14 00:00:05 fedora audit[1]: SERVICE_STOP pid=1 uid=0 auid=4294967295 ses=4294967295 subj=kernel msg='unit=dracut-cmdline comm="systemd" exe="/usr/lib/systemd/systemd" hostname=? addr=? terminal=? res=success'
Dec 14 00:00:05 fedora systemd[1]: dracut-cmdline-ask.service: Deactivated successfully.
Dec 14 00:00:05 fedora systemd[1]: Stopped dracut-cmdline-ask.service - dracut ask for additional cmdline parameters.
Dec 14 00:00:05 fedora audit[1]: SERVICE_STOP pid=1 uid=0 auid=4294967295 ses=4294967295 subj=kernel msg='unit=dracut-cmdline-ask comm="systemd" exe="/usr/lib/systemd/systemd" hostname=? addr=? terminal=? res=success'
Dec 14 00:00:05 fedora systemd[1]: Starting initrd-udevadm-cleanup-db.service - Cleanup udev Database...
Dec 14 00:00:05 fedora systemd[1]: systemd-tmpfiles-setup-dev.service: Deactivated successfully.
Dec 14 00:00:05 fedora systemd[1]: Stopped systemd-tmpfiles-setup-dev.service - Create Static Device Nodes in /dev.
Dec 14 00:00:05 fedora audit[1]: SERVICE_STOP pid=1 uid=0 auid=4294967295 ses=4294967295 subj=kernel msg='unit=systemd-tmpfiles-setup-dev comm="systemd" exe="/usr/lib/systemd/systemd" hostname=? addr=? terminal=? res=success'
Dec 14 00:00:05 fedora systemd[1]: kmod-static-nodes.service: Deactivated successfully.
Dec 14 00:00:05 fedora systemd[1]: Stopped kmod-static-nodes.service - Create List of Static Device Nodes.
Dec 14 00:00:05 fedora audit[1]: SERVICE_STOP pid=1 uid=0 auid=4294967295 ses=4294967295 subj=kernel msg='unit=kmod-static-nodes comm="systemd" exe="/usr/lib/systemd/systemd" hostname=? addr=? terminal=? res=success'
Dec 14 00:00:05 fedora systemd[1]: systemd-sysusers.service: Deactivated successfully.
Dec 14 00:00:05 fedora audit[1]: SERVICE_STOP pid=1 uid=0 auid=4294967295 ses=4294967295 subj=kernel msg='unit=systemd-sysusers comm="systemd" exe="/usr/lib/systemd/systemd" hostname=? addr=? terminal=? res=success'
Dec 14 00:00:05 fedora systemd[1]: Stopped systemd-sysusers.service - Create System Users.
Dec 14 00:00:05 fedora systemd[1]: run-credentials-systemd\x2dsysusers.service.mount: Deactivated successfully.
Dec 14 00:00:05 fedora systemd[1]: initrd-udevadm-cleanup-db.service: Deactivated successfully.
Dec 14 00:00:05 fedora systemd[1]: Finished initrd-udevadm-cleanup-db.service - Cleanup udev Database.
Dec 14 00:00:05 fedora audit[1]: SERVICE_START pid=1 uid=0 auid=4294967295 ses=4294967295 subj=kernel msg='unit=initrd-udevadm-cleanup-db comm="systemd" exe="/usr/lib/systemd/systemd" hostname=? addr=? terminal=? res=success'
Dec 14 00:00:05 fedora audit[1]: SERVICE_STOP pid=1 uid=0 auid=4294967295 ses=4294967295 subj=kernel msg='unit=initrd-udevadm-cleanup-db comm="systemd" exe="/usr/lib/systemd/systemd" hostname=? addr=? terminal=? res=success'
Dec 14 00:00:05 fedora systemd[1]: Reached target initrd-switch-root.target - Switch Root.
Dec 14 00:00:05 fedora systemd[1]: Starting initrd-switch-root.service - Switch Root...
Dec 14 00:00:06 fedora systemd[1]: Switching root.
Dec 14 00:00:06 fedora systemd-journald[244]: Journal stopped
Dec 16 15:23:50 fedora systemd-journald[244]: Received SIGTERM from PID 1 (systemd).
Dec 16 15:23:50 fedora kernel: macsmc-reboot macsmc-reboot: Handling reboot and poweroff requests via SMC
Dec 16 15:23:50 fedora kernel: macsmc-rtc macsmc-rtc: registered as rtc0
Dec 16 15:23:50 fedora kernel: macsmc-rtc macsmc-rtc: setting system clock to 2022-12-16T15:23:48 UTC (1671204228)
Dec 16 15:23:50 fedora kernel: SELinux:  Class user_namespace not defined in policy.
Dec 16 15:23:50 fedora kernel: SELinux: the above unknown classes and permissions will be allowed
Dec 16 15:23:50 fedora kernel: SELinux:  policy capability network_peer_controls=1
Dec 16 15:23:50 fedora kernel: SELinux:  policy capability open_perms=1
Dec 16 15:23:50 fedora kernel: SELinux:  policy capability extended_socket_class=1
Dec 16 15:23:50 fedora kernel: SELinux:  policy capability always_check_network=0
Dec 16 15:23:50 fedora kernel: SELinux:  policy capability cgroup_seclabel=1
Dec 16 15:23:50 fedora kernel: SELinux:  policy capability nnp_nosuid_transition=1
Dec 16 15:23:50 fedora kernel: SELinux:  policy capability genfs_seclabel_symlinks=1
Dec 16 15:23:50 fedora kernel: SELinux:  policy capability ioctl_skip_cloexec=0
Dec 16 15:23:50 fedora systemd[1]: Successfully loaded SELinux policy in 555.693ms.
Dec 16 15:23:50 fedora systemd[1]: Relabelled /dev, /dev/shm, /run, /sys/fs/cgroup in 58.305ms.
Dec 16 15:23:50 fedora systemd[1]: systemd 251.9-587.fc37 running in system mode (+PAM +AUDIT +SELINUX -APPARMOR +IMA +SMACK +SECCOMP -GCRYPT +GNUTLS +OPENSSL +ACL +BLKID +CURL +ELFUTILS +FIDO2 +IDN2 -IDN -IPTC +KMOD +LIBCRYPTSETUP +LIBFDISK +PCRE2 +PWQUALITY +P11KIT +QRENCODE +TPM2 +BZIP2 +LZ4 +XZ +ZLIB +ZSTD +BPF_FRAMEWORK +XKBCOMMON +UTMP +SYSVINIT default-hierarchy=unified)
Dec 16 15:23:50 fedora systemd[1]: Detected architecture arm64.
Dec 16 15:23:50 fedora systemd[1]: bpf-lsm: Failed to load BPF object: No such process
Dec 16 15:23:50 fedora kernel: flatpak (760) used greatest stack depth: 8784 bytes left
Dec 16 15:23:50 fedora systemd-gpt-auto-generator[780]: Failed to dissect: Permission denied
Dec 16 15:23:50 fedora kernel: zram: Added device: zram0
Dec 16 15:23:50 fedora systemd[761]: /usr/lib/systemd/system-generators/systemd-gpt-auto-generator failed with exit status 1.
Dec 16 15:23:50 fedora systemd[1]: initrd-switch-root.service: Deactivated successfully.
Dec 16 15:23:50 fedora systemd[1]: Stopped initrd-switch-root.service - Switch Root.
Dec 16 15:23:50 fedora systemd[1]: systemd-journald.service: Scheduled restart job, restart counter is at 1.
Dec 16 15:23:50 fedora systemd[1]: Created slice machine.slice - Virtual Machine and Container Slice.
Dec 16 15:23:50 fedora systemd[1]: Created slice system-getty.slice - Slice /system/getty.
Dec 16 15:23:50 fedora systemd[1]: Created slice system-modprobe.slice - Slice /system/modprobe.
Dec 16 15:23:50 fedora systemd[1]: Created slice system-sshd\x2dkeygen.slice - Slice /system/sshd-keygen.
Dec 16 15:23:50 fedora systemd[1]: Created slice system-systemd\x2dgrowfs.slice - Slice /system/systemd-growfs.
Dec 16 15:23:50 fedora systemd[1]: Created slice system-systemd\x2dzram\x2dsetup.slice - Slice /system/systemd-zram-setup.
Dec 16 15:23:50 fedora systemd[1]: Created slice user.slice - User and Session Slice.
Dec 16 15:23:50 fedora systemd[1]: systemd-ask-password-console.path - Dispatch Password Requests to Console Directory Watch was skipped because of a failed condition check (ConditionPathExists=!/run/plymouth/pid).
Dec 16 15:23:50 fedora systemd[1]: Started systemd-ask-password-wall.path - Forward Password Requests to Wall Directory Watch.
Dec 16 15:23:50 fedora systemd[1]: Set up automount proc-sys-fs-binfmt_misc.automount - Arbitrary Executable File Formats File System Automount Point.
Dec 16 15:23:50 fedora systemd[1]: Reached target cryptsetup.target - Local Encrypted Volumes.
Dec 16 15:23:50 fedora systemd[1]: Reached target getty.target - Login Prompts.
Dec 16 15:23:50 fedora systemd[1]: Stopped target initrd-switch-root.target - Switch Root.
Dec 16 15:23:50 fedora systemd[1]: Stopped target initrd-fs.target - Initrd File Systems.
Dec 16 15:23:50 fedora systemd[1]: Stopped target initrd-root-fs.target - Initrd Root File System.
Dec 16 15:23:50 fedora systemd[1]: Reached target integritysetup.target - Local Integrity Protected Volumes.
Dec 16 15:23:50 fedora systemd[1]: Reached target rpc_pipefs.target.
Dec 16 15:23:50 fedora systemd[1]: Reached target slices.target - Slice Units.
Dec 16 15:23:50 fedora systemd[1]: Reached target veritysetup.target - Local Verity Protected Volumes.
Dec 16 15:23:50 fedora systemd[1]: Listening on dm-event.socket - Device-mapper event daemon FIFOs.
Dec 16 15:23:50 fedora systemd[1]: Listening on lvm2-lvmpolld.socket - LVM2 poll daemon socket.
Dec 16 15:23:50 fedora systemd[1]: multipathd.socket - multipathd control socket was skipped because of a failed condition check (ConditionKernelCommandLine=!multipath=off).
Dec 16 15:23:50 fedora systemd[1]: Listening on systemd-coredump.socket - Process Core Dump Socket.
Dec 16 15:23:50 fedora systemd[1]: Listening on systemd-initctl.socket - initctl Compatibility Named Pipe.
Dec 16 15:23:50 fedora systemd[1]: Listening on systemd-oomd.socket - Userspace Out-Of-Memory (OOM) Killer Socket.
Dec 16 15:23:50 fedora systemd[1]: Listening on systemd-udevd-control.socket - udev Control Socket.
Dec 16 15:23:50 fedora systemd[1]: Listening on systemd-udevd-kernel.socket - udev Kernel Socket.
Dec 16 15:23:50 fedora systemd[1]: Listening on systemd-userdbd.socket - User Database Manager Socket.
Dec 16 15:23:50 fedora systemd[1]: Mounting dev-hugepages.mount - Huge Pages File System...
Dec 16 15:23:50 fedora systemd[1]: Mounting dev-mqueue.mount - POSIX Message Queue File System...
Dec 16 15:23:50 fedora systemd[1]: Mounting sys-kernel-debug.mount - Kernel Debug File System...
Dec 16 15:23:50 fedora systemd[1]: Mounting sys-kernel-tracing.mount - Kernel Trace File System...
Dec 16 15:23:50 fedora systemd[1]: auth-rpcgss-module.service - Kernel Module supporting RPCSEC_GSS was skipped because of a failed condition check (ConditionPathExists=/etc/krb5.keytab).
Dec 16 15:23:50 fedora systemd[1]: Starting kmod-static-nodes.service - Create List of Static Device Nodes...
Dec 16 15:23:50 fedora systemd[1]: Starting lvm2-monitor.service - Monitoring of LVM2 mirrors, snapshots etc. using dmeventd or progress polling...
Dec 16 15:23:50 fedora systemd[1]: Starting modprobe@configfs.service - Load Kernel Module configfs...
Dec 16 15:23:50 fedora systemd[1]: Starting modprobe@drm.service - Load Kernel Module drm...
Dec 16 15:23:50 fedora systemd[1]: Starting modprobe@fuse.service - Load Kernel Module fuse...
Dec 16 15:23:50 fedora systemd[1]: plymouth-switch-root.service: Deactivated successfully.
Dec 16 15:23:50 fedora systemd[1]: Stopped plymouth-switch-root.service - Plymouth switch root service.
Dec 16 15:23:50 fedora systemd[1]: Stopped systemd-journald.service - Journal Service.
Dec 16 15:23:50 fedora systemd[1]: Starting systemd-journald.service - Journal Service...
Dec 16 15:23:50 fedora systemd[1]: Starting systemd-modules-load.service - Load Kernel Modules...
Dec 16 15:23:50 fedora systemd[1]: Starting systemd-network-generator.service - Generate network units from Kernel command line...
Dec 16 15:23:50 fedora systemd[1]: Starting systemd-remount-fs.service - Remount Root and Kernel File Systems...
Dec 16 15:23:50 fedora systemd[1]: systemd-repart.service - Repartition Root Disk was skipped because all trigger condition checks failed.
Dec 16 15:23:50 fedora systemd[1]: Starting systemd-udev-trigger.service - Coldplug All udev Devices...
Dec 16 15:23:50 fedora systemd[1]: Mounted dev-hugepages.mount - Huge Pages File System.
Dec 16 15:23:50 fedora systemd[1]: Mounted dev-mqueue.mount - POSIX Message Queue File System.
Dec 16 15:23:50 fedora systemd[1]: Mounted sys-kernel-debug.mount - Kernel Debug File System.
Dec 16 15:23:50 fedora systemd[1]: Mounted sys-kernel-tracing.mount - Kernel Trace File System.
Dec 16 15:23:50 fedora systemd[1]: Finished kmod-static-nodes.service - Create List of Static Device Nodes.
Dec 16 15:23:50 fedora systemd[1]: modprobe@configfs.service: Deactivated successfully.
Dec 16 15:23:50 fedora systemd[1]: Finished modprobe@configfs.service - Load Kernel Module configfs.
Dec 16 15:23:50 fedora systemd[1]: modprobe@drm.service: Deactivated successfully.
Dec 16 15:23:50 fedora systemd[1]: Finished modprobe@drm.service - Load Kernel Module drm.
Dec 16 15:23:50 fedora systemd[1]: modprobe@fuse.service: Deactivated successfully.
Dec 16 15:23:50 fedora kernel: BTRFS info (device nvme0n1p6: state M): use zstd compression, level 1
Dec 16 15:23:50 fedora systemd[1]: Finished modprobe@fuse.service - Load Kernel Module fuse.
Dec 16 15:23:50 fedora systemd[1]: Finished systemd-modules-load.service - Load Kernel Modules.
Dec 16 15:23:50 fedora systemd[1]: Finished systemd-network-generator.service - Generate network units from Kernel command line.
Dec 16 15:23:50 fedora systemd-journald[802]: Journal started
Dec 16 15:23:50 fedora systemd-journald[802]: Runtime Journal (/run/log/journal/e44c90ab44a54439af5e150c4c846e6c) is 8.0M, max 150.7M, 142.7M free.
Dec 16 15:23:48 fedora audit: MAC_STATUS enforcing=1 old_enforcing=0 auid=4294967295 ses=4294967295 enabled=1 old-enabled=1 lsm=selinux res=1
Dec 16 15:23:49 fedora audit: MAC_POLICY_LOAD auid=4294967295 ses=4294967295 lsm=selinux res=1
Dec 16 15:23:49 fedora audit: BPF prog-id=26 op=LOAD
Dec 16 15:23:49 fedora audit: BPF prog-id=0 op=UNLOAD
Dec 16 15:23:49 fedora audit: BPF prog-id=27 op=LOAD
Dec 16 15:23:49 fedora audit: BPF prog-id=0 op=UNLOAD
Dec 16 15:23:49 fedora audit: BPF prog-id=28 op=LOAD
Dec 16 15:23:49 fedora audit: BPF prog-id=0 op=UNLOAD
Dec 16 15:23:49 fedora audit: BPF prog-id=29 op=LOAD
Dec 16 15:23:49 fedora audit: BPF prog-id=0 op=UNLOAD
Dec 16 15:23:49 fedora audit: BPF prog-id=30 op=LOAD
Dec 16 15:23:49 fedora audit: BPF prog-id=0 op=UNLOAD
Dec 16 15:23:49 fedora audit: BPF prog-id=31 op=LOAD
Dec 16 15:23:49 fedora audit: BPF prog-id=32 op=LOAD
Dec 16 15:23:49 fedora audit: BPF prog-id=0 op=UNLOAD
Dec 16 15:23:49 fedora audit: BPF prog-id=0 op=UNLOAD
Dec 16 15:23:49 fedora audit: BPF prog-id=33 op=LOAD
Dec 16 15:23:49 fedora audit: BPF prog-id=0 op=UNLOAD
Dec 16 15:23:49 fedora audit: BPF prog-id=34 op=LOAD
Dec 16 15:23:49 fedora audit: BPF prog-id=0 op=UNLOAD
Dec 16 15:23:49 fedora audit: BPF prog-id=35 op=LOAD
Dec 16 15:23:49 fedora audit: BPF prog-id=0 op=UNLOAD
Dec 16 15:23:49 fedora audit: BPF prog-id=36 op=LOAD
Dec 16 15:23:49 fedora audit: BPF prog-id=0 op=UNLOAD
Dec 16 15:23:49 fedora audit: BPF prog-id=37 op=LOAD
Dec 16 15:23:49 fedora audit: BPF prog-id=38 op=LOAD
Dec 16 15:23:49 fedora audit: BPF prog-id=0 op=UNLOAD
Dec 16 15:23:49 fedora audit: BPF prog-id=39 op=LOAD
Dec 16 15:23:49 fedora audit: BPF prog-id=0 op=UNLOAD
Dec 16 15:23:49 fedora audit: BPF prog-id=0 op=UNLOAD
Dec 16 15:23:49 fedora audit: BPF prog-id=40 op=LOAD
Dec 16 15:23:49 fedora audit: BPF prog-id=0 op=UNLOAD
Dec 16 15:23:50 fedora systemd[1]: Finished systemd-remount-fs.service - Remount Root and Kernel File Systems.
Dec 16 15:23:50 fedora systemd[1]: Started systemd-journald.service - Journal Service.
Dec 16 15:23:50 fedora audit: BPF prog-id=41 op=LOAD
Dec 16 15:23:50 fedora audit: BPF prog-id=0 op=UNLOAD
Dec 16 15:23:50 fedora audit: BPF prog-id=42 op=LOAD
Dec 16 15:23:50 fedora audit: BPF prog-id=43 op=LOAD
Dec 16 15:23:50 fedora audit: BPF prog-id=0 op=UNLOAD
Dec 16 15:23:50 fedora audit: BPF prog-id=0 op=UNLOAD
Dec 16 15:23:50 fedora audit[1]: SERVICE_STOP pid=1 uid=0 auid=4294967295 ses=4294967295 subj=system_u:system_r:init_t:s0 msg='unit=systemd-journald comm="systemd" exe="/usr/lib/systemd/systemd" hostname=? addr=? terminal=? res=success'
Dec 16 15:23:50 fedora audit[1]: SERVICE_START pid=1 uid=0 auid=4294967295 ses=4294967295 subj=system_u:system_r:init_t:s0 msg='unit=initrd-switch-root comm="systemd" exe="/usr/lib/systemd/systemd" hostname=? addr=? terminal=? res=success'
Dec 16 15:23:50 fedora audit[1]: SERVICE_STOP pid=1 uid=0 auid=4294967295 ses=4294967295 subj=system_u:system_r:init_t:s0 msg='unit=initrd-switch-root comm="systemd" exe="/usr/lib/systemd/systemd" hostname=? addr=? terminal=? res=success'
Dec 16 15:23:50 fedora audit: BPF prog-id=0 op=UNLOAD
Dec 16 15:23:50 fedora audit[1]: SERVICE_STOP pid=1 uid=0 auid=4294967295 ses=4294967295 subj=system_u:system_r:init_t:s0 msg='unit=plymouth-switch-root comm="systemd" exe="/usr/lib/systemd/systemd" hostname=? addr=? terminal=? res=success'
Dec 16 15:23:50 fedora audit[1]: SERVICE_START pid=1 uid=0 auid=4294967295 ses=4294967295 subj=system_u:system_r:init_t:s0 msg='unit=systemd-journald comm="systemd" exe="/usr/lib/systemd/systemd" hostname=? addr=? terminal=? res=success'
Dec 16 15:23:50 fedora audit[1]: SERVICE_STOP pid=1 uid=0 auid=4294967295 ses=4294967295 subj=system_u:system_r:init_t:s0 msg='unit=systemd-journald comm="systemd" exe="/usr/lib/systemd/systemd" hostname=? addr=? terminal=? res=success'
Dec 16 15:23:50 fedora audit: BPF prog-id=44 op=LOAD
Dec 16 15:23:50 fedora audit: BPF prog-id=45 op=LOAD
Dec 16 15:23:50 fedora audit: BPF prog-id=46 op=LOAD
Dec 16 15:23:50 fedora audit: BPF prog-id=0 op=UNLOAD
Dec 16 15:23:50 fedora audit: BPF prog-id=0 op=UNLOAD
Dec 16 15:23:50 fedora audit[1]: SERVICE_START pid=1 uid=0 auid=4294967295 ses=4294967295 subj=system_u:system_r:init_t:s0 msg='unit=kmod-static-nodes comm="systemd" exe="/usr/lib/systemd/systemd" hostname=? addr=? terminal=? res=success'
Dec 16 15:23:50 fedora audit: CONFIG_CHANGE op=set audit_enabled=1 old=1 auid=4294967295 ses=4294967295 subj=system_u:system_r:syslogd_t:s0 res=1
Dec 16 15:23:50 fedora audit[802]: SYSCALL arch=c00000b7 syscall=211 success=yes exit=60 a0=4 a1=fffff84c2400 a2=4000 a3=1 items=0 ppid=1 pid=802 auid=4294967295 uid=0 gid=0 euid=0 suid=0 fsuid=0 egid=0 sgid=0 fsgid=0 tty=(none) ses=4294967295 comm="systemd-journal" exe="/usr/lib/systemd/systemd-journald" subj=system_u:system_r:syslogd_t:s0 key=(null)
Dec 16 15:23:50 fedora audit: PROCTITLE proctitle="/usr/lib/systemd/systemd-journald"
Dec 16 15:23:50 fedora audit[1]: SERVICE_START pid=1 uid=0 auid=4294967295 ses=4294967295 subj=system_u:system_r:init_t:s0 msg='unit=modprobe@configfs comm="systemd" exe="/usr/lib/systemd/systemd" hostname=? addr=? terminal=? res=success'
Dec 16 15:23:50 fedora audit[1]: SERVICE_STOP pid=1 uid=0 auid=4294967295 ses=4294967295 subj=system_u:system_r:init_t:s0 msg='unit=modprobe@configfs comm="systemd" exe="/usr/lib/systemd/systemd" hostname=? addr=? terminal=? res=success'
Dec 16 15:23:50 fedora audit[1]: SERVICE_START pid=1 uid=0 auid=4294967295 ses=4294967295 subj=system_u:system_r:init_t:s0 msg='unit=modprobe@drm comm="systemd" exe="/usr/lib/systemd/systemd" hostname=? addr=? terminal=? res=success'
Dec 16 15:23:50 fedora audit[1]: SERVICE_STOP pid=1 uid=0 auid=4294967295 ses=4294967295 subj=system_u:system_r:init_t:s0 msg='unit=modprobe@drm comm="systemd" exe="/usr/lib/systemd/systemd" hostname=? addr=? terminal=? res=success'
Dec 16 15:23:50 fedora audit[1]: SERVICE_START pid=1 uid=0 auid=4294967295 ses=4294967295 subj=system_u:system_r:init_t:s0 msg='unit=modprobe@fuse comm="systemd" exe="/usr/lib/systemd/systemd" hostname=? addr=? terminal=? res=success'
Dec 16 15:23:50 fedora audit[1]: SERVICE_STOP pid=1 uid=0 auid=4294967295 ses=4294967295 subj=system_u:system_r:init_t:s0 msg='unit=modprobe@fuse comm="systemd" exe="/usr/lib/systemd/systemd" hostname=? addr=? terminal=? res=success'
Dec 16 15:23:50 fedora audit[1]: SERVICE_START pid=1 uid=0 auid=4294967295 ses=4294967295 subj=system_u:system_r:init_t:s0 msg='unit=systemd-modules-load comm="systemd" exe="/usr/lib/systemd/systemd" hostname=? addr=? terminal=? res=success'
Dec 16 15:23:50 fedora audit[1]: SERVICE_START pid=1 uid=0 auid=4294967295 ses=4294967295 subj=system_u:system_r:init_t:s0 msg='unit=systemd-network-generator comm="systemd" exe="/usr/lib/systemd/systemd" hostname=? addr=? terminal=? res=success'
Dec 16 15:23:50 fedora audit[1]: SERVICE_START pid=1 uid=0 auid=4294967295 ses=4294967295 subj=system_u:system_r:init_t:s0 msg='unit=systemd-remount-fs comm="systemd" exe="/usr/lib/systemd/systemd" hostname=? addr=? terminal=? res=success'
Dec 16 15:23:50 fedora audit[1]: SERVICE_START pid=1 uid=0 auid=4294967295 ses=4294967295 subj=system_u:system_r:init_t:s0 msg='unit=systemd-journald comm="systemd" exe="/usr/lib/systemd/systemd" hostname=? addr=? terminal=? res=success'
Dec 16 15:23:50 fedora systemd[1]: Queued start job for default target graphical.target.
Dec 16 15:23:50 fedora systemd[1]: systemd-journald.service: Deactivated successfully.
Dec 16 15:23:50 fedora systemd[1]: Reached target network-pre.target - Preparation for Network.
Dec 16 15:23:50 fedora systemd[1]: Mounting sys-fs-fuse-connections.mount - FUSE Control File System...
Dec 16 15:23:50 fedora systemd[1]: Mounting sys-kernel-config.mount - Kernel Configuration File System...
Dec 16 15:23:50 fedora systemd[1]: iscsi-onboot.service - Special handling of early boot iSCSI sessions was skipped because of a failed condition check (ConditionDirectoryNotEmpty=/sys/class/iscsi_session).
Dec 16 15:23:50 fedora systemd[1]: multipathd.service - Device-Mapper Multipath Device Controller was skipped because of a failed condition check (ConditionKernelCommandLine=!multipath=off).
Dec 16 15:23:50 fedora systemd[1]: ostree-remount.service - OSTree Remount OS/ Bind Mounts was skipped because of a failed condition check (ConditionKernelCommandLine=ostree).
Dec 16 15:23:50 fedora systemd[1]: systemd-firstboot.service - First Boot Wizard was skipped because of a failed condition check (ConditionFirstBoot=yes).
Dec 16 15:23:50 fedora systemd[1]: Starting systemd-growfs@-.service - Grow File System on /...
Dec 16 15:23:50 fedora systemd[1]: systemd-hwdb-update.service - Rebuild Hardware Database was skipped because of a failed condition check (ConditionNeedsUpdate=/etc).
Dec 16 15:23:50 fedora systemd[1]: Starting systemd-journal-flush.service - Flush Journal to Persistent Storage...
Dec 16 15:23:50 fedora systemd[1]: Starting systemd-random-seed.service - Load/Save Random Seed...
Dec 16 15:23:50 fedora systemd[1]: Starting systemd-sysctl.service - Apply Kernel Variables...
Dec 16 15:23:50 fedora systemd[1]: systemd-sysusers.service - Create System Users was skipped because of a failed condition check (ConditionNeedsUpdate=/etc).
Dec 16 15:23:50 fedora systemd-journald[802]: Time spent on flushing to /var/log/journal/e44c90ab44a54439af5e150c4c846e6c is 147.845ms for 963 entries.
Dec 16 15:23:50 fedora systemd-journald[802]: System Journal (/var/log/journal/e44c90ab44a54439af5e150c4c846e6c) is 1.0G, max 4.0G, 2.9G free.
Dec 16 15:23:50 fedora systemd-journald[802]: Received client request to flush runtime journal.
Dec 16 15:23:50 fedora kernel: nvme-apple 27bcc0000.nvme: RTKit: syslog message: blog.c:105: New BlogBuf low 28
Dec 16 15:23:50 fedora audit[1]: SERVICE_START pid=1 uid=0 auid=4294967295 ses=4294967295 subj=system_u:system_r:init_t:s0 msg='unit=systemd-growfs@- comm="systemd" exe="/usr/lib/systemd/systemd" hostname=? addr=? terminal=? res=success'
Dec 16 15:23:50 fedora audit[1]: SERVICE_START pid=1 uid=0 auid=4294967295 ses=4294967295 subj=system_u:system_r:init_t:s0 msg='unit=systemd-sysctl comm="systemd" exe="/usr/lib/systemd/systemd" hostname=? addr=? terminal=? res=success'
Dec 16 15:23:50 fedora audit[1]: SERVICE_START pid=1 uid=0 auid=4294967295 ses=4294967295 subj=system_u:system_r:init_t:s0 msg='unit=systemd-random-seed comm="systemd" exe="/usr/lib/systemd/systemd" hostname=? addr=? terminal=? res=success'
Dec 16 15:23:50 fedora audit[1]: SERVICE_START pid=1 uid=0 auid=4294967295 ses=4294967295 subj=system_u:system_r:init_t:s0 msg='unit=systemd-tmpfiles-setup-dev comm="systemd" exe="/usr/lib/systemd/systemd" hostname=? addr=? terminal=? res=success'
Dec 16 15:23:50 fedora audit: BPF prog-id=47 op=LOAD
Dec 16 15:23:50 fedora audit: BPF prog-id=48 op=LOAD
Dec 16 15:23:50 fedora audit: BPF prog-id=0 op=UNLOAD
Dec 16 15:23:50 fedora audit: BPF prog-id=0 op=UNLOAD
Dec 16 15:23:50 fedora audit[1]: SERVICE_START pid=1 uid=0 auid=4294967295 ses=4294967295 subj=system_u:system_r:init_t:s0 msg='unit=systemd-udevd comm="systemd" exe="/usr/lib/systemd/systemd" hostname=? addr=? terminal=? res=success'
Dec 16 15:23:50 fedora systemd[1]: Starting systemd-tmpfiles-setup-dev.service - Create Static Device Nodes in /dev...
Dec 16 15:23:50 fedora systemd[1]: Mounted sys-fs-fuse-connections.mount - FUSE Control File System.
Dec 16 15:23:50 fedora systemd[1]: Mounted sys-kernel-config.mount - Kernel Configuration File System.
Dec 16 15:23:50 fedora systemd-growfs[810]: Successfully resized "/" to 110.3G bytes.
Dec 16 15:23:50 fedora systemd[1]: Finished systemd-growfs@-.service - Grow File System on /.
Dec 16 15:23:50 fedora systemd[1]: Finished systemd-sysctl.service - Apply Kernel Variables.
Dec 16 15:23:50 fedora systemd[1]: Finished systemd-random-seed.service - Load/Save Random Seed.
Dec 16 15:23:50 fedora systemd[1]: Finished systemd-tmpfiles-setup-dev.service - Create Static Device Nodes in /dev.
Dec 16 15:23:50 fedora systemd[1]: first-boot-complete.target - First Boot Complete was skipped because of a failed condition check (ConditionFirstBoot=yes).
Dec 16 15:23:50 fedora audit[1]: SERVICE_START pid=1 uid=0 auid=4294967295 ses=4294967295 subj=system_u:system_r:init_t:s0 msg='unit=systemd-journal-flush comm="systemd" exe="/usr/lib/systemd/systemd" hostname=? addr=? terminal=? res=success'
